../Core/Src/main.c:172:5:main	8	static
../Core/Src/main.c:292:6:SystemClock_Config	88	static
../Core/Src/main.c:341:13:MX_I2C1_Init	8	static
../Core/Src/main.c:375:13:MX_I2C2_Init	8	static
../Core/Src/main.c:409:13:MX_IWDG_Init	8	static
../Core/Src/main.c:437:13:MX_RTC_Init	8	static
../Core/Src/main.c:472:13:MX_TIM1_Init	32	static
../Core/Src/main.c:518:13:MX_TIM2_Init	32	static
../Core/Src/main.c:563:13:MX_TIM3_Init	64	static
../Core/Src/main.c:622:13:MX_TIM4_Init	48	static
../Core/Src/main.c:680:13:MX_TIM5_Init	32	static
../Core/Src/main.c:725:13:MX_USART1_UART_Init	8	static
../Core/Src/main.c:756:13:MX_DMA_Init	16	static
../Core/Src/main.c:784:13:MX_GPIO_Init	48	static
../Core/Src/main.c:847:6:vTaskIdle	16	static
../Core/Src/main.c:869:6:vTaskModeManager	16	static
../Core/Src/main.c:883:6:vTaskPID	16	static
../Core/Src/main.c:897:6:vTaskCOM	16	static
../Core/Src/main.c:911:6:vTaskSensorActuator	24	static
../Core/Src/main.c:937:6:Error_Handler	4	static,ignoring_inline_asm
