Archive member included to satisfy reference by file (symbol)

/opt/st/stm32cubeide_1.12.1/plugins/com.st.stm32cube.ide.mcu.externaltools.gnu-tools-for-stm32.10.3-2021.10.linux64_1.0.200.202301161003/tools/bin/../lib/gcc/arm-none-eabi/10.3.1/../../../../arm-none-eabi/lib/thumb/v7e-m+fp/hard/libc_nano.a(lib_a-errno.o)
                              ./Core/Src/syscalls.o (__errno)
/opt/st/stm32cubeide_1.12.1/plugins/com.st.stm32cube.ide.mcu.externaltools.gnu-tools-for-stm32.10.3-2021.10.linux64_1.0.200.202301161003/tools/bin/../lib/gcc/arm-none-eabi/10.3.1/../../../../arm-none-eabi/lib/thumb/v7e-m+fp/hard/libc_nano.a(lib_a-exit.o)
                              /opt/st/stm32cubeide_1.12.1/plugins/com.st.stm32cube.ide.mcu.externaltools.gnu-tools-for-stm32.10.3-2021.10.linux64_1.0.200.202301161003/tools/bin/../lib/gcc/arm-none-eabi/10.3.1/../../../../arm-none-eabi/lib/thumb/v7e-m+fp/hard/crt0.o (exit)
/opt/st/stm32cubeide_1.12.1/plugins/com.st.stm32cube.ide.mcu.externaltools.gnu-tools-for-stm32.10.3-2021.10.linux64_1.0.200.202301161003/tools/bin/../lib/gcc/arm-none-eabi/10.3.1/../../../../arm-none-eabi/lib/thumb/v7e-m+fp/hard/libc_nano.a(lib_a-impure.o)
                              /opt/st/stm32cubeide_1.12.1/plugins/com.st.stm32cube.ide.mcu.externaltools.gnu-tools-for-stm32.10.3-2021.10.linux64_1.0.200.202301161003/tools/bin/../lib/gcc/arm-none-eabi/10.3.1/../../../../arm-none-eabi/lib/thumb/v7e-m+fp/hard/libc_nano.a(lib_a-exit.o) (_global_impure_ptr)
/opt/st/stm32cubeide_1.12.1/plugins/com.st.stm32cube.ide.mcu.externaltools.gnu-tools-for-stm32.10.3-2021.10.linux64_1.0.200.202301161003/tools/bin/../lib/gcc/arm-none-eabi/10.3.1/../../../../arm-none-eabi/lib/thumb/v7e-m+fp/hard/libc_nano.a(lib_a-init.o)
                              /opt/st/stm32cubeide_1.12.1/plugins/com.st.stm32cube.ide.mcu.externaltools.gnu-tools-for-stm32.10.3-2021.10.linux64_1.0.200.202301161003/tools/bin/../lib/gcc/arm-none-eabi/10.3.1/../../../../arm-none-eabi/lib/thumb/v7e-m+fp/hard/crt0.o (__libc_init_array)
/opt/st/stm32cubeide_1.12.1/plugins/com.st.stm32cube.ide.mcu.externaltools.gnu-tools-for-stm32.10.3-2021.10.linux64_1.0.200.202301161003/tools/bin/../lib/gcc/arm-none-eabi/10.3.1/../../../../arm-none-eabi/lib/thumb/v7e-m+fp/hard/libc_nano.a(lib_a-memcpy-stub.o)
                              ./Core/Src/main.o (memcpy)
/opt/st/stm32cubeide_1.12.1/plugins/com.st.stm32cube.ide.mcu.externaltools.gnu-tools-for-stm32.10.3-2021.10.linux64_1.0.200.202301161003/tools/bin/../lib/gcc/arm-none-eabi/10.3.1/../../../../arm-none-eabi/lib/thumb/v7e-m+fp/hard/libc_nano.a(lib_a-memset.o)
                              /opt/st/stm32cubeide_1.12.1/plugins/com.st.stm32cube.ide.mcu.externaltools.gnu-tools-for-stm32.10.3-2021.10.linux64_1.0.200.202301161003/tools/bin/../lib/gcc/arm-none-eabi/10.3.1/../../../../arm-none-eabi/lib/thumb/v7e-m+fp/hard/crt0.o (memset)
/opt/st/stm32cubeide_1.12.1/plugins/com.st.stm32cube.ide.mcu.externaltools.gnu-tools-for-stm32.10.3-2021.10.linux64_1.0.200.202301161003/tools/bin/../lib/gcc/arm-none-eabi/10.3.1/../../../../arm-none-eabi/lib/thumb/v7e-m+fp/hard/libc_nano.a(lib_a-sprintf.o)
                              ./Core/Src/main.o (sprintf)
/opt/st/stm32cubeide_1.12.1/plugins/com.st.stm32cube.ide.mcu.externaltools.gnu-tools-for-stm32.10.3-2021.10.linux64_1.0.200.202301161003/tools/bin/../lib/gcc/arm-none-eabi/10.3.1/../../../../arm-none-eabi/lib/thumb/v7e-m+fp/hard/libc_nano.a(lib_a-strcmp.o)
                              ./Core/Src/main.o (strcmp)
/opt/st/stm32cubeide_1.12.1/plugins/com.st.stm32cube.ide.mcu.externaltools.gnu-tools-for-stm32.10.3-2021.10.linux64_1.0.200.202301161003/tools/bin/../lib/gcc/arm-none-eabi/10.3.1/../../../../arm-none-eabi/lib/thumb/v7e-m+fp/hard/libc_nano.a(lib_a-strcpy.o)
                              ./Drivers/VL53L0X/Api/core/src/vl53l0x_api_core.o (strcpy)
/opt/st/stm32cubeide_1.12.1/plugins/com.st.stm32cube.ide.mcu.externaltools.gnu-tools-for-stm32.10.3-2021.10.linux64_1.0.200.202301161003/tools/bin/../lib/gcc/arm-none-eabi/10.3.1/../../../../arm-none-eabi/lib/thumb/v7e-m+fp/hard/libc_nano.a(lib_a-strlen.o)
                              ./Core/Src/main.o (strlen)
/opt/st/stm32cubeide_1.12.1/plugins/com.st.stm32cube.ide.mcu.externaltools.gnu-tools-for-stm32.10.3-2021.10.linux64_1.0.200.202301161003/tools/bin/../lib/gcc/arm-none-eabi/10.3.1/../../../../arm-none-eabi/lib/thumb/v7e-m+fp/hard/libc_nano.a(lib_a-nano-svfprintf.o)
                              /opt/st/stm32cubeide_1.12.1/plugins/com.st.stm32cube.ide.mcu.externaltools.gnu-tools-for-stm32.10.3-2021.10.linux64_1.0.200.202301161003/tools/bin/../lib/gcc/arm-none-eabi/10.3.1/../../../../arm-none-eabi/lib/thumb/v7e-m+fp/hard/libc_nano.a(lib_a-sprintf.o) (_svfprintf_r)
/opt/st/stm32cubeide_1.12.1/plugins/com.st.stm32cube.ide.mcu.externaltools.gnu-tools-for-stm32.10.3-2021.10.linux64_1.0.200.202301161003/tools/bin/../lib/gcc/arm-none-eabi/10.3.1/../../../../arm-none-eabi/lib/thumb/v7e-m+fp/hard/libc_nano.a(lib_a-nano-vfprintf_i.o)
[...]
Memory Configuration

Name             Origin             Length             Attributes
RAM              0x0000000020000000 0x0000000000020000 xrw
FLASH            0x0000000008000000 0x0000000000080000 xr
*default*        0x0000000000000000 0xffffffffffffffff

Linker script and memory map

LOAD /opt/st/stm32cubeide_1.12.1/plugins/com.st.stm32cube.ide.mcu.externaltools.gnu-tools-for-stm32.10.3-2021.10.linux64_1.0.200.202301161003/tools/bin/../lib/gcc/arm-none-eabi/10.3.1/thumb/v7e-m+fp/hard/crti.o
LOAD /opt/st/stm32cubeide_1.12.1/plugins/com.st.stm32cube.ide.mcu.externaltools.gnu-tools-for-stm32.10.3-2021.10.linux64_1.0.200.202301161003/tools/bin/../lib/gcc/arm-none-eabi/10.3.1/thumb/v7e-m+fp/hard/crtbegin.o
LOAD /opt/st/stm32cubeide_1.12.1/plugins/com.st.stm32cube.ide.mcu.externaltools.gnu-tools-for-stm32.10.3-2021.10.linux64_1.0.200.202301161003/tools/bin/../lib/gcc/arm-none-eabi/10.3.1/../../../../arm-none-eabi/lib/thumb/v7e-m+fp/hard/crt0.o
LOAD ./Core/Src/EEPROMTypes.o
LOAD ./Core/Src/ErrorHandling.o
LOAD ./Core/Src/main.o
LOAD ./Core/Src/stm32f4xx_hal_msp.o
LOAD ./Core/Src/stm32f4xx_it.o
LOAD ./Core/Src/syscalls.o
LOAD ./Core/Src/sysmem.o
LOAD ./Core/Src/system_stm32f4xx.o
LOAD ./Core/Startup/startup_stm32f411ceux.o
LOAD ./Drivers/STM32F4xx_HAL_Driver/Src/stm32f4xx_hal.o
LOAD ./Drivers/STM32F4xx_HAL_Driver/Src/stm32f4xx_hal_cortex.o
LOAD ./Drivers/STM32F4xx_HAL_Driver/Src/stm32f4xx_hal_dma.o
LOAD ./Drivers/STM32F4xx_HAL_Driver/Src/stm32f4xx_hal_dma_ex.o
LOAD ./Drivers/STM32F4xx_HAL_Driver/Src/stm32f4xx_hal_exti.o
LOAD ./Drivers/STM32F4xx_HAL_Driver/Src/stm32f4xx_hal_flash.o
LOAD ./Drivers/STM32F4xx_HAL_Driver/Src/stm32f4xx_hal_flash_ex.o
LOAD ./Drivers/STM32F4xx_HAL_Driver/Src/stm32f4xx_hal_flash_ramfunc.o
LOAD ./Drivers/STM32F4xx_HAL_Driver/Src/stm32f4xx_hal_gpio.o
LOAD ./Drivers/STM32F4xx_HAL_Driver/Src/stm32f4xx_hal_i2c.o
LOAD ./Drivers/STM32F4xx_HAL_Driver/Src/stm32f4xx_hal_i2c_ex.o
LOAD ./Drivers/STM32F4xx_HAL_Driver/Src/stm32f4xx_hal_iwdg.o
LOAD ./Drivers/STM32F4xx_HAL_Driver/Src/stm32f4xx_hal_pcd.o
LOAD ./Drivers/STM32F4xx_HAL_Driver/Src/stm32f4xx_hal_pcd_ex.o
LOAD ./Drivers/STM32F4xx_HAL_Driver/Src/stm32f4xx_hal_pwr.o
LOAD ./Drivers/STM32F4xx_HAL_Driver/Src/stm32f4xx_hal_pwr_ex.o
LOAD ./Drivers/STM32F4xx_HAL_Driver/Src/stm32f4xx_hal_rcc.o
LOAD ./Drivers/STM32F4xx_HAL_Driver/Src/stm32f4xx_hal_rcc_ex.o
LOAD ./Drivers/STM32F4xx_HAL_Driver/Src/stm32f4xx_hal_rtc.o
LOAD ./Drivers/STM32F4xx_HAL_Driver/Src/stm32f4xx_hal_rtc_ex.o
LOAD ./Drivers/STM32F4xx_HAL_Driver/Src/stm32f4xx_hal_tim.o
LOAD ./Drivers/STM32F4xx_HAL_Driver/Src/stm32f4xx_hal_tim_ex.o
LOAD ./Drivers/STM32F4xx_HAL_Driver/Src/stm32f4xx_hal_uart.o
LOAD ./Drivers/STM32F4xx_HAL_Driver/Src/stm32f4xx_ll_usb.o
LOAD ./Drivers/VL53L0X/Api/core/src/vl53l0x_api.o
LOAD ./Drivers/VL53L0X/Api/core/src/vl53l0x_api_calibration.o
LOAD ./Drivers/VL53L0X/Api/core/src/vl53l0x_api_core.o
LOAD ./Drivers/VL53L0X/Api/core/src/vl53l0x_api_ranging.o
LOAD ./Drivers/VL53L0X/Api/core/src/vl53l0x_api_strings.o
LOAD ./Drivers/VL53L0X/Api/platform/src/vl53l0x_platform.o
LOAD ./Drivers/VL53L0X/Api/platform/src/vl53l0x_platform_log.o
LOAD ./Middlewares/ST/STM32_USB_Device_Library/Class/CDC/Src/usbd_cdc.o
LOAD ./Middlewares/ST/STM32_USB_Device_Library/Core/Src/usbd_core.o
LOAD ./Middlewares/ST/STM32_USB_Device_Library/Core/Src/usbd_ctlreq.o
LOAD ./Middlewares/ST/STM32_USB_Device_Library/Core/Src/usbd_ioreq.o
LOAD ./USB_DEVICE/App/usb_device.o
LOAD ./USB_DEVICE/App/usbd_cdc_if.o
LOAD ./USB_DEVICE/App/usbd_desc.o
LOAD ./USB_DEVICE/Target/usbd_conf.o
START GROUP
LOAD /opt/st/stm32cubeide_1.12.1/plugins/com.st.stm32cube.ide.mcu.externaltools.gnu-tools-for-stm32.10.3-2021.10.linux64_1.0.200.202301161003/tools/bin/../lib/gcc/arm-none-eabi/10.3.1/../../../../arm-none-eabi/lib/thumb/v7e-m+fp/hard/libc_nano.a
LOAD /opt/st/stm32cubeide_1.12.1/plugins/com.st.stm32cube.ide.mcu.externaltools.gnu-tools-for-stm32.10.3-2021.10.linux64_1.0.200.202301161003/tools/bin/../lib/gcc/arm-none-eabi/10.3.1/../../../../arm-none-eabi/lib/thumb/v7e-m+fp/hard/libm.a
END GROUP
START GROUP
LOAD /opt/st/stm32cubeide_1.12.1/plugins/com.st.stm32cube.ide.mcu.externaltools.gnu-tools-for-stm32.10.3-2021.10.linux64_1.0.200.202301161003/tools/bin/../lib/gcc/arm-none-eabi/10.3.1/thumb/v7e-m+fp/hard/libgcc.a
LOAD /opt/st/stm32cubeide_1.12.1/plugins/com.st.stm32cube.ide.mcu.externaltools.gnu-tools-for-stm32.10.3-2021.10.linux64_1.0.200.202301161003/tools/bin/../lib/gcc/arm-none-eabi/10.3.1/../../../../arm-none-eabi/lib/thumb/v7e-m+fp/hard/libc_nano.a
END GROUP
START GROUP
LOAD /opt/st/stm32cubeide_1.12.1/plugins/com.st.stm32cube.ide.mcu.externaltools.gnu-tools-for-stm32.10.3-2021.10.linux64_1.0.200.202301161003/tools/bin/../lib/gcc/arm-none-eabi/10.3.1/thumb/v7e-m+fp/hard/libgcc.a
LOAD /opt/st/stm32cubeide_1.12.1/plugins/com.st.stm32cube.ide.mcu.externaltools.gnu-tools-for-stm32.10.3-2021.10.linux64_1.0.200.202301161003/tools/bin/../lib/gcc/arm-none-eabi/10.3.1/../../../../arm-none-eabi/lib/thumb/v7e-m+fp/hard/libc_nano.a
LOAD /opt/st/stm32cubeide_1.12.1/plugins/com.st.stm32cube.ide.mcu.externaltools.gnu-tools-for-stm32.10.3-2021.10.linux64_1.0.200.202301161003/tools/bin/../lib/gcc/arm-none-eabi/10.3.1/../../../../arm-none-eabi/lib/thumb/v7e-m+fp/hard/libnosys.a
END GROUP
START GROUP
LOAD /opt/st/stm32cubeide_1.12.1/plugins/com.st.stm32cube.ide.mcu.externaltools.gnu-tools-for-stm32.10.3-2021.10.linux64_1.0.200.202301161003/tools/bin/../lib/gcc/arm-none-eabi/10.3.1/thumb/v7e-m+fp/hard/libgcc.a
LOAD /opt/st/stm32cubeide_1.12.1/plugins/com.st.stm32cube.ide.mcu.externaltools.gnu-tools-for-stm32.10.3-2021.10.linux64_1.0.200.202301161003/tools/bin/../lib/gcc/arm-none-eabi/10.3.1/../../../../arm-none-eabi/lib/thumb/v7e-m+fp/hard/libc_nano.a
LOAD /opt/st/stm32cubeide_1.12.1/plugins/com.st.stm32cube.ide.mcu.externaltools.gnu-tools-for-stm32.10.3-2021.10.linux64_1.0.200.202301161003/tools/bin/../lib/gcc/arm-none-eabi/10.3.1/../../../../arm-none-eabi/lib/thumb/v7e-m+fp/hard/libnosys.a
END GROUP
LOAD /opt/st/stm32cubeide_1.12.1/plugins/com.st.stm32cube.ide.mcu.externaltools.gnu-tools-for-stm32.10.3-2021.10.linux64_1.0.200.202301161003/tools/bin/../lib/gcc/arm-none-eabi/10.3.1/thumb/v7e-m+fp/hard/crtend.o
LOAD /opt/st/stm32cubeide_1.12.1/plugins/com.st.stm32cube.ide.mcu.externaltools.gnu-tools-for-stm32.10.3-2021.10.linux64_1.0.200.202301161003/tools/bin/../lib/gcc/arm-none-eabi/10.3.1/thumb/v7e-m+fp/hard/crtn.o
                0x0000000020020000                _estack = (ORIGIN (RAM) + LENGTH (RAM))
                0x0000000000000200                _Min_Heap_Size = 0x200
                0x0000000000000400                _Min_Stack_Size = 0x400

.isr_vector     0x0000000008000000      0x198
                0x0000000008000000                . = ALIGN (0x4)
 *(.isr_vector)
 .isr_vector    0x0000000008000000      0x198 ./Core/Startup/startup_stm32f411ceux.o
                0x0000000008000000                g_pfnVectors
                0x0000000008000198                . = ALIGN (0x4)

.text           0x00000000080001a0    0x1372c
                0x00000000080001a0                . = ALIGN (0x4)
 *(.text)
 .text          0x00000000080001a0       0x40 /opt/st/stm32cubeide_1.12.1/plugins/com.st.stm32cube.ide.mcu.externaltools.gnu-tools-for-stm32.10.3-2021.10.linux64_1.0.200.202301161003/tools/bin/../lib/gcc/arm-none-eabi/10.3.1/thumb/v7e-m+fp/hard/crtbegin.o
 .text          0x00000000080001e0       0x14 /opt/st/stm32cubeide_1.12.1/plugins/com.st.stm32cube.ide.mcu.externaltools.gnu-tools-for-stm32.10.3-2021.10.linux64_1.0.200.202301161003/tools/bin/../lib/gcc/arm-none-eabi/10.3.1/../../../../arm-none-eabi/lib/thumb/v7e-m+fp/hard/libc_nano.a(lib_a-strcmp.o)
                0x00000000080001e0                strcmp
 .text          0x00000000080001f4       0x10 /opt/st/stm32cubeide_1.12.1/plugins/com.st.stm32cube.ide.mcu.externaltools.gnu-tools-for-stm32.10.3-2021.10.linux64_1.0.200.202301161003/tools/bin/../lib/gcc/arm-none-eabi/10.3.1/../../../../arm-none-eabi/lib/thumb/v7e-m+fp/hard/libc_nano.a(lib_a-strlen.o)
                0x00000000080001f4                strlen
 *fill*         0x0000000008000204        0xc 
 .text          0x0000000008000210       0xa0 /opt/st/stm32cubeide_1.12.1/plugins/com.st.stm32cube.ide.mcu.externaltools.gnu-tools-for-stm32.10.3-2021.10.linux64_1.0.200.202301161003/tools/bin/../lib/gcc/arm-none-eabi/10.3.1/../../../../arm-none-eabi/lib/thumb/v7e-m+fp/hard/libc_nano.a(lib_a-memchr.o)
                0x0000000008000210                memchr
 .text          0x00000000080002b0      0x378 /opt/st/stm32cubeide_1.12.1/plugins/com.st.stm32cube.ide.mcu.externaltools.gnu-tools-for-stm32.10.3-2021.10.linux64_1.0.200.202301161003/tools/bin/../lib/gcc/arm-none-eabi/10.3.1/thumb/v7e-m+fp/hard/libgcc.a(_arm_addsubdf3.o)
                0x00000000080002b0                __aeabi_drsub
                0x00000000080002b8                __aeabi_dsub
                0x00000000080002b8                __subdf3
                0x00000000080002bc                __adddf3
                0x00000000080002bc                __aeabi_dadd
                0x0000000008000534                __aeabi_ui2d
                0x0000000008000534                __floatunsidf
                0x0000000008000554                __floatsidf
                0x0000000008000554                __aeabi_i2d
                0x0000000008000578                __extendsfdf2
                0x0000000008000578                __aeabi_f2d
                0x00000000080005bc                __aeabi_ul2d
                0x00000000080005bc                __floatundidf
                0x00000000080005cc                __floatdidf
                0x00000000080005cc                __aeabi_l2d
 .text          0x0000000008000628      0x424 /opt/st/stm32cubeide_1.12.1/plugins/com.st.stm32cube.ide.mcu.externaltools.gnu-tools-for-stm32.10.3-2021.10.linux64_1.0.200.202301161003/tools/bin/../lib/gcc/arm-none-eabi/10.3.1/thumb/v7e-m+fp/hard/libgcc.a(_arm_muldivdf3.o)
                0x0000000008000628                __aeabi_dmul
                0x0000000008000628                __muldf3
                0x000000000800087c                __aeabi_ddiv
                0x000000000800087c                __divdf3
 .text          0x0000000008000a4c       0x40 /opt/st/stm32cubeide_1.12.1/plugins/com.st.stm32cube.ide.mcu.externaltools.gnu-tools-for-stm32.10.3-2021.10.linux64_1.0.200.202301161003/tools/bin/../lib/gcc/arm-none-eabi/10.3.1/thumb/v7e-m+fp/hard/libgcc.a(_arm_fixunsdfsi.o)
                0x0000000008000a4c                __fixunsdfsi
                0x0000000008000a4c                __aeabi_d2uiz
 .text          0x0000000008000a8c       0x30 /opt/st/stm32cubeide_1.12.1/plugins/com.st.stm32cube.ide.mcu.externaltools.gnu-tools-for-stm32.10.3-2021.10.linux64_1.0.200.202301161003/tools/bin/../lib/gcc/arm-none-eabi/10.3.1/thumb/v7e-m+fp/hard/libgcc.a(_aeabi_uldivmod.o)
                0x0000000008000a8c                __aeabi_uldivmod
 .text          0x0000000008000abc      0x2d0 /opt/st/stm32cubeide_1.12.1/plugins/com.st.stm32cube.ide.mcu.externaltools.gnu-tools-for-stm32.10.3-2021.10.linux64_1.0.200.202301161003/tools/bin/../lib/gcc/arm-none-eabi/10.3.1/thumb/v7e-m+fp/hard/libgcc.a(_udivmoddi4.o)
                0x0000000008000abc                __udivmoddi4
 .text          0x0000000008000d8c        0x4 /opt/st/stm32cubeide_1.12.1/plugins/com.st.stm32cube.ide.mcu.externaltools.gnu-tools-for-stm32.10.3-2021.10.linux64_1.0.200.202301161003/tools/bin/../lib/gcc/arm-none-eabi/10.3.1/thumb/v7e-m+fp/hard/libgcc.a(_dvmd_tls.o)
                0x0000000008000d8c                __aeabi_ldiv0
                0x0000000008000d8c                __aeabi_idiv0
 *(.text*)
 .text.EEPROM_ReadUint8
                0x0000000008000d90       0x34 ./Core/Src/EEPROMTypes.o
                0x0000000008000d90                EEPROM_ReadUint8
 .text.EEPROM_ReadInt32
                0x0000000008000dc4       0x34 ./Core/Src/EEPROMTypes.o
                0x0000000008000dc4                EEPROM_ReadInt32
 .text.EEPROM_ReadFloat
                0x0000000008000df8       0x30 ./Core/Src/EEPROMTypes.o
                0x0000000008000df8                EEPROM_ReadFloat
 .text.FatalError_EEPROM
                0x0000000008000e28       0x1a ./Core/Src/ErrorHandling.o
                0x0000000008000e28                FatalError_EEPROM
 *fill*         0x0000000008000e42        0x2 
 .text.main     0x0000000008000e44      0x304 ./Core/Src/main.o
                0x0000000008000e44                main
 .text.vTaskMeasure
                0x0000000008001148       0xa0 ./Core/Src/main.o
 .text.vTaskReceiveUSB
                0x00000000080011e8       0x20 ./Core/Src/main.o
 .text.vTaskSendUSB
                0x0000000008001208      0x13c ./Core/Src/main.o
 .text.vTaskCommandsHandler
                0x0000000008001344       0xc0 ./Core/Src/main.o
 .text.CommandProcess
                0x0000000008001404       0x54 ./Core/Src/main.o
 .text.UART_Transmit
                0x0000000008001458       0x1a ./Core/Src/main.o
 *fill*         0x0000000008001472        0x2 
 .text.HAL_TIM_PeriodElapsedCallback
                0x0000000008001474      0x1c0 ./Core/Src/main.o
                0x0000000008001474                HAL_TIM_PeriodElapsedCallback
 *fill*         0x0000000008001634        0x4 
 .text.HAL_TIM_IC_CaptureCallback
                0x0000000008001638       0x8c ./Core/Src/main.o
                0x0000000008001638                HAL_TIM_IC_CaptureCallback
 .text.HAL_UART_TxCpltCallback
                0x00000000080016c4       0x14 ./Core/Src/main.o
                0x00000000080016c4                HAL_UART_TxCpltCallback
 .text.HAL_UART_RxCpltCallback
                0x00000000080016d8      0x100 ./Core/Src/main.o
                0x00000000080016d8                HAL_UART_RxCpltCallback
 .text.SystemClock_Config
                0x00000000080017d8       0xd8 ./Core/Src/main.o
                0x00000000080017d8                SystemClock_Config
 .text.MX_I2C1_Init
                0x00000000080018b0       0x5c ./Core/Src/main.o
 .text.MX_I2C2_Init
                0x000000000800190c       0x5c ./Core/Src/main.o
 .text.MX_IWDG_Init
                0x0000000008001968       0x34 ./Core/Src/main.o
 .text.MX_RTC_Init
                0x000000000800199c       0x4c ./Core/Src/main.o
 .text.MX_TIM1_Init
                0x00000000080019e8       0xa0 ./Core/Src/main.o
 .text.MX_TIM2_Init
                0x0000000008001a88       0x98 ./Core/Src/main.o
 .text.MX_TIM3_Init
                0x0000000008001b20       0xec ./Core/Src/main.o
 .text.MX_TIM4_Init
                0x0000000008001c0c       0xe0 ./Core/Src/main.o
 .text.MX_TIM5_Init
                0x0000000008001cec       0x9c ./Core/Src/main.o
 .text.MX_USART1_UART_Init
                0x0000000008001d88       0x58 ./Core/Src/main.o
 .text.MX_DMA_Init
                0x0000000008001de0       0x8c ./Core/Src/main.o
 .text.MX_GPIO_Init
                0x0000000008001e6c      0x130 ./Core/Src/main.o
 .text.Error_Handler
                0x0000000008001f9c        0xa ./Core/Src/main.o
                0x0000000008001f9c                Error_Handler
 *fill*         0x0000000008001fa6        0x2 
 .text.HAL_MspInit
                0x0000000008001fa8       0x50 ./Core/Src/stm32f4xx_hal_msp.o
                0x0000000008001fa8                HAL_MspInit
 .text.HAL_I2C_MspInit
                0x0000000008001ff8      0x1e4 ./Core/Src/stm32f4xx_hal_msp.o
                0x0000000008001ff8                HAL_I2C_MspInit
 .text.HAL_RTC_MspInit
                0x00000000080021dc       0x58 ./Core/Src/stm32f4xx_hal_msp.o
                0x00000000080021dc                HAL_RTC_MspInit
 .text.HAL_TIM_Base_MspInit
                0x0000000008002234      0x16c ./Core/Src/stm32f4xx_hal_msp.o
                0x0000000008002234                HAL_TIM_Base_MspInit
 .text.HAL_TIM_MspPostInit
                0x00000000080023a0       0x74 ./Core/Src/stm32f4xx_hal_msp.o
                0x00000000080023a0                HAL_TIM_MspPostInit
 .text.HAL_UART_MspInit
                0x0000000008002414      0x16c ./Core/Src/stm32f4xx_hal_msp.o
                0x0000000008002414                HAL_UART_MspInit
 .text.NMI_Handler
                0x0000000008002580        0x6 ./Core/Src/stm32f4xx_it.o
                0x0000000008002580                NMI_Handler
 .text.HardFault_Handler
                0x0000000008002586        0x6 ./Core/Src/stm32f4xx_it.o
                0x0000000008002586                HardFault_Handler
 .text.MemManage_Handler
                0x000000000800258c        0x6 ./Core/Src/stm32f4xx_it.o
                0x000000000800258c                MemManage_Handler
 .text.BusFault_Handler
                0x0000000008002592        0x6 ./Core/Src/stm32f4xx_it.o
                0x0000000008002592                BusFault_Handler
 .text.UsageFault_Handler
                0x0000000008002598        0x6 ./Core/Src/stm32f4xx_it.o
                0x0000000008002598                UsageFault_Handler
 .text.SVC_Handler
                0x000000000800259e        0xe ./Core/Src/stm32f4xx_it.o
                0x000000000800259e                SVC_Handler
 .text.DebugMon_Handler
                0x00000000080025ac        0xe ./Core/Src/stm32f4xx_it.o
                0x00000000080025ac                DebugMon_Handler
 .text.PendSV_Handler
                0x00000000080025ba        0xe ./Core/Src/stm32f4xx_it.o
                0x00000000080025ba                PendSV_Handler
 .text.SysTick_Handler
                0x00000000080025c8        0xc ./Core/Src/stm32f4xx_it.o
                0x00000000080025c8                SysTick_Handler
 .text.DMA1_Stream2_IRQHandler
                0x00000000080025d4       0x14 ./Core/Src/stm32f4xx_it.o
                0x00000000080025d4                DMA1_Stream2_IRQHandler
 .text.TIM1_UP_TIM10_IRQHandler
                0x00000000080025e8       0x14 ./Core/Src/stm32f4xx_it.o
                0x00000000080025e8                TIM1_UP_TIM10_IRQHandler
 .text.TIM2_IRQHandler
                0x00000000080025fc       0x14 ./Core/Src/stm32f4xx_it.o
                0x00000000080025fc                TIM2_IRQHandler
 .text.USART1_IRQHandler
                0x0000000008002610       0x14 ./Core/Src/stm32f4xx_it.o
                0x0000000008002610                USART1_IRQHandler
 .text.DMA1_Stream7_IRQHandler
                0x0000000008002624       0x14 ./Core/Src/stm32f4xx_it.o
                0x0000000008002624                DMA1_Stream7_IRQHandler
 .text.TIM5_IRQHandler
                0x0000000008002638       0x14 ./Core/Src/stm32f4xx_it.o
                0x0000000008002638                TIM5_IRQHandler
 .text.DMA2_Stream2_IRQHandler
                0x000000000800264c       0x14 ./Core/Src/stm32f4xx_it.o
                0x000000000800264c                DMA2_Stream2_IRQHandler
 .text.OTG_FS_IRQHandler
                0x0000000008002660       0x14 ./Core/Src/stm32f4xx_it.o
                0x0000000008002660                OTG_FS_IRQHandler
 .text.DMA2_Stream7_IRQHandler
                0x0000000008002674       0x14 ./Core/Src/stm32f4xx_it.o
                0x0000000008002674                DMA2_Stream7_IRQHandler
 .text._sbrk    0x0000000008002688       0x6c ./Core/Src/sysmem.o
                0x0000000008002688                _sbrk
 .text.SystemInit
                0x00000000080026f4       0x24 ./Core/Src/system_stm32f4xx.o
                0x00000000080026f4                SystemInit
 .text.Reset_Handler
                0x0000000008002718       0x50 ./Core/Startup/startup_stm32f411ceux.o
                0x0000000008002718                Reset_Handler
 .text.Default_Handler
                0x0000000008002768        0x2 ./Core/Startup/startup_stm32f411ceux.o
                0x0000000008002768                RTC_Alarm_IRQHandler
                0x0000000008002768                EXTI2_IRQHandler
                0x0000000008002768                SPI4_IRQHandler
                0x0000000008002768                TIM1_CC_IRQHandler
                0x0000000008002768                DMA2_Stream5_IRQHandler
                0x0000000008002768                DMA1_Stream5_IRQHandler
                0x0000000008002768                PVD_IRQHandler
                0x0000000008002768                SDIO_IRQHandler
                0x0000000008002768                TAMP_STAMP_IRQHandler
                0x0000000008002768                EXTI3_IRQHandler
                0x0000000008002768                I2C3_ER_IRQHandler
                0x0000000008002768                EXTI0_IRQHandler
                0x0000000008002768                I2C2_EV_IRQHandler
                0x0000000008002768                FPU_IRQHandler
                0x0000000008002768                SPI1_IRQHandler
                0x0000000008002768                TIM1_BRK_TIM9_IRQHandler
                0x0000000008002768                DMA2_Stream3_IRQHandler
                0x0000000008002768                USART6_IRQHandler
                0x0000000008002768                DMA2_Stream0_IRQHandler
                0x0000000008002768                TIM4_IRQHandler
                0x0000000008002768                I2C1_EV_IRQHandler
                0x0000000008002768                DMA1_Stream6_IRQHandler
                0x0000000008002768                DMA1_Stream1_IRQHandler
                0x0000000008002768                TIM3_IRQHandler
                0x0000000008002768                RCC_IRQHandler
                0x0000000008002768                Default_Handler
                0x0000000008002768                EXTI15_10_IRQHandler
                0x0000000008002768                ADC_IRQHandler
                0x0000000008002768                SPI5_IRQHandler
                0x0000000008002768                I2C3_EV_IRQHandler
                0x0000000008002768                EXTI9_5_IRQHandler
                0x0000000008002768                RTC_WKUP_IRQHandler
                0x0000000008002768                SPI2_IRQHandler
                0x0000000008002768                DMA1_Stream0_IRQHandler
                0x0000000008002768                EXTI4_IRQHandler
                0x0000000008002768                WWDG_IRQHandler
                0x0000000008002768                OTG_FS_WKUP_IRQHandler
                0x0000000008002768                TIM1_TRG_COM_TIM11_IRQHandler
                0x0000000008002768                EXTI1_IRQHandler
                0x0000000008002768                USART2_IRQHandler
                0x0000000008002768                I2C2_ER_IRQHandler
                0x0000000008002768                DMA2_Stream1_IRQHandler
                0x0000000008002768                FLASH_IRQHandler
                0x0000000008002768                DMA2_Stream4_IRQHandler
                0x0000000008002768                SPI3_IRQHandler
                0x0000000008002768                DMA1_Stream4_IRQHandler
                0x0000000008002768                I2C1_ER_IRQHandler
                0x0000000008002768                DMA2_Stream6_IRQHandler
                0x0000000008002768                DMA1_Stream3_IRQHandler
 *fill*         0x000000000800276a        0x2 
 .text.HAL_Init
                0x000000000800276c       0x44 ./Drivers/STM32F4xx_HAL_Driver/Src/stm32f4xx_hal.o
                0x000000000800276c                HAL_Init
 .text.HAL_InitTick
                0x00000000080027b0       0x60 ./Drivers/STM32F4xx_HAL_Driver/Src/stm32f4xx_hal.o
                0x00000000080027b0                HAL_InitTick
 .text.HAL_IncTick
                0x0000000008002810       0x28 ./Drivers/STM32F4xx_HAL_Driver/Src/stm32f4xx_hal.o
                0x0000000008002810                HAL_IncTick
 .text.HAL_GetTick
                0x0000000008002838       0x18 ./Drivers/STM32F4xx_HAL_Driver/Src/stm32f4xx_hal.o
                0x0000000008002838                HAL_GetTick
 .text.HAL_Delay
                0x0000000008002850       0x48 ./Drivers/STM32F4xx_HAL_Driver/Src/stm32f4xx_hal.o
                0x0000000008002850                HAL_Delay
 .text.__NVIC_SetPriorityGrouping
                0x0000000008002898       0x48 ./Drivers/STM32F4xx_HAL_Driver/Src/stm32f4xx_hal_cortex.o
 .text.__NVIC_GetPriorityGrouping
                0x00000000080028e0       0x1c ./Drivers/STM32F4xx_HAL_Driver/Src/stm32f4xx_hal_cortex.o
 .text.__NVIC_EnableIRQ
                0x00000000080028fc       0x3c ./Drivers/STM32F4xx_HAL_Driver/Src/stm32f4xx_hal_cortex.o
 .text.__NVIC_SetPriority
                0x0000000008002938       0x54 ./Drivers/STM32F4xx_HAL_Driver/Src/stm32f4xx_hal_cortex.o
 .text.NVIC_EncodePriority
                0x000000000800298c       0x66 ./Drivers/STM32F4xx_HAL_Driver/Src/stm32f4xx_hal_cortex.o
 *fill*         0x00000000080029f2        0x2 
 .text.SysTick_Config
                0x00000000080029f4       0x44 ./Drivers/STM32F4xx_HAL_Driver/Src/stm32f4xx_hal_cortex.o
 .text.HAL_NVIC_SetPriorityGrouping
                0x0000000008002a38       0x16 ./Drivers/STM32F4xx_HAL_Driver/Src/stm32f4xx_hal_cortex.o
                0x0000000008002a38                HAL_NVIC_SetPriorityGrouping
 .text.HAL_NVIC_SetPriority
                0x0000000008002a4e       0x38 ./Drivers/STM32F4xx_HAL_Driver/Src/stm32f4xx_hal_cortex.o
                0x0000000008002a4e                HAL_NVIC_SetPriority
 .text.HAL_NVIC_EnableIRQ
                0x0000000008002a86       0x1c ./Drivers/STM32F4xx_HAL_Driver/Src/stm32f4xx_hal_cortex.o
                0x0000000008002a86                HAL_NVIC_EnableIRQ
 .text.HAL_SYSTICK_Config
                0x0000000008002aa2       0x18 ./Drivers/STM32F4xx_HAL_Driver/Src/stm32f4xx_hal_cortex.o
                0x0000000008002aa2                HAL_SYSTICK_Config
 *fill*         0x0000000008002aba        0x2 
 .text.HAL_DMA_Init
                0x0000000008002abc      0x15c ./Drivers/STM32F4xx_HAL_Driver/Src/stm32f4xx_hal_dma.o
                0x0000000008002abc                HAL_DMA_Init
 .text.HAL_DMA_Start_IT
                0x0000000008002c18       0xb0 ./Drivers/STM32F4xx_HAL_Driver/Src/stm32f4xx_hal_dma.o
                0x0000000008002c18                HAL_DMA_Start_IT
 .text.HAL_DMA_Abort
                0x0000000008002cc8       0xe0 ./Drivers/STM32F4xx_HAL_Driver/Src/stm32f4xx_hal_dma.o
                0x0000000008002cc8                HAL_DMA_Abort
 .text.HAL_DMA_Abort_IT
                0x0000000008002da8       0x44 ./Drivers/STM32F4xx_HAL_Driver/Src/stm32f4xx_hal_dma.o
                0x0000000008002da8                HAL_DMA_Abort_IT
 .text.HAL_DMA_IRQHandler
                0x0000000008002dec      0x314 ./Drivers/STM32F4xx_HAL_Driver/Src/stm32f4xx_hal_dma.o
                0x0000000008002dec                HAL_DMA_IRQHandler
 .text.HAL_DMA_GetError
                0x0000000008003100       0x18 ./Drivers/STM32F4xx_HAL_Driver/Src/stm32f4xx_hal_dma.o
                0x0000000008003100                HAL_DMA_GetError
 .text.DMA_SetConfig
                0x0000000008003118       0x5c ./Drivers/STM32F4xx_HAL_Driver/Src/stm32f4xx_hal_dma.o
 .text.DMA_CalcBaseAndBitshift
                0x0000000008003174       0x6c ./Drivers/STM32F4xx_HAL_Driver/Src/stm32f4xx_hal_dma.o
 .text.DMA_CheckFifoParam
                0x00000000080031e0       0xf8 ./Drivers/STM32F4xx_HAL_Driver/Src/stm32f4xx_hal_dma.o
 .text.HAL_GPIO_Init
                0x00000000080032d8      0x308 ./Drivers/STM32F4xx_HAL_Driver/Src/stm32f4xx_hal_gpio.o
                0x00000000080032d8                HAL_GPIO_Init
 .text.HAL_GPIO_WritePin
                0x00000000080035e0       0x32 ./Drivers/STM32F4xx_HAL_Driver/Src/stm32f4xx_hal_gpio.o
                0x00000000080035e0                HAL_GPIO_WritePin
 *fill*         0x0000000008003612        0x2 
 .text.HAL_I2C_Init
                0x0000000008003614      0x288 ./Drivers/STM32F4xx_HAL_Driver/Src/stm32f4xx_hal_i2c.o
                0x0000000008003614                HAL_I2C_Init
 .text.HAL_I2C_Master_Transmit
                0x000000000800389c      0x1fc ./Drivers/STM32F4xx_HAL_Driver/Src/stm32f4xx_hal_i2c.o
                0x000000000800389c                HAL_I2C_Master_Transmit
 .text.HAL_I2C_Master_Receive
                0x0000000008003a98      0x44c ./Drivers/STM32F4xx_HAL_Driver/Src/stm32f4xx_hal_i2c.o
                0x0000000008003a98                HAL_I2C_Master_Receive
 .text.HAL_I2C_Mem_Read
                0x0000000008003ee4      0x44c ./Drivers/STM32F4xx_HAL_Driver/Src/stm32f4xx_hal_i2c.o
                0x0000000008003ee4                HAL_I2C_Mem_Read
 .text.HAL_I2C_Mem_Read_DMA
                0x0000000008004330      0x328 ./Drivers/STM32F4xx_HAL_Driver/Src/stm32f4xx_hal_i2c.o
                0x0000000008004330                HAL_I2C_Mem_Read_DMA
 .text.HAL_I2C_MasterRxCpltCallback
                0x0000000008004658       0x14 ./Drivers/STM32F4xx_HAL_Driver/Src/stm32f4xx_hal_i2c.o
                0x0000000008004658                HAL_I2C_MasterRxCpltCallback
 .text.HAL_I2C_SlaveTxCpltCallback
                0x000000000800466c       0x14 ./Drivers/STM32F4xx_HAL_Driver/Src/stm32f4xx_hal_i2c.o
                0x000000000800466c                HAL_I2C_SlaveTxCpltCallback
 .text.HAL_I2C_SlaveRxCpltCallback
                0x0000000008004680       0x14 ./Drivers/STM32F4xx_HAL_Driver/Src/stm32f4xx_hal_i2c.o
                0x0000000008004680                HAL_I2C_SlaveRxCpltCallback
 .text.HAL_I2C_MemRxCpltCallback
                0x0000000008004694       0x14 ./Drivers/STM32F4xx_HAL_Driver/Src/stm32f4xx_hal_i2c.o
                0x0000000008004694                HAL_I2C_MemRxCpltCallback
 .text.HAL_I2C_ErrorCallback
                0x00000000080046a8       0x14 ./Drivers/STM32F4xx_HAL_Driver/Src/stm32f4xx_hal_i2c.o
                0x00000000080046a8                HAL_I2C_ErrorCallback
 .text.I2C_MasterRequestWrite
                0x00000000080046bc      0x104 ./Drivers/STM32F4xx_HAL_Driver/Src/stm32f4xx_hal_i2c.o
 .text.I2C_MasterRequestRead
                0x00000000080047c0      0x19c ./Drivers/STM32F4xx_HAL_Driver/Src/stm32f4xx_hal_i2c.o
 .text.I2C_RequestMemoryRead
                0x000000000800495c      0x1d0 ./Drivers/STM32F4xx_HAL_Driver/Src/stm32f4xx_hal_i2c.o
 .text.I2C_DMAXferCplt
                0x0000000008004b2c      0x1aa ./Drivers/STM32F4xx_HAL_Driver/Src/stm32f4xx_hal_i2c.o
 .text.I2C_DMAError
                0x0000000008004cd6       0x7a ./Drivers/STM32F4xx_HAL_Driver/Src/stm32f4xx_hal_i2c.o
 .text.I2C_WaitOnFlagUntilTimeout
                0x0000000008004d50       0xae ./Drivers/STM32F4xx_HAL_Driver/Src/stm32f4xx_hal_i2c.o
 .text.I2C_WaitOnMasterAddressFlagUntilTimeout
                0x0000000008004dfe       0xfe ./Drivers/STM32F4xx_HAL_Driver/Src/stm32f4xx_hal_i2c.o
 .text.I2C_WaitOnTXEFlagUntilTimeout
                0x0000000008004efc       0x82 ./Drivers/STM32F4xx_HAL_Driver/Src/stm32f4xx_hal_i2c.o
 .text.I2C_WaitOnBTFFlagUntilTimeout
                0x0000000008004f7e       0x82 ./Drivers/STM32F4xx_HAL_Driver/Src/stm32f4xx_hal_i2c.o
 .text.I2C_WaitOnRXNEFlagUntilTimeout
                0x0000000008005000       0xac ./Drivers/STM32F4xx_HAL_Driver/Src/stm32f4xx_hal_i2c.o
 .text.I2C_IsAcknowledgeFailed
                0x00000000080050ac       0x5e ./Drivers/STM32F4xx_HAL_Driver/Src/stm32f4xx_hal_i2c.o
 .text.HAL_IWDG_Init
                0x000000000800510a       0x84 ./Drivers/STM32F4xx_HAL_Driver/Src/stm32f4xx_hal_iwdg.o
                0x000000000800510a                HAL_IWDG_Init
 .text.HAL_IWDG_Refresh
                0x000000000800518e       0x20 ./Drivers/STM32F4xx_HAL_Driver/Src/stm32f4xx_hal_iwdg.o
                0x000000000800518e                HAL_IWDG_Refresh
 .text.HAL_PCD_Init
                0x00000000080051ae      0x23a ./Drivers/STM32F4xx_HAL_Driver/Src/stm32f4xx_hal_pcd.o
                0x00000000080051ae                HAL_PCD_Init
 .text.HAL_PCD_Start
                0x00000000080053e8       0x66 ./Drivers/STM32F4xx_HAL_Driver/Src/stm32f4xx_hal_pcd.o
                0x00000000080053e8                HAL_PCD_Start
 .text.HAL_PCD_IRQHandler
                0x000000000800544e      0x93e ./Drivers/STM32F4xx_HAL_Driver/Src/stm32f4xx_hal_pcd.o
                0x000000000800544e                HAL_PCD_IRQHandler
 .text.HAL_PCD_SetAddress
                0x0000000008005d8c       0x4a ./Drivers/STM32F4xx_HAL_Driver/Src/stm32f4xx_hal_pcd.o
                0x0000000008005d8c                HAL_PCD_SetAddress
 .text.HAL_PCD_EP_Open
                0x0000000008005dd6       0xd0 ./Drivers/STM32F4xx_HAL_Driver/Src/stm32f4xx_hal_pcd.o
                0x0000000008005dd6                HAL_PCD_EP_Open
 .text.HAL_PCD_EP_Close
                0x0000000008005ea6       0x94 ./Drivers/STM32F4xx_HAL_Driver/Src/stm32f4xx_hal_pcd.o
                0x0000000008005ea6                HAL_PCD_EP_Close
 .text.HAL_PCD_EP_Receive
                0x0000000008005f3a       0x96 ./Drivers/STM32F4xx_HAL_Driver/Src/stm32f4xx_hal_pcd.o
                0x0000000008005f3a                HAL_PCD_EP_Receive
 .text.HAL_PCD_EP_GetRxCount
                0x0000000008005fd0       0x30 ./Drivers/STM32F4xx_HAL_Driver/Src/stm32f4xx_hal_pcd.o
                0x0000000008005fd0                HAL_PCD_EP_GetRxCount
 .text.HAL_PCD_EP_Transmit
                0x0000000008006000       0x94 ./Drivers/STM32F4xx_HAL_Driver/Src/stm32f4xx_hal_pcd.o
                0x0000000008006000                HAL_PCD_EP_Transmit
 .text.HAL_PCD_EP_SetStall
                0x0000000008006094       0xc8 ./Drivers/STM32F4xx_HAL_Driver/Src/stm32f4xx_hal_pcd.o
                0x0000000008006094                HAL_PCD_EP_SetStall
 .text.HAL_PCD_EP_ClrStall
                0x000000000800615c       0xac ./Drivers/STM32F4xx_HAL_Driver/Src/stm32f4xx_hal_pcd.o
                0x000000000800615c                HAL_PCD_EP_ClrStall
 .text.HAL_PCD_EP_Abort
                0x0000000008006208       0x62 ./Drivers/STM32F4xx_HAL_Driver/Src/stm32f4xx_hal_pcd.o
                0x0000000008006208                HAL_PCD_EP_Abort
 .text.PCD_WriteEmptyTxFifo
                0x000000000800626a      0x11a ./Drivers/STM32F4xx_HAL_Driver/Src/stm32f4xx_hal_pcd.o
 .text.PCD_EP_OutXfrComplete_int
                0x0000000008006384      0x1d0 ./Drivers/STM32F4xx_HAL_Driver/Src/stm32f4xx_hal_pcd.o
 .text.PCD_EP_OutSetupPacket_int
                0x0000000008006554       0x8c ./Drivers/STM32F4xx_HAL_Driver/Src/stm32f4xx_hal_pcd.o
 .text.HAL_PCDEx_SetTxFiFo
                0x00000000080065e0       0x8e ./Drivers/STM32F4xx_HAL_Driver/Src/stm32f4xx_hal_pcd_ex.o
                0x00000000080065e0                HAL_PCDEx_SetTxFiFo
 .text.HAL_PCDEx_SetRxFiFo
                0x000000000800666e       0x22 ./Drivers/STM32F4xx_HAL_Driver/Src/stm32f4xx_hal_pcd_ex.o
                0x000000000800666e                HAL_PCDEx_SetRxFiFo
 .text.HAL_PCDEx_LPM_Callback
                0x0000000008006690       0x18 ./Drivers/STM32F4xx_HAL_Driver/Src/stm32f4xx_hal_pcd_ex.o
                0x0000000008006690                HAL_PCDEx_LPM_Callback
 .text.HAL_RCC_OscConfig
                0x00000000080066a8      0x4f0 ./Drivers/STM32F4xx_HAL_Driver/Src/stm32f4xx_hal_rcc.o
                0x00000000080066a8                HAL_RCC_OscConfig
 .text.HAL_RCC_ClockConfig
                0x0000000008006b98      0x1cc ./Drivers/STM32F4xx_HAL_Driver/Src/stm32f4xx_hal_rcc.o
                0x0000000008006b98                HAL_RCC_ClockConfig
 .text.HAL_RCC_GetSysClockFreq
                0x0000000008006d64      0x18c ./Drivers/STM32F4xx_HAL_Driver/Src/stm32f4xx_hal_rcc.o
                0x0000000008006d64                HAL_RCC_GetSysClockFreq
 .text.HAL_RCC_GetHCLKFreq
                0x0000000008006ef0       0x18 ./Drivers/STM32F4xx_HAL_Driver/Src/stm32f4xx_hal_rcc.o
                0x0000000008006ef0                HAL_RCC_GetHCLKFreq
 .text.HAL_RCC_GetPCLK1Freq
                0x0000000008006f08       0x28 ./Drivers/STM32F4xx_HAL_Driver/Src/stm32f4xx_hal_rcc.o
                0x0000000008006f08                HAL_RCC_GetPCLK1Freq
 .text.HAL_RCC_GetPCLK2Freq
                0x0000000008006f30       0x28 ./Drivers/STM32F4xx_HAL_Driver/Src/stm32f4xx_hal_rcc.o
                0x0000000008006f30                HAL_RCC_GetPCLK2Freq
 .text.HAL_RCCEx_PeriphCLKConfig
                0x0000000008006f58      0x1e0 ./Drivers/STM32F4xx_HAL_Driver/Src/stm32f4xx_hal_rcc_ex.o
                0x0000000008006f58                HAL_RCCEx_PeriphCLKConfig
 .text.HAL_RTC_Init
                0x0000000008007138       0xec ./Drivers/STM32F4xx_HAL_Driver/Src/stm32f4xx_hal_rtc.o
                0x0000000008007138                HAL_RTC_Init
 .text.HAL_RTC_WaitForSynchro
                0x0000000008007224       0x50 ./Drivers/STM32F4xx_HAL_Driver/Src/stm32f4xx_hal_rtc.o
                0x0000000008007224                HAL_RTC_WaitForSynchro
 .text.RTC_EnterInitMode
                0x0000000008007274       0x6e ./Drivers/STM32F4xx_HAL_Driver/Src/stm32f4xx_hal_rtc.o
                0x0000000008007274                RTC_EnterInitMode
 .text.RTC_ExitInitMode
                0x00000000080072e2       0x4a ./Drivers/STM32F4xx_HAL_Driver/Src/stm32f4xx_hal_rtc.o
                0x00000000080072e2                RTC_ExitInitMode
 .text.HAL_TIM_Base_Init
                0x000000000800732c       0x9e ./Drivers/STM32F4xx_HAL_Driver/Src/stm32f4xx_hal_tim.o
                0x000000000800732c                HAL_TIM_Base_Init
 *fill*         0x00000000080073ca        0x2 
 .text.HAL_TIM_Base_Start_IT
                0x00000000080073cc       0xc4 ./Drivers/STM32F4xx_HAL_Driver/Src/stm32f4xx_hal_tim.o
                0x00000000080073cc                HAL_TIM_Base_Start_IT
 .text.HAL_TIM_PWM_Init
                0x0000000008007490       0x9e ./Drivers/STM32F4xx_HAL_Driver/Src/stm32f4xx_hal_tim.o
                0x0000000008007490                HAL_TIM_PWM_Init
 .text.HAL_TIM_PWM_MspInit
                0x000000000800752e       0x14 ./Drivers/STM32F4xx_HAL_Driver/Src/stm32f4xx_hal_tim.o
                0x000000000800752e                HAL_TIM_PWM_MspInit
 *fill*         0x0000000008007542        0x2 
 .text.HAL_TIM_PWM_Start
                0x0000000008007544      0x160 ./Drivers/STM32F4xx_HAL_Driver/Src/stm32f4xx_hal_tim.o
                0x0000000008007544                HAL_TIM_PWM_Start
 .text.HAL_TIM_IC_Init
                0x00000000080076a4       0x9e ./Drivers/STM32F4xx_HAL_Driver/Src/stm32f4xx_hal_tim.o
                0x00000000080076a4                HAL_TIM_IC_Init
 .text.HAL_TIM_IC_MspInit
                0x0000000008007742       0x14 ./Drivers/STM32F4xx_HAL_Driver/Src/stm32f4xx_hal_tim.o
                0x0000000008007742                HAL_TIM_IC_MspInit
 *fill*         0x0000000008007756        0x2 
 .text.HAL_TIM_IC_Start
                0x0000000008007758      0x19c ./Drivers/STM32F4xx_HAL_Driver/Src/stm32f4xx_hal_tim.o
                0x0000000008007758                HAL_TIM_IC_Start
 .text.HAL_TIM_IC_Start_IT
                0x00000000080078f4      0x234 ./Drivers/STM32F4xx_HAL_Driver/Src/stm32f4xx_hal_tim.o
                0x00000000080078f4                HAL_TIM_IC_Start_IT
 .text.HAL_TIM_IRQHandler
                0x0000000008007b28      0x210 ./Drivers/STM32F4xx_HAL_Driver/Src/stm32f4xx_hal_tim.o
                0x0000000008007b28                HAL_TIM_IRQHandler
 .text.HAL_TIM_IC_ConfigChannel
                0x0000000008007d38      0x138 ./Drivers/STM32F4xx_HAL_Driver/Src/stm32f4xx_hal_tim.o
                0x0000000008007d38                HAL_TIM_IC_ConfigChannel
 .text.HAL_TIM_PWM_ConfigChannel
                0x0000000008007e70      0x184 ./Drivers/STM32F4xx_HAL_Driver/Src/stm32f4xx_hal_tim.o
                0x0000000008007e70                HAL_TIM_PWM_ConfigChannel
 .text.HAL_TIM_ConfigClockSource
                0x0000000008007ff4      0x18e ./Drivers/STM32F4xx_HAL_Driver/Src/stm32f4xx_hal_tim.o
                0x0000000008007ff4                HAL_TIM_ConfigClockSource
 *fill*         0x0000000008008182        0x2 
 .text.HAL_TIM_ReadCapturedValue
                0x0000000008008184       0x88 ./Drivers/STM32F4xx_HAL_Driver/Src/stm32f4xx_hal_tim.o
                0x0000000008008184                HAL_TIM_ReadCapturedValue
 .text.HAL_TIM_OC_DelayElapsedCallback
                0x000000000800820c       0x14 ./Drivers/STM32F4xx_HAL_Driver/Src/stm32f4xx_hal_tim.o
                0x000000000800820c                HAL_TIM_OC_DelayElapsedCallback
 .text.HAL_TIM_PWM_PulseFinishedCallback
                0x0000000008008220       0x14 ./Drivers/STM32F4xx_HAL_Driver/Src/stm32f4xx_hal_tim.o
                0x0000000008008220                HAL_TIM_PWM_PulseFinishedCallback
 .text.HAL_TIM_TriggerCallback
                0x0000000008008234       0x14 ./Drivers/STM32F4xx_HAL_Driver/Src/stm32f4xx_hal_tim.o
                0x0000000008008234                HAL_TIM_TriggerCallback
 .text.TIM_Base_SetConfig
                0x0000000008008248      0x100 ./Drivers/STM32F4xx_HAL_Driver/Src/stm32f4xx_hal_tim.o
                0x0000000008008248                TIM_Base_SetConfig
 .text.TIM_OC1_SetConfig
                0x0000000008008348       0xcc ./Drivers/STM32F4xx_HAL_Driver/Src/stm32f4xx_hal_tim.o
 .text.TIM_OC2_SetConfig
                0x0000000008008414       0xd8 ./Drivers/STM32F4xx_HAL_Driver/Src/stm32f4xx_hal_tim.o
                0x0000000008008414                TIM_OC2_SetConfig
 .text.TIM_OC3_SetConfig
                0x00000000080084ec       0xd4 ./Drivers/STM32F4xx_HAL_Driver/Src/stm32f4xx_hal_tim.o
 .text.TIM_OC4_SetConfig
                0x00000000080085c0       0xa0 ./Drivers/STM32F4xx_HAL_Driver/Src/stm32f4xx_hal_tim.o
 .text.TIM_TI1_SetConfig
                0x0000000008008660       0xd0 ./Drivers/STM32F4xx_HAL_Driver/Src/stm32f4xx_hal_tim.o
                0x0000000008008660                TIM_TI1_SetConfig
 .text.TIM_TI1_ConfigInputStage
                0x0000000008008730       0x5e ./Drivers/STM32F4xx_HAL_Driver/Src/stm32f4xx_hal_tim.o
 .text.TIM_TI2_SetConfig
                0x000000000800878e       0x7a ./Drivers/STM32F4xx_HAL_Driver/Src/stm32f4xx_hal_tim.o
 .text.TIM_TI2_ConfigInputStage
                0x0000000008008808       0x60 ./Drivers/STM32F4xx_HAL_Driver/Src/stm32f4xx_hal_tim.o
 .text.TIM_TI3_SetConfig
                0x0000000008008868       0x78 ./Drivers/STM32F4xx_HAL_Driver/Src/stm32f4xx_hal_tim.o
 .text.TIM_TI4_SetConfig
                0x00000000080088e0       0x7a ./Drivers/STM32F4xx_HAL_Driver/Src/stm32f4xx_hal_tim.o
 .text.TIM_ITRx_SetConfig
                0x000000000800895a       0x36 ./Drivers/STM32F4xx_HAL_Driver/Src/stm32f4xx_hal_tim.o
 .text.TIM_ETR_SetConfig
                0x0000000008008990       0x40 ./Drivers/STM32F4xx_HAL_Driver/Src/stm32f4xx_hal_tim.o
                0x0000000008008990                TIM_ETR_SetConfig
 .text.TIM_CCxChannelCmd
                0x00000000080089d0       0x4a ./Drivers/STM32F4xx_HAL_Driver/Src/stm32f4xx_hal_tim.o
                0x00000000080089d0                TIM_CCxChannelCmd
 *fill*         0x0000000008008a1a        0x2 
 .text.HAL_TIMEx_MasterConfigSynchronization
                0x0000000008008a1c       0xdc ./Drivers/STM32F4xx_HAL_Driver/Src/stm32f4xx_hal_tim_ex.o
                0x0000000008008a1c                HAL_TIMEx_MasterConfigSynchronization
 .text.HAL_TIMEx_CommutCallback
                0x0000000008008af8       0x14 ./Drivers/STM32F4xx_HAL_Driver/Src/stm32f4xx_hal_tim_ex.o
                0x0000000008008af8                HAL_TIMEx_CommutCallback
 .text.HAL_TIMEx_BreakCallback
                0x0000000008008b0c       0x14 ./Drivers/STM32F4xx_HAL_Driver/Src/stm32f4xx_hal_tim_ex.o
                0x0000000008008b0c                HAL_TIMEx_BreakCallback
 .text.HAL_UART_Init
                0x0000000008008b20       0x9a ./Drivers/STM32F4xx_HAL_Driver/Src/stm32f4xx_hal_uart.o
                0x0000000008008b20                HAL_UART_Init
 .text.HAL_UART_Receive_IT
                0x0000000008008bba       0x60 ./Drivers/STM32F4xx_HAL_Driver/Src/stm32f4xx_hal_uart.o
                0x0000000008008bba                HAL_UART_Receive_IT
 *fill*         0x0000000008008c1a        0x2 
 .text.HAL_UART_Transmit_DMA
                0x0000000008008c1c       0xfc ./Drivers/STM32F4xx_HAL_Driver/Src/stm32f4xx_hal_uart.o
                0x0000000008008c1c                HAL_UART_Transmit_DMA
 .text.HAL_UART_IRQHandler
                0x0000000008008d18      0x51c ./Drivers/STM32F4xx_HAL_Driver/Src/stm32f4xx_hal_uart.o
                0x0000000008008d18                HAL_UART_IRQHandler
 .text.HAL_UART_TxHalfCpltCallback
                0x0000000008009234       0x14 ./Drivers/STM32F4xx_HAL_Driver/Src/stm32f4xx_hal_uart.o
                0x0000000008009234                HAL_UART_TxHalfCpltCallback
 .text.HAL_UART_ErrorCallback
                0x0000000008009248       0x14 ./Drivers/STM32F4xx_HAL_Driver/Src/stm32f4xx_hal_uart.o
                0x0000000008009248                HAL_UART_ErrorCallback
 .text.HAL_UARTEx_RxEventCallback
                0x000000000800925c       0x18 ./Drivers/STM32F4xx_HAL_Driver/Src/stm32f4xx_hal_uart.o
                0x000000000800925c                HAL_UARTEx_RxEventCallback
 .text.UART_DMATransmitCplt
                0x0000000008009274       0x9a ./Drivers/STM32F4xx_HAL_Driver/Src/stm32f4xx_hal_uart.o
 .text.UART_DMATxHalfCplt
                0x000000000800930e       0x1c ./Drivers/STM32F4xx_HAL_Driver/Src/stm32f4xx_hal_uart.o
 .text.UART_DMAError
                0x000000000800932a       0x94 ./Drivers/STM32F4xx_HAL_Driver/Src/stm32f4xx_hal_uart.o
 .text.UART_Start_Receive_IT
                0x00000000080093be       0x7c ./Drivers/STM32F4xx_HAL_Driver/Src/stm32f4xx_hal_uart.o
                0x00000000080093be                UART_Start_Receive_IT
 .text.UART_EndTxTransfer
                0x000000000800943a       0x50 ./Drivers/STM32F4xx_HAL_Driver/Src/stm32f4xx_hal_uart.o
 .text.UART_EndRxTransfer
                0x000000000800948a       0xc6 ./Drivers/STM32F4xx_HAL_Driver/Src/stm32f4xx_hal_uart.o
 .text.UART_DMAAbortOnError
                0x0000000008009550       0x28 ./Drivers/STM32F4xx_HAL_Driver/Src/stm32f4xx_hal_uart.o
 .text.UART_Transmit_IT
                0x0000000008009578       0xa0 ./Drivers/STM32F4xx_HAL_Driver/Src/stm32f4xx_hal_uart.o
 .text.UART_EndTransmit_IT
                0x0000000008009618       0x30 ./Drivers/STM32F4xx_HAL_Driver/Src/stm32f4xx_hal_uart.o
 .text.UART_Receive_IT
                0x0000000008009648      0x176 ./Drivers/STM32F4xx_HAL_Driver/Src/stm32f4xx_hal_uart.o
 *fill*         0x00000000080097be        0x2 
 .text.UART_SetConfig
                0x00000000080097c0      0x4e8 ./Drivers/STM32F4xx_HAL_Driver/Src/stm32f4xx_hal_uart.o
 .text.USB_CoreInit
                0x0000000008009ca8       0xc2 ./Drivers/STM32F4xx_HAL_Driver/Src/stm32f4xx_ll_usb.o
                0x0000000008009ca8                USB_CoreInit
 *fill*         0x0000000008009d6a        0x2 
 .text.USB_SetTurnaroundTime
                0x0000000008009d6c      0x144 ./Drivers/STM32F4xx_HAL_Driver/Src/stm32f4xx_ll_usb.o
                0x0000000008009d6c                USB_SetTurnaroundTime
 .text.USB_EnableGlobalInt
                0x0000000008009eb0       0x22 ./Drivers/STM32F4xx_HAL_Driver/Src/stm32f4xx_ll_usb.o
                0x0000000008009eb0                USB_EnableGlobalInt
 .text.USB_DisableGlobalInt
                0x0000000008009ed2       0x22 ./Drivers/STM32F4xx_HAL_Driver/Src/stm32f4xx_ll_usb.o
                0x0000000008009ed2                USB_DisableGlobalInt
 .text.USB_SetCurrentMode
                0x0000000008009ef4       0x98 ./Drivers/STM32F4xx_HAL_Driver/Src/stm32f4xx_ll_usb.o
                0x0000000008009ef4                USB_SetCurrentMode
 .text.USB_DevInit
                0x0000000008009f8c      0x2c8 ./Drivers/STM32F4xx_HAL_Driver/Src/stm32f4xx_ll_usb.o
                0x0000000008009f8c                USB_DevInit
 .text.USB_FlushTxFifo
                0x000000000800a254       0x68 ./Drivers/STM32F4xx_HAL_Driver/Src/stm32f4xx_ll_usb.o
                0x000000000800a254                USB_FlushTxFifo
 .text.USB_FlushRxFifo
                0x000000000800a2bc       0x60 ./Drivers/STM32F4xx_HAL_Driver/Src/stm32f4xx_ll_usb.o
                0x000000000800a2bc                USB_FlushRxFifo
 .text.USB_SetDevSpeed
                0x000000000800a31c       0x32 ./Drivers/STM32F4xx_HAL_Driver/Src/stm32f4xx_ll_usb.o
                0x000000000800a31c                USB_SetDevSpeed
 .text.USB_GetDevSpeed
                0x000000000800a34e       0x4a ./Drivers/STM32F4xx_HAL_Driver/Src/stm32f4xx_ll_usb.o
                0x000000000800a34e                USB_GetDevSpeed
 .text.USB_ActivateEndpoint
                0x000000000800a398      0x10e ./Drivers/STM32F4xx_HAL_Driver/Src/stm32f4xx_ll_usb.o
                0x000000000800a398                USB_ActivateEndpoint
 *fill*         0x000000000800a4a6        0x2 
 .text.USB_DeactivateEndpoint
                0x000000000800a4a8      0x1b8 ./Drivers/STM32F4xx_HAL_Driver/Src/stm32f4xx_ll_usb.o
                0x000000000800a4a8                USB_DeactivateEndpoint
 .text.USB_EPStartXfer
                0x000000000800a660      0x490 ./Drivers/STM32F4xx_HAL_Driver/Src/stm32f4xx_ll_usb.o
                0x000000000800a660                USB_EPStartXfer
 .text.USB_EP0StartXfer
                0x000000000800aaf0      0x2b0 ./Drivers/STM32F4xx_HAL_Driver/Src/stm32f4xx_ll_usb.o
                0x000000000800aaf0                USB_EP0StartXfer
 .text.USB_EPStopXfer
                0x000000000800ada0      0x154 ./Drivers/STM32F4xx_HAL_Driver/Src/stm32f4xx_ll_usb.o
                0x000000000800ada0                USB_EPStopXfer
 .text.USB_WritePacket
                0x000000000800aef4       0x7c ./Drivers/STM32F4xx_HAL_Driver/Src/stm32f4xx_ll_usb.o
                0x000000000800aef4                USB_WritePacket
 .text.USB_ReadPacket
                0x000000000800af70       0xb0 ./Drivers/STM32F4xx_HAL_Driver/Src/stm32f4xx_ll_usb.o
                0x000000000800af70                USB_ReadPacket
 .text.USB_EPSetStall
                0x000000000800b020       0xdc ./Drivers/STM32F4xx_HAL_Driver/Src/stm32f4xx_ll_usb.o
                0x000000000800b020                USB_EPSetStall
 .text.USB_EPClearStall
                0x000000000800b0fc       0xcc ./Drivers/STM32F4xx_HAL_Driver/Src/stm32f4xx_ll_usb.o
                0x000000000800b0fc                USB_EPClearStall
 .text.USB_SetDevAddress
                0x000000000800b1c8       0x4c ./Drivers/STM32F4xx_HAL_Driver/Src/stm32f4xx_ll_usb.o
                0x000000000800b1c8                USB_SetDevAddress
 .text.USB_DevConnect
                0x000000000800b214       0x42 ./Drivers/STM32F4xx_HAL_Driver/Src/stm32f4xx_ll_usb.o
                0x000000000800b214                USB_DevConnect
 .text.USB_DevDisconnect
                0x000000000800b256       0x42 ./Drivers/STM32F4xx_HAL_Driver/Src/stm32f4xx_ll_usb.o
                0x000000000800b256                USB_DevDisconnect
 .text.USB_ReadInterrupts
                0x000000000800b298       0x26 ./Drivers/STM32F4xx_HAL_Driver/Src/stm32f4xx_ll_usb.o
                0x000000000800b298                USB_ReadInterrupts
 .text.USB_ReadDevAllOutEpInterrupt
                0x000000000800b2be       0x34 ./Drivers/STM32F4xx_HAL_Driver/Src/stm32f4xx_ll_usb.o
                0x000000000800b2be                USB_ReadDevAllOutEpInterrupt
 .text.USB_ReadDevAllInEpInterrupt
                0x000000000800b2f2       0x34 ./Drivers/STM32F4xx_HAL_Driver/Src/stm32f4xx_ll_usb.o
                0x000000000800b2f2                USB_ReadDevAllInEpInterrupt
 .text.USB_ReadDevOutEPInterrupt
                0x000000000800b326       0x3c ./Drivers/STM32F4xx_HAL_Driver/Src/stm32f4xx_ll_usb.o
                0x000000000800b326                USB_ReadDevOutEPInterrupt
 .text.USB_ReadDevInEPInterrupt
                0x000000000800b362       0x5c ./Drivers/STM32F4xx_HAL_Driver/Src/stm32f4xx_ll_usb.o
                0x000000000800b362                USB_ReadDevInEPInterrupt
 .text.USB_GetMode
                0x000000000800b3be       0x1c ./Drivers/STM32F4xx_HAL_Driver/Src/stm32f4xx_ll_usb.o
                0x000000000800b3be                USB_GetMode
 .text.USB_ActivateSetup
                0x000000000800b3da       0x46 ./Drivers/STM32F4xx_HAL_Driver/Src/stm32f4xx_ll_usb.o
                0x000000000800b3da                USB_ActivateSetup
 .text.USB_EP0_OutStart
                0x000000000800b420       0xbc ./Drivers/STM32F4xx_HAL_Driver/Src/stm32f4xx_ll_usb.o
                0x000000000800b420                USB_EP0_OutStart
 .text.USB_CoreReset
                0x000000000800b4dc       0x68 ./Drivers/STM32F4xx_HAL_Driver/Src/stm32f4xx_ll_usb.o
 .text.VL53L0X_GetOffsetCalibrationDataMicroMeter
                0x000000000800b544       0x26 ./Drivers/VL53L0X/Api/core/src/vl53l0x_api.o
                0x000000000800b544                VL53L0X_GetOffsetCalibrationDataMicroMeter
 *fill*         0x000000000800b56a        0x2 
 .text.VL53L0X_DataInit
                0x000000000800b56c      0x2c8 ./Drivers/VL53L0X/Api/core/src/vl53l0x_api.o
                0x000000000800b56c                VL53L0X_DataInit
 .text.VL53L0X_StaticInit
                0x000000000800b834      0x304 ./Drivers/VL53L0X/Api/core/src/vl53l0x_api.o
                0x000000000800b834                VL53L0X_StaticInit
 .text.VL53L0X_WaitDeviceBooted
                0x000000000800bb38       0x1c ./Drivers/VL53L0X/Api/core/src/vl53l0x_api.o
                0x000000000800bb38                VL53L0X_WaitDeviceBooted
 .text.VL53L0X_GetDeviceParameters
                0x000000000800bb54      0x120 ./Drivers/VL53L0X/Api/core/src/vl53l0x_api.o
                0x000000000800bb54                VL53L0X_GetDeviceParameters
 .text.VL53L0X_SetDeviceMode
                0x000000000800bc74       0x58 ./Drivers/VL53L0X/Api/core/src/vl53l0x_api.o
                0x000000000800bc74                VL53L0X_SetDeviceMode
 .text.VL53L0X_GetDeviceMode
                0x000000000800bccc       0x26 ./Drivers/VL53L0X/Api/core/src/vl53l0x_api.o
                0x000000000800bccc                VL53L0X_GetDeviceMode
 .text.VL53L0X_GetFractionEnable
                0x000000000800bcf2       0x3e ./Drivers/VL53L0X/Api/core/src/vl53l0x_api.o
                0x000000000800bcf2                VL53L0X_GetFractionEnable
 .text.VL53L0X_SetMeasurementTimingBudgetMicroSeconds
                0x000000000800bd30       0x26 ./Drivers/VL53L0X/Api/core/src/vl53l0x_api.o
                0x000000000800bd30                VL53L0X_SetMeasurementTimingBudgetMicroSeconds
 .text.VL53L0X_GetMeasurementTimingBudgetMicroSeconds
                0x000000000800bd56       0x26 ./Drivers/VL53L0X/Api/core/src/vl53l0x_api.o
                0x000000000800bd56                VL53L0X_GetMeasurementTimingBudgetMicroSeconds
 .text.VL53L0X_SetVcselPulsePeriod
                0x000000000800bd7c       0x30 ./Drivers/VL53L0X/Api/core/src/vl53l0x_api.o
                0x000000000800bd7c                VL53L0X_SetVcselPulsePeriod
 .text.VL53L0X_GetVcselPulsePeriod
                0x000000000800bdac       0x2e ./Drivers/VL53L0X/Api/core/src/vl53l0x_api.o
                0x000000000800bdac                VL53L0X_GetVcselPulsePeriod
 *fill*         0x000000000800bdda        0x2 
 .text.VL53L0X_SetSequenceStepEnable
                0x000000000800bddc      0x144 ./Drivers/VL53L0X/Api/core/src/vl53l0x_api.o
                0x000000000800bddc                VL53L0X_SetSequenceStepEnable
 .text.sequence_step_enabled
                0x000000000800bf20       0xa4 ./Drivers/VL53L0X/Api/core/src/vl53l0x_api.o
                0x000000000800bf20                sequence_step_enabled
 .text.VL53L0X_GetSequenceStepEnables
                0x000000000800bfc4       0xb0 ./Drivers/VL53L0X/Api/core/src/vl53l0x_api.o
                0x000000000800bfc4                VL53L0X_GetSequenceStepEnables
 .text.VL53L0X_GetInterMeasurementPeriodMilliSeconds
                0x000000000800c074       0x68 ./Drivers/VL53L0X/Api/core/src/vl53l0x_api.o
                0x000000000800c074                VL53L0X_GetInterMeasurementPeriodMilliSeconds
 .text.VL53L0X_GetXTalkCompensationEnable
                0x000000000800c0dc       0x2a ./Drivers/VL53L0X/Api/core/src/vl53l0x_api.o
                0x000000000800c0dc                VL53L0X_GetXTalkCompensationEnable
 .text.VL53L0X_GetXTalkCompensationRateMegaCps
                0x000000000800c106       0x66 ./Drivers/VL53L0X/Api/core/src/vl53l0x_api.o
                0x000000000800c106                VL53L0X_GetXTalkCompensationRateMegaCps
 .text.VL53L0X_SetLimitCheckEnable
                0x000000000800c16c      0x118 ./Drivers/VL53L0X/Api/core/src/vl53l0x_api.o
                0x000000000800c16c                VL53L0X_SetLimitCheckEnable
 .text.VL53L0X_GetLimitCheckEnable
                0x000000000800c284       0x46 ./Drivers/VL53L0X/Api/core/src/vl53l0x_api.o
                0x000000000800c284                VL53L0X_GetLimitCheckEnable
 *fill*         0x000000000800c2ca        0x2 
 .text.VL53L0X_SetLimitCheckValue
                0x000000000800c2cc       0xc4 ./Drivers/VL53L0X/Api/core/src/vl53l0x_api.o
                0x000000000800c2cc                VL53L0X_SetLimitCheckValue
 .text.VL53L0X_GetLimitCheckValue
                0x000000000800c390      0x11c ./Drivers/VL53L0X/Api/core/src/vl53l0x_api.o
                0x000000000800c390                VL53L0X_GetLimitCheckValue
 .text.VL53L0X_GetWrapAroundCheckEnable
                0x000000000800c4ac       0x64 ./Drivers/VL53L0X/Api/core/src/vl53l0x_api.o
                0x000000000800c4ac                VL53L0X_GetWrapAroundCheckEnable
 .text.VL53L0X_PerformSingleMeasurement
                0x000000000800c510       0x68 ./Drivers/VL53L0X/Api/core/src/vl53l0x_api.o
                0x000000000800c510                VL53L0X_PerformSingleMeasurement
 .text.VL53L0X_PerformRefCalibration
                0x000000000800c578       0x2c ./Drivers/VL53L0X/Api/core/src/vl53l0x_api.o
                0x000000000800c578                VL53L0X_PerformRefCalibration
 .text.VL53L0X_CheckAndLoadInterruptSettings
                0x000000000800c5a4       0xcc ./Drivers/VL53L0X/Api/core/src/vl53l0x_api.o
                0x000000000800c5a4                VL53L0X_CheckAndLoadInterruptSettings
 .text.VL53L0X_StartMeasurement
                0x000000000800c670      0x184 ./Drivers/VL53L0X/Api/core/src/vl53l0x_api.o
                0x000000000800c670                VL53L0X_StartMeasurement
 .text.VL53L0X_GetMeasurementDataReady
                0x000000000800c7f4       0x80 ./Drivers/VL53L0X/Api/core/src/vl53l0x_api.o
                0x000000000800c7f4                VL53L0X_GetMeasurementDataReady
 .text.VL53L0X_GetRangingMeasurementData
                0x000000000800c874      0x248 ./Drivers/VL53L0X/Api/core/src/vl53l0x_api.o
                0x000000000800c874                VL53L0X_GetRangingMeasurementData
 .text.VL53L0X_PerformSingleRangingMeasurement
                0x000000000800cabc       0x60 ./Drivers/VL53L0X/Api/core/src/vl53l0x_api.o
                0x000000000800cabc                VL53L0X_PerformSingleRangingMeasurement
 .text.VL53L0X_SetGpioConfig
                0x000000000800cb1c      0x248 ./Drivers/VL53L0X/Api/core/src/vl53l0x_api.o
                0x000000000800cb1c                VL53L0X_SetGpioConfig
 .text.VL53L0X_GetInterruptThresholds
                0x000000000800cd64       0x6c ./Drivers/VL53L0X/Api/core/src/vl53l0x_api.o
                0x000000000800cd64                VL53L0X_GetInterruptThresholds
 .text.VL53L0X_ClearInterruptMask
                0x000000000800cdd0       0x80 ./Drivers/VL53L0X/Api/core/src/vl53l0x_api.o
                0x000000000800cdd0                VL53L0X_ClearInterruptMask
 .text.VL53L0X_GetInterruptMaskStatus
                0x000000000800ce50       0x44 ./Drivers/VL53L0X/Api/core/src/vl53l0x_api.o
                0x000000000800ce50                VL53L0X_GetInterruptMaskStatus
 .text.VL53L0X_PerformRefSpadManagement
                0x000000000800ce94       0x2a ./Drivers/VL53L0X/Api/core/src/vl53l0x_api.o
                0x000000000800ce94                VL53L0X_PerformRefSpadManagement
 .text.VL53L0X_get_offset_calibration_data_micro_meter
                0x000000000800cebe       0x7e ./Drivers/VL53L0X/Api/core/src/vl53l0x_api_calibration.o
                0x000000000800cebe                VL53L0X_get_offset_calibration_data_micro_meter
 .text.get_next_good_spad
                0x000000000800cf3c       0xbc ./Drivers/VL53L0X/Api/core/src/vl53l0x_api_calibration.o
                0x000000000800cf3c                get_next_good_spad
 .text.is_aperture
                0x000000000800cff8       0x34 ./Drivers/VL53L0X/Api/core/src/vl53l0x_api_calibration.o
                0x000000000800cff8                is_aperture
 .text.enable_spad_bit
                0x000000000800d02c       0x70 ./Drivers/VL53L0X/Api/core/src/vl53l0x_api_calibration.o
                0x000000000800d02c                enable_spad_bit
 .text.set_ref_spad_map
                0x000000000800d09c       0x26 ./Drivers/VL53L0X/Api/core/src/vl53l0x_api_calibration.o
                0x000000000800d09c                set_ref_spad_map
 .text.get_ref_spad_map
                0x000000000800d0c2       0x26 ./Drivers/VL53L0X/Api/core/src/vl53l0x_api_calibration.o
                0x000000000800d0c2                get_ref_spad_map
 .text.enable_ref_spads
                0x000000000800d0e8       0xf8 ./Drivers/VL53L0X/Api/core/src/vl53l0x_api_calibration.o
                0x000000000800d0e8                enable_ref_spads
 .text.perform_ref_signal_measurement
                0x000000000800d1e0       0xd4 ./Drivers/VL53L0X/Api/core/src/vl53l0x_api_calibration.o
                0x000000000800d1e0                perform_ref_signal_measurement
 .text.VL53L0X_perform_ref_spad_management
                0x000000000800d2b4      0x418 ./Drivers/VL53L0X/Api/core/src/vl53l0x_api_calibration.o
                0x000000000800d2b4                VL53L0X_perform_ref_spad_management
 .text.VL53L0X_set_reference_spads
                0x000000000800d6cc      0x14a ./Drivers/VL53L0X/Api/core/src/vl53l0x_api_calibration.o
                0x000000000800d6cc                VL53L0X_set_reference_spads
 .text.VL53L0X_perform_single_ref_calibration
                0x000000000800d816       0x76 ./Drivers/VL53L0X/Api/core/src/vl53l0x_api_calibration.o
                0x000000000800d816                VL53L0X_perform_single_ref_calibration
 .text.VL53L0X_ref_calibration_io
                0x000000000800d88c      0x132 ./Drivers/VL53L0X/Api/core/src/vl53l0x_api_calibration.o
                0x000000000800d88c                VL53L0X_ref_calibration_io
 .text.VL53L0X_perform_vhv_calibration
                0x000000000800d9be       0xce ./Drivers/VL53L0X/Api/core/src/vl53l0x_api_calibration.o
                0x000000000800d9be                VL53L0X_perform_vhv_calibration
 .text.VL53L0X_perform_phase_calibration
                0x000000000800da8c       0xca ./Drivers/VL53L0X/Api/core/src/vl53l0x_api_calibration.o
                0x000000000800da8c                VL53L0X_perform_phase_calibration
 .text.VL53L0X_perform_ref_calibration
                0x000000000800db56       0x7a ./Drivers/VL53L0X/Api/core/src/vl53l0x_api_calibration.o
                0x000000000800db56                VL53L0X_perform_ref_calibration
 .text.VL53L0X_measurement_poll_for_completion
                0x000000000800dbd0       0x60 ./Drivers/VL53L0X/Api/core/src/vl53l0x_api_core.o
                0x000000000800dbd0                VL53L0X_measurement_poll_for_completion
 .text.VL53L0X_decode_vcsel_period
                0x000000000800dc30       0x26 ./Drivers/VL53L0X/Api/core/src/vl53l0x_api_core.o
                0x000000000800dc30                VL53L0X_decode_vcsel_period
 .text.VL53L0X_encode_vcsel_period
                0x000000000800dc56       0x26 ./Drivers/VL53L0X/Api/core/src/vl53l0x_api_core.o
                0x000000000800dc56                VL53L0X_encode_vcsel_period
 .text.VL53L0X_isqrt
                0x000000000800dc7c       0x68 ./Drivers/VL53L0X/Api/core/src/vl53l0x_api_core.o
                0x000000000800dc7c                VL53L0X_isqrt
 .text.VL53L0X_device_read_strobe
                0x000000000800dce4       0x86 ./Drivers/VL53L0X/Api/core/src/vl53l0x_api_core.o
                0x000000000800dce4                VL53L0X_device_read_strobe
 .text.VL53L0X_get_info_from_device
                0x000000000800dd6a      0x99a ./Drivers/VL53L0X/Api/core/src/vl53l0x_api_core.o
                0x000000000800dd6a                VL53L0X_get_info_from_device
 .text.VL53L0X_calc_macro_period_ps
                0x000000000800e704       0x3c ./Drivers/VL53L0X/Api/core/src/vl53l0x_api_core.o
                0x000000000800e704                VL53L0X_calc_macro_period_ps
 .text.VL53L0X_encode_timeout
                0x000000000800e740       0x58 ./Drivers/VL53L0X/Api/core/src/vl53l0x_api_core.o
                0x000000000800e740                VL53L0X_encode_timeout
 .text.VL53L0X_decode_timeout
                0x000000000800e798       0x2c ./Drivers/VL53L0X/Api/core/src/vl53l0x_api_core.o
                0x000000000800e798                VL53L0X_decode_timeout
 .text.VL53L0X_calc_timeout_mclks
                0x000000000800e7c4       0x54 ./Drivers/VL53L0X/Api/core/src/vl53l0x_api_core.o
                0x000000000800e7c4                VL53L0X_calc_timeout_mclks
 .text.VL53L0X_calc_timeout_us
                0x000000000800e818       0x54 ./Drivers/VL53L0X/Api/core/src/vl53l0x_api_core.o
                0x000000000800e818                VL53L0X_calc_timeout_us
 .text.get_sequence_step_timeout
                0x000000000800e86c      0x1c2 ./Drivers/VL53L0X/Api/core/src/vl53l0x_api_core.o
                0x000000000800e86c                get_sequence_step_timeout
 .text.set_sequence_step_timeout
                0x000000000800ea2e      0x1e4 ./Drivers/VL53L0X/Api/core/src/vl53l0x_api_core.o
                0x000000000800ea2e                set_sequence_step_timeout
 .text.VL53L0X_set_vcsel_pulse_period
                0x000000000800ec12      0x512 ./Drivers/VL53L0X/Api/core/src/vl53l0x_api_core.o
                0x000000000800ec12                VL53L0X_set_vcsel_pulse_period
 .text.VL53L0X_get_vcsel_pulse_period
                0x000000000800f124       0x6e ./Drivers/VL53L0X/Api/core/src/vl53l0x_api_core.o
                0x000000000800f124                VL53L0X_get_vcsel_pulse_period
 .text.VL53L0X_set_measurement_timing_budget_micro_seconds
                0x000000000800f192      0x1c0 ./Drivers/VL53L0X/Api/core/src/vl53l0x_api_core.o
                0x000000000800f192                VL53L0X_set_measurement_timing_budget_micro_seconds
 .text.VL53L0X_get_measurement_timing_budget_micro_seconds
                0x000000000800f352      0x162 ./Drivers/VL53L0X/Api/core/src/vl53l0x_api_core.o
                0x000000000800f352                VL53L0X_get_measurement_timing_budget_micro_seconds
 .text.VL53L0X_load_tuning_settings
                0x000000000800f4b4      0x1c4 ./Drivers/VL53L0X/Api/core/src/vl53l0x_api_core.o
                0x000000000800f4b4                VL53L0X_load_tuning_settings
 .text.VL53L0X_get_total_xtalk_rate
                0x000000000800f678       0x5e ./Drivers/VL53L0X/Api/core/src/vl53l0x_api_core.o
                0x000000000800f678                VL53L0X_get_total_xtalk_rate
 .text.VL53L0X_get_total_signal_rate
                0x000000000800f6d6       0x4a ./Drivers/VL53L0X/Api/core/src/vl53l0x_api_core.o
                0x000000000800f6d6                VL53L0X_get_total_signal_rate
 .text.VL53L0X_calc_dmax
                0x000000000800f720      0x238 ./Drivers/VL53L0X/Api/core/src/vl53l0x_api_core.o
                0x000000000800f720                VL53L0X_calc_dmax
 .text.VL53L0X_calc_sigma_estimate
                0x000000000800f958      0x498 ./Drivers/VL53L0X/Api/core/src/vl53l0x_api_core.o
                0x000000000800f958                VL53L0X_calc_sigma_estimate
 .text.VL53L0X_get_pal_range_status
                0x000000000800fdf0      0x3b6 ./Drivers/VL53L0X/Api/core/src/vl53l0x_api_core.o
                0x000000000800fdf0                VL53L0X_get_pal_range_status
 .text._I2CWrite
                0x00000000080101a6       0x3e ./Drivers/VL53L0X/Api/platform/src/vl53l0x_platform.o
                0x00000000080101a6                _I2CWrite
 .text._I2CRead
                0x00000000080101e4       0x44 ./Drivers/VL53L0X/Api/platform/src/vl53l0x_platform.o
                0x00000000080101e4                _I2CRead
 .text.VL53L0X_WriteMulti
                0x0000000008010228       0x60 ./Drivers/VL53L0X/Api/platform/src/vl53l0x_platform.o
                0x0000000008010228                VL53L0X_WriteMulti
 .text.VL53L0X_ReadMulti
                0x0000000008010288       0x56 ./Drivers/VL53L0X/Api/platform/src/vl53l0x_platform.o
                0x0000000008010288                VL53L0X_ReadMulti
 *fill*         0x00000000080102de        0x2 
 .text.VL53L0X_WrByte
                0x00000000080102e0       0x48 ./Drivers/VL53L0X/Api/platform/src/vl53l0x_platform.o
                0x00000000080102e0                VL53L0X_WrByte
 .text.VL53L0X_WrWord
                0x0000000008010328       0x54 ./Drivers/VL53L0X/Api/platform/src/vl53l0x_platform.o
                0x0000000008010328                VL53L0X_WrWord
 .text.VL53L0X_UpdateByte
                0x000000000801037c       0x68 ./Drivers/VL53L0X/Api/platform/src/vl53l0x_platform.o
                0x000000000801037c                VL53L0X_UpdateByte
 .text.VL53L0X_RdByte
                0x00000000080103e4       0x54 ./Drivers/VL53L0X/Api/platform/src/vl53l0x_platform.o
                0x00000000080103e4                VL53L0X_RdByte
 .text.VL53L0X_RdWord
                0x0000000008010438       0x70 ./Drivers/VL53L0X/Api/platform/src/vl53l0x_platform.o
                0x0000000008010438                VL53L0X_RdWord
 .text.VL53L0X_RdDWord
                0x00000000080104a8       0x78 ./Drivers/VL53L0X/Api/platform/src/vl53l0x_platform.o
                0x00000000080104a8                VL53L0X_RdDWord
 .text.VL53L0X_PollingDelay
                0x0000000008010520       0x1e ./Drivers/VL53L0X/Api/platform/src/vl53l0x_platform.o
                0x0000000008010520                VL53L0X_PollingDelay
 *fill*         0x000000000801053e        0x2 
 .text.USBD_CDC_Init
                0x0000000008010540      0x1f0 ./Middlewares/ST/STM32_USB_Device_Library/Class/CDC/Src/usbd_cdc.o
 .text.USBD_CDC_DeInit
                0x0000000008010730      0x104 ./Middlewares/ST/STM32_USB_Device_Library/Class/CDC/Src/usbd_cdc.o
 .text.USBD_CDC_Setup
                0x0000000008010834      0x1b8 ./Middlewares/ST/STM32_USB_Device_Library/Class/CDC/Src/usbd_cdc.o
 .text.USBD_CDC_DataIn
                0x00000000080109ec       0xfe ./Middlewares/ST/STM32_USB_Device_Library/Class/CDC/Src/usbd_cdc.o
 .text.USBD_CDC_DataOut
                0x0000000008010aea       0x70 ./Middlewares/ST/STM32_USB_Device_Library/Class/CDC/Src/usbd_cdc.o
 .text.USBD_CDC_EP0_RxReady
                0x0000000008010b5a       0x76 ./Middlewares/ST/STM32_USB_Device_Library/Class/CDC/Src/usbd_cdc.o
 .text.USBD_CDC_GetFSCfgDesc
                0x0000000008010bd0       0x70 ./Middlewares/ST/STM32_USB_Device_Library/Class/CDC/Src/usbd_cdc.o
 .text.USBD_CDC_GetHSCfgDesc
                0x0000000008010c40       0x70 ./Middlewares/ST/STM32_USB_Device_Library/Class/CDC/Src/usbd_cdc.o
 .text.USBD_CDC_GetOtherSpeedCfgDesc
                0x0000000008010cb0       0x70 ./Middlewares/ST/STM32_USB_Device_Library/Class/CDC/Src/usbd_cdc.o
 .text.USBD_CDC_GetDeviceQualifierDescriptor
                0x0000000008010d20       0x20 ./Middlewares/ST/STM32_USB_Device_Library/Class/CDC/Src/usbd_cdc.o
                0x0000000008010d20                USBD_CDC_GetDeviceQualifierDescriptor
 .text.USBD_CDC_RegisterInterface
                0x0000000008010d40       0x34 ./Middlewares/ST/STM32_USB_Device_Library/Class/CDC/Src/usbd_cdc.o
                0x0000000008010d40                USBD_CDC_RegisterInterface
 .text.USBD_CDC_SetTxBuffer
                0x0000000008010d74       0x44 ./Middlewares/ST/STM32_USB_Device_Library/Class/CDC/Src/usbd_cdc.o
                0x0000000008010d74                USBD_CDC_SetTxBuffer
 .text.USBD_CDC_SetRxBuffer
                0x0000000008010db8       0x3a ./Middlewares/ST/STM32_USB_Device_Library/Class/CDC/Src/usbd_cdc.o
                0x0000000008010db8                USBD_CDC_SetRxBuffer
 *fill*         0x0000000008010df2        0x2 
 .text.USBD_CDC_TransmitPacket
                0x0000000008010df4       0x8c ./Middlewares/ST/STM32_USB_Device_Library/Class/CDC/Src/usbd_cdc.o
                0x0000000008010df4                USBD_CDC_TransmitPacket
 .text.USBD_CDC_ReceivePacket
                0x0000000008010e80       0x6c ./Middlewares/ST/STM32_USB_Device_Library/Class/CDC/Src/usbd_cdc.o
                0x0000000008010e80                USBD_CDC_ReceivePacket
 .text.USBD_Init
                0x0000000008010eec       0x60 ./Middlewares/ST/STM32_USB_Device_Library/Core/Src/usbd_core.o
                0x0000000008010eec                USBD_Init
 .text.USBD_RegisterClass
                0x0000000008010f4c       0x6c ./Middlewares/ST/STM32_USB_Device_Library/Core/Src/usbd_core.o
                0x0000000008010f4c                USBD_RegisterClass
 .text.USBD_Start
                0x0000000008010fb8       0x18 ./Middlewares/ST/STM32_USB_Device_Library/Core/Src/usbd_core.o
                0x0000000008010fb8                USBD_Start
 .text.USBD_RunTestMode
                0x0000000008010fd0       0x16 ./Middlewares/ST/STM32_USB_Device_Library/Core/Src/usbd_core.o
                0x0000000008010fd0                USBD_RunTestMode
 .text.USBD_SetClassConfig
                0x0000000008010fe6       0x38 ./Middlewares/ST/STM32_USB_Device_Library/Core/Src/usbd_core.o
                0x0000000008010fe6                USBD_SetClassConfig
 .text.USBD_ClrClassConfig
                0x000000000801101e       0x34 ./Middlewares/ST/STM32_USB_Device_Library/Core/Src/usbd_core.o
                0x000000000801101e                USBD_ClrClassConfig
 .text.USBD_LL_SetupStage
                0x0000000008011052       0xaa ./Middlewares/ST/STM32_USB_Device_Library/Core/Src/usbd_core.o
                0x0000000008011052                USBD_LL_SetupStage
 .text.USBD_LL_DataOutStage
                0x00000000080110fc      0x166 ./Middlewares/ST/STM32_USB_Device_Library/Core/Src/usbd_core.o
                0x00000000080110fc                USBD_LL_DataOutStage
 .text.USBD_LL_DataInStage
                0x0000000008011262      0x164 ./Middlewares/ST/STM32_USB_Device_Library/Core/Src/usbd_core.o
                0x0000000008011262                USBD_LL_DataInStage
 .text.USBD_LL_Reset
                0x00000000080113c6       0xa4 ./Middlewares/ST/STM32_USB_Device_Library/Core/Src/usbd_core.o
                0x00000000080113c6                USBD_LL_Reset
 .text.USBD_LL_SetSpeed
                0x000000000801146a       0x20 ./Middlewares/ST/STM32_USB_Device_Library/Core/Src/usbd_core.o
                0x000000000801146a                USBD_LL_SetSpeed
 .text.USBD_LL_Suspend
                0x000000000801148a       0x2c ./Middlewares/ST/STM32_USB_Device_Library/Core/Src/usbd_core.o
                0x000000000801148a                USBD_LL_Suspend
 .text.USBD_LL_Resume
                0x00000000080114b6       0x30 ./Middlewares/ST/STM32_USB_Device_Library/Core/Src/usbd_core.o
                0x00000000080114b6                USBD_LL_Resume
 .text.USBD_LL_SOF
                0x00000000080114e6       0x40 ./Middlewares/ST/STM32_USB_Device_Library/Core/Src/usbd_core.o
                0x00000000080114e6                USBD_LL_SOF
 .text.USBD_LL_IsoINIncomplete
                0x0000000008011526       0x64 ./Middlewares/ST/STM32_USB_Device_Library/Core/Src/usbd_core.o
                0x0000000008011526                USBD_LL_IsoINIncomplete
 .text.USBD_LL_IsoOUTIncomplete
                0x000000000801158a       0x64 ./Middlewares/ST/STM32_USB_Device_Library/Core/Src/usbd_core.o
                0x000000000801158a                USBD_LL_IsoOUTIncomplete
 .text.USBD_LL_DevConnected
                0x00000000080115ee       0x16 ./Middlewares/ST/STM32_USB_Device_Library/Core/Src/usbd_core.o
                0x00000000080115ee                USBD_LL_DevConnected
 .text.USBD_LL_DevDisconnected
                0x0000000008011604       0x46 ./Middlewares/ST/STM32_USB_Device_Library/Core/Src/usbd_core.o
                0x0000000008011604                USBD_LL_DevDisconnected
 .text.USBD_CoreFindIF
                0x000000000801164a       0x1a ./Middlewares/ST/STM32_USB_Device_Library/Core/Src/usbd_core.o
                0x000000000801164a                USBD_CoreFindIF
 .text.USBD_CoreFindEP
                0x0000000008011664       0x1a ./Middlewares/ST/STM32_USB_Device_Library/Core/Src/usbd_core.o
                0x0000000008011664                USBD_CoreFindEP
 .text.USBD_GetEpDesc
                0x000000000801167e       0x74 ./Middlewares/ST/STM32_USB_Device_Library/Core/Src/usbd_core.o
                0x000000000801167e                USBD_GetEpDesc
 .text.USBD_GetNextDesc
                0x00000000080116f2       0x3a ./Middlewares/ST/STM32_USB_Device_Library/Core/Src/usbd_core.o
                0x00000000080116f2                USBD_GetNextDesc
 .text.SWAPBYTE
                0x000000000801172c       0x3c ./Middlewares/ST/STM32_USB_Device_Library/Core/Src/usbd_ctlreq.o
 .text.USBD_StdDevReq
                0x0000000008011768       0xe4 ./Middlewares/ST/STM32_USB_Device_Library/Core/Src/usbd_ctlreq.o
                0x0000000008011768                USBD_StdDevReq
 .text.USBD_StdItfReq
                0x000000000801184c       0xd8 ./Middlewares/ST/STM32_USB_Device_Library/Core/Src/usbd_ctlreq.o
                0x000000000801184c                USBD_StdItfReq
 .text.USBD_StdEPReq
                0x0000000008011924      0x33a ./Middlewares/ST/STM32_USB_Device_Library/Core/Src/usbd_ctlreq.o
                0x0000000008011924                USBD_StdEPReq
 *fill*         0x0000000008011c5e        0x2 
 .text.USBD_GetDescriptor
                0x0000000008011c60      0x2d4 ./Middlewares/ST/STM32_USB_Device_Library/Core/Src/usbd_ctlreq.o
 .text.USBD_SetAddress
                0x0000000008011f34       0x88 ./Middlewares/ST/STM32_USB_Device_Library/Core/Src/usbd_ctlreq.o
 .text.USBD_SetConfig
                0x0000000008011fbc      0x154 ./Middlewares/ST/STM32_USB_Device_Library/Core/Src/usbd_ctlreq.o
 .text.USBD_GetConfig
                0x0000000008012110       0x6c ./Middlewares/ST/STM32_USB_Device_Library/Core/Src/usbd_ctlreq.o
 .text.USBD_GetStatus
                0x000000000801217c       0x68 ./Middlewares/ST/STM32_USB_Device_Library/Core/Src/usbd_ctlreq.o
 .text.USBD_SetFeature
                0x00000000080121e4       0x52 ./Middlewares/ST/STM32_USB_Device_Library/Core/Src/usbd_ctlreq.o
 .text.USBD_ClrFeature
                0x0000000008012236       0x44 ./Middlewares/ST/STM32_USB_Device_Library/Core/Src/usbd_ctlreq.o
 .text.USBD_ParseSetupRequest
                0x000000000801227a       0x74 ./Middlewares/ST/STM32_USB_Device_Library/Core/Src/usbd_ctlreq.o
                0x000000000801227a                USBD_ParseSetupRequest
 .text.USBD_CtlError
                0x00000000080122ee       0x22 ./Middlewares/ST/STM32_USB_Device_Library/Core/Src/usbd_ctlreq.o
                0x00000000080122ee                USBD_CtlError
 .text.USBD_GetString
                0x0000000008012310       0x8c ./Middlewares/ST/STM32_USB_Device_Library/Core/Src/usbd_ctlreq.o
                0x0000000008012310                USBD_GetString
 .text.USBD_GetLen
                0x000000000801239c       0x34 ./Middlewares/ST/STM32_USB_Device_Library/Core/Src/usbd_ctlreq.o
 .text.USBD_CtlSendData
                0x00000000080123d0       0x36 ./Middlewares/ST/STM32_USB_Device_Library/Core/Src/usbd_ioreq.o
                0x00000000080123d0                USBD_CtlSendData
 .text.USBD_CtlContinueSendData
                0x0000000008012406       0x22 ./Middlewares/ST/STM32_USB_Device_Library/Core/Src/usbd_ioreq.o
                0x0000000008012406                USBD_CtlContinueSendData
 .text.USBD_CtlPrepareRx
                0x0000000008012428       0x3a ./Middlewares/ST/STM32_USB_Device_Library/Core/Src/usbd_ioreq.o
                0x0000000008012428                USBD_CtlPrepareRx
 .text.USBD_CtlContinueRx
                0x0000000008012462       0x22 ./Middlewares/ST/STM32_USB_Device_Library/Core/Src/usbd_ioreq.o
                0x0000000008012462                USBD_CtlContinueRx
 .text.USBD_CtlSendStatus
                0x0000000008012484       0x26 ./Middlewares/ST/STM32_USB_Device_Library/Core/Src/usbd_ioreq.o
                0x0000000008012484                USBD_CtlSendStatus
 .text.USBD_CtlReceiveStatus
                0x00000000080124aa       0x26 ./Middlewares/ST/STM32_USB_Device_Library/Core/Src/usbd_ioreq.o
                0x00000000080124aa                USBD_CtlReceiveStatus
 .text.MX_USB_DEVICE_Init
                0x00000000080124d0       0x60 ./USB_DEVICE/App/usb_device.o
                0x00000000080124d0                MX_USB_DEVICE_Init
 .text.CDC_Init_FS
                0x0000000008012530       0x28 ./USB_DEVICE/App/usbd_cdc_if.o
 .text.CDC_DeInit_FS
                0x0000000008012558       0x10 ./USB_DEVICE/App/usbd_cdc_if.o
 .text.CDC_Control_FS
                0x0000000008012568       0xbc ./USB_DEVICE/App/usbd_cdc_if.o
 .text.CDC_Receive_FS
                0x0000000008012624       0x6c ./USB_DEVICE/App/usbd_cdc_if.o
 .text.CDC_Transmit_FS
                0x0000000008012690       0x4c ./USB_DEVICE/App/usbd_cdc_if.o
                0x0000000008012690                CDC_Transmit_FS
 .text.CDC_TransmitCplt_FS
                0x00000000080126dc       0x22 ./USB_DEVICE/App/usbd_cdc_if.o
 *fill*         0x00000000080126fe        0x2 
 .text.CDC_getReady
                0x0000000008012700       0x30 ./USB_DEVICE/App/usbd_cdc_if.o
                0x0000000008012700                CDC_getReady
 .text.USBD_FS_DeviceDescriptor
                0x0000000008012730       0x24 ./USB_DEVICE/App/usbd_desc.o
                0x0000000008012730                USBD_FS_DeviceDescriptor
 .text.USBD_FS_LangIDStrDescriptor
                0x0000000008012754       0x24 ./USB_DEVICE/App/usbd_desc.o
                0x0000000008012754                USBD_FS_LangIDStrDescriptor
 .text.USBD_FS_ProductStrDescriptor
                0x0000000008012778       0x3c ./USB_DEVICE/App/usbd_desc.o
                0x0000000008012778                USBD_FS_ProductStrDescriptor
 .text.USBD_FS_ManufacturerStrDescriptor
                0x00000000080127b4       0x28 ./USB_DEVICE/App/usbd_desc.o
                0x00000000080127b4                USBD_FS_ManufacturerStrDescriptor
 .text.USBD_FS_SerialStrDescriptor
                0x00000000080127dc       0x24 ./USB_DEVICE/App/usbd_desc.o
                0x00000000080127dc                USBD_FS_SerialStrDescriptor
 .text.USBD_FS_ConfigStrDescriptor
                0x0000000008012800       0x3c ./USB_DEVICE/App/usbd_desc.o
                0x0000000008012800                USBD_FS_ConfigStrDescriptor
 .text.USBD_FS_InterfaceStrDescriptor
                0x000000000801283c       0x3c ./USB_DEVICE/App/usbd_desc.o
                0x000000000801283c                USBD_FS_InterfaceStrDescriptor
 .text.Get_SerialNum
                0x0000000008012878       0x58 ./USB_DEVICE/App/usbd_desc.o
 .text.IntToUnicode
                0x00000000080128d0       0x7e ./USB_DEVICE/App/usbd_desc.o
 *fill*         0x000000000801294e        0x2 
 .text.HAL_PCD_MspInit
                0x0000000008012950       0xa8 ./USB_DEVICE/Target/usbd_conf.o
                0x0000000008012950                HAL_PCD_MspInit
 .text.HAL_PCD_SetupStageCallback
                0x00000000080129f8       0x24 ./USB_DEVICE/Target/usbd_conf.o
                0x00000000080129f8                HAL_PCD_SetupStageCallback
 .text.HAL_PCD_DataOutStageCallback
                0x0000000008012a1c       0x36 ./USB_DEVICE/Target/usbd_conf.o
                0x0000000008012a1c                HAL_PCD_DataOutStageCallback
 .text.HAL_PCD_DataInStageCallback
                0x0000000008012a52       0x34 ./USB_DEVICE/Target/usbd_conf.o
                0x0000000008012a52                HAL_PCD_DataInStageCallback
 .text.HAL_PCD_SOFCallback
                0x0000000008012a86       0x1c ./USB_DEVICE/Target/usbd_conf.o
                0x0000000008012a86                HAL_PCD_SOFCallback
 .text.HAL_PCD_ResetCallback
                0x0000000008012aa2       0x3c ./USB_DEVICE/Target/usbd_conf.o
                0x0000000008012aa2                HAL_PCD_ResetCallback
 *fill*         0x0000000008012ade        0x2 
 .text.HAL_PCD_SuspendCallback
                0x0000000008012ae0       0x4c ./USB_DEVICE/Target/usbd_conf.o
                0x0000000008012ae0                HAL_PCD_SuspendCallback
 .text.HAL_PCD_ResumeCallback
                0x0000000008012b2c       0x1c ./USB_DEVICE/Target/usbd_conf.o
                0x0000000008012b2c                HAL_PCD_ResumeCallback
 .text.HAL_PCD_ISOOUTIncompleteCallback
                0x0000000008012b48       0x24 ./USB_DEVICE/Target/usbd_conf.o
                0x0000000008012b48                HAL_PCD_ISOOUTIncompleteCallback
 .text.HAL_PCD_ISOINIncompleteCallback
                0x0000000008012b6c       0x24 ./USB_DEVICE/Target/usbd_conf.o
                0x0000000008012b6c                HAL_PCD_ISOINIncompleteCallback
 .text.HAL_PCD_ConnectCallback
                0x0000000008012b90       0x1c ./USB_DEVICE/Target/usbd_conf.o
                0x0000000008012b90                HAL_PCD_ConnectCallback
 .text.HAL_PCD_DisconnectCallback
                0x0000000008012bac       0x1c ./USB_DEVICE/Target/usbd_conf.o
                0x0000000008012bac                HAL_PCD_DisconnectCallback
 .text.USBD_LL_Init
                0x0000000008012bc8       0x98 ./USB_DEVICE/Target/usbd_conf.o
                0x0000000008012bc8                USBD_LL_Init
 .text.USBD_LL_Start
                0x0000000008012c60       0x36 ./USB_DEVICE/Target/usbd_conf.o
                0x0000000008012c60                USBD_LL_Start
 .text.USBD_LL_OpenEP
                0x0000000008012c96       0x4c ./USB_DEVICE/Target/usbd_conf.o
                0x0000000008012c96                USBD_LL_OpenEP
 .text.USBD_LL_CloseEP
                0x0000000008012ce2       0x3e ./USB_DEVICE/Target/usbd_conf.o
                0x0000000008012ce2                USBD_LL_CloseEP
 .text.USBD_LL_StallEP
                0x0000000008012d20       0x3e ./USB_DEVICE/Target/usbd_conf.o
                0x0000000008012d20                USBD_LL_StallEP
 .text.USBD_LL_ClearStallEP
                0x0000000008012d5e       0x3e ./USB_DEVICE/Target/usbd_conf.o
                0x0000000008012d5e                USBD_LL_ClearStallEP
 .text.USBD_LL_IsStallEP
                0x0000000008012d9c       0x58 ./USB_DEVICE/Target/usbd_conf.o
                0x0000000008012d9c                USBD_LL_IsStallEP
 .text.USBD_LL_SetUSBAddress
                0x0000000008012df4       0x3e ./USB_DEVICE/Target/usbd_conf.o
                0x0000000008012df4                USBD_LL_SetUSBAddress
 .text.USBD_LL_Transmit
                0x0000000008012e32       0x42 ./USB_DEVICE/Target/usbd_conf.o
                0x0000000008012e32                USBD_LL_Transmit
 .text.USBD_LL_PrepareReceive
                0x0000000008012e74       0x42 ./USB_DEVICE/Target/usbd_conf.o
                0x0000000008012e74                USBD_LL_PrepareReceive
 .text.USBD_LL_GetRxDataSize
                0x0000000008012eb6       0x26 ./USB_DEVICE/Target/usbd_conf.o
                0x0000000008012eb6                USBD_LL_GetRxDataSize
 .text.USBD_static_malloc
                0x0000000008012edc       0x1c ./USB_DEVICE/Target/usbd_conf.o
                0x0000000008012edc                USBD_static_malloc
 .text.USBD_static_free
                0x0000000008012ef8       0x14 ./USB_DEVICE/Target/usbd_conf.o
                0x0000000008012ef8                USBD_static_free
 .text.USBD_Get_USB_Status
                0x0000000008012f0c       0x58 ./USB_DEVICE/Target/usbd_conf.o
                0x0000000008012f0c                USBD_Get_USB_Status
 .text.__errno  0x0000000008012f64        0xc /opt/st/stm32cubeide_1.12.1/plugins/com.st.stm32cube.ide.mcu.externaltools.gnu-tools-for-stm32.10.3-2021.10.linux64_1.0.200.202301161003/tools/bin/../lib/gcc/arm-none-eabi/10.3.1/../../../../arm-none-eabi/lib/thumb/v7e-m+fp/hard/libc_nano.a(lib_a-errno.o)
                0x0000000008012f64                __errno
 .text.__libc_init_array
                0x0000000008012f70       0x48 /opt/st/stm32cubeide_1.12.1/plugins/com.st.stm32cube.ide.mcu.externaltools.gnu-tools-for-stm32.10.3-2021.10.linux64_1.0.200.202301161003/tools/bin/../lib/gcc/arm-none-eabi/10.3.1/../../../../arm-none-eabi/lib/thumb/v7e-m+fp/hard/libc_nano.a(lib_a-init.o)
                0x0000000008012f70                __libc_init_array
 .text.memcpy   0x0000000008012fb8       0x1c /opt/st/stm32cubeide_1.12.1/plugins/com.st.stm32cube.ide.mcu.externaltools.gnu-tools-for-stm32.10.3-2021.10.linux64_1.0.200.202301161003/tools/bin/../lib/gcc/arm-none-eabi/10.3.1/../../../../arm-none-eabi/lib/thumb/v7e-m+fp/hard/libc_nano.a(lib_a-memcpy-stub.o)
                0x0000000008012fb8                memcpy
 .text.memset   0x0000000008012fd4       0x10 /opt/st/stm32cubeide_1.12.1/plugins/com.st.stm32cube.ide.mcu.externaltools.gnu-tools-for-stm32.10.3-2021.10.linux64_1.0.200.202301161003/tools/bin/../lib/gcc/arm-none-eabi/10.3.1/../../../../arm-none-eabi/lib/thumb/v7e-m+fp/hard/libc_nano.a(lib_a-memset.o)
                0x0000000008012fd4                memset
 .text.sprintf  0x0000000008012fe4       0x40 /opt/st/stm32cubeide_1.12.1/plugins/com.st.stm32cube.ide.mcu.externaltools.gnu-tools-for-stm32.10.3-2021.10.linux64_1.0.200.202301161003/tools/bin/../lib/gcc/arm-none-eabi/10.3.1/../../../../arm-none-eabi/lib/thumb/v7e-m+fp/hard/libc_nano.a(lib_a-sprintf.o)
                0x0000000008012fe4                sprintf
                0x0000000008012fe4                siprintf
 .text.strcpy   0x0000000008013024       0x10 /opt/st/stm32cubeide_1.12.1/plugins/com.st.stm32cube.ide.mcu.externaltools.gnu-tools-for-stm32.10.3-2021.10.linux64_1.0.200.202301161003/tools/bin/../lib/gcc/arm-none-eabi/10.3.1/../../../../arm-none-eabi/lib/thumb/v7e-m+fp/hard/libc_nano.a(lib_a-strcpy.o)
                0x0000000008013024                strcpy
 .text.__ssputs_r
                0x0000000008013034       0xb6 /opt/st/stm32cubeide_1.12.1/plugins/com.st.stm32cube.ide.mcu.externaltools.gnu-tools-for-stm32.10.3-2021.10.linux64_1.0.200.202301161003/tools/bin/../lib/gcc/arm-none-eabi/10.3.1/../../../../arm-none-eabi/lib/thumb/v7e-m+fp/hard/libc_nano.a(lib_a-nano-svfprintf.o)
                0x0000000008013034                __ssputs_r
 *fill*         0x00000000080130ea        0x2 
 .text._svfprintf_r
                0x00000000080130ec      0x200 /opt/st/stm32cubeide_1.12.1/plugins/com.st.stm32cube.ide.mcu.externaltools.gnu-tools-for-stm32.10.3-2021.10.linux64_1.0.200.202301161003/tools/bin/../lib/gcc/arm-none-eabi/10.3.1/../../../../arm-none-eabi/lib/thumb/v7e-m+fp/hard/libc_nano.a(lib_a-nano-svfprintf.o)
                0x00000000080130ec                _svfprintf_r
                0x00000000080130ec                _svfiprintf_r
 .text._printf_common
                0x00000000080132ec       0xda /opt/st/stm32cubeide_1.12.1/plugins/com.st.stm32cube.ide.mcu.externaltools.gnu-tools-for-stm32.10.3-2021.10.linux64_1.0.200.202301161003/tools/bin/../lib/gcc/arm-none-eabi/10.3.1/../../../../arm-none-eabi/lib/thumb/v7e-m+fp/hard/libc_nano.a(lib_a-nano-vfprintf_i.o)
                0x00000000080132ec                _printf_common
 *fill*         0x00000000080133c6        0x2 
 .text._printf_i
                0x00000000080133c8      0x24c /opt/st/stm32cubeide_1.12.1/plugins/com.st.stm32cube.ide.mcu.externaltools.gnu-tools-for-stm32.10.3-2021.10.linux64_1.0.200.202301161003/tools/bin/../lib/gcc/arm-none-eabi/10.3.1/../../../../arm-none-eabi/lib/thumb/v7e-m+fp/hard/libc_nano.a(lib_a-nano-vfprintf_i.o)
                0x00000000080133c8                _printf_i
 .text.memmove  0x0000000008013614       0x34 /opt/st/stm32cubeide_1.12.1/plugins/com.st.stm32cube.ide.mcu.externaltools.gnu-tools-for-stm32.10.3-2021.10.linux64_1.0.200.202301161003/tools/bin/../lib/gcc/arm-none-eabi/10.3.1/../../../../arm-none-eabi/lib/thumb/v7e-m+fp/hard/libc_nano.a(lib_a-memmove.o)
                0x0000000008013614                memmove
 .text._free_r  0x0000000008013648       0x98 /opt/st/stm32cubeide_1.12.1/plugins/com.st.stm32cube.ide.mcu.externaltools.gnu-tools-for-stm32.10.3-2021.10.linux64_1.0.200.202301161003/tools/bin/../lib/gcc/arm-none-eabi/10.3.1/../../../../arm-none-eabi/lib/thumb/v7e-m+fp/hard/libc_nano.a(lib_a-nano-freer.o)
                0x0000000008013648                _free_r
 .text.sbrk_aligned
                0x00000000080136e0       0x40 /opt/st/stm32cubeide_1.12.1/plugins/com.st.stm32cube.ide.mcu.externaltools.gnu-tools-for-stm32.10.3-2021.10.linux64_1.0.200.202301161003/tools/bin/../lib/gcc/arm-none-eabi/10.3.1/../../../../arm-none-eabi/lib/thumb/v7e-m+fp/hard/libc_nano.a(lib_a-nano-mallocr.o)
 .text._malloc_r
                0x0000000008013720       0xe8 /opt/st/stm32cubeide_1.12.1/plugins/com.st.stm32cube.ide.mcu.externaltools.gnu-tools-for-stm32.10.3-2021.10.linux64_1.0.200.202301161003/tools/bin/../lib/gcc/arm-none-eabi/10.3.1/../../../../arm-none-eabi/lib/thumb/v7e-m+fp/hard/libc_nano.a(lib_a-nano-mallocr.o)
                0x0000000008013720                _malloc_r
 .text._realloc_r
                0x0000000008013808       0x5e /opt/st/stm32cubeide_1.12.1/plugins/com.st.stm32cube.ide.mcu.externaltools.gnu-tools-for-stm32.10.3-2021.10.linux64_1.0.200.202301161003/tools/bin/../lib/gcc/arm-none-eabi/10.3.1/../../../../arm-none-eabi/lib/thumb/v7e-m+fp/hard/libc_nano.a(lib_a-nano-reallocr.o)
                0x0000000008013808                _realloc_r
 *fill*         0x0000000008013866        0x2 
 .text._sbrk_r  0x0000000008013868       0x20 /opt/st/stm32cubeide_1.12.1/plugins/com.st.stm32cube.ide.mcu.externaltools.gnu-tools-for-stm32.10.3-2021.10.linux64_1.0.200.202301161003/tools/bin/../lib/gcc/arm-none-eabi/10.3.1/../../../../arm-none-eabi/lib/thumb/v7e-m+fp/hard/libc_nano.a(lib_a-sbrkr.o)
                0x0000000008013868                _sbrk_r
 .text.__malloc_lock
                0x0000000008013888        0xc /opt/st/stm32cubeide_1.12.1/plugins/com.st.stm32cube.ide.mcu.externaltools.gnu-tools-for-stm32.10.3-2021.10.linux64_1.0.200.202301161003/tools/bin/../lib/gcc/arm-none-eabi/10.3.1/../../../../arm-none-eabi/lib/thumb/v7e-m+fp/hard/libc_nano.a(lib_a-mlock.o)
                0x0000000008013888                __malloc_lock
 .text.__malloc_unlock