../Drivers/LCD/lcd.c:92:13:setSPI_Size	16	static
../Drivers/LCD/lcd.c:121:13:setDMAMemMode	16	static
../Drivers/LCD/lcd.c:181:13:LCD_WriteCommand	16	static
../Drivers/LCD/lcd.c:204:13:LCD_WriteData	24	static
../Drivers/LCD/lcd.c:267:6:LCD_SetRotation	24	static
../Drivers/LCD/lcd.c:313:13:LCD_SetAddressWindow	56	static
../Drivers/LCD/lcd.c:342:6:LCD_DrawPixel	24	static
../Drivers/LCD/lcd.c:372:6:LCD_FillPixels	152	static
../Drivers/LCD/lcd.c:397:7:LCD_FillArea	24	static
../Drivers/LCD/lcd.c:424:8:LCD_Fill	32	static
../Drivers/LCD/lcd.c:450:6:LCD_DrawImage	32	static
../Drivers/LCD/lcd.c:484:8:LCD_DrawLine	40	static
../Drivers/LCD/lcd.c:500:6:LCD_PutChar	40	static
../Drivers/LCD/lcd.c:505:6:LCD_PutStr	24	static
../Drivers/LCD/lcd.c:516:6:LCD_InvertColors	24	static
../Drivers/LCD/lcd.c:527:6:LCD_TearEffect	24	static
../Drivers/LCD/lcd.c:533:6:LCD_setPower	24	static
../Drivers/LCD/lcd.c:539:13:LCD_Update	8	static
../Drivers/LCD/lcd.c:563:6:LCD_init	16	static
../Drivers/LCD/lcd.c:598:13:clearTime	8	static
../Drivers/LCD/lcd.c:601:13:printTime	24	static
../Drivers/LCD/lcd.c:628:6:LCD_Test	80	static
../Drivers/LCD/lcd.c:909:13:window_1_callback	16	static
