Archive member included to satisfy reference by file (symbol)

/opt/st/stm32cubeide_1.12.1/plugins/com.st.stm32cube.ide.mcu.externaltools.gnu-tools-for-stm32.10.3-2021.10.linux64_1.0.200.202301161003/tools/bin/../lib/gcc/arm-none-eabi/10.3.1/../../../../arm-none-eabi/lib/thumb/v7e-m+fp/hard/libc_nano.a(lib_a-calloc.o)
                              ./Core/Src/main.o (calloc)
/opt/st/stm32cubeide_1.12.1/plugins/com.st.stm32cube.ide.mcu.externaltools.gnu-tools-for-stm32.10.3-2021.10.linux64_1.0.200.202301161003/tools/bin/../lib/gcc/arm-none-eabi/10.3.1/../../../../arm-none-eabi/lib/thumb/v7e-m+fp/hard/libc_nano.a(lib_a-errno.o)
                              ./Core/Src/syscalls.o (__errno)
/opt/st/stm32cubeide_1.12.1/plugins/com.st.stm32cube.ide.mcu.externaltools.gnu-tools-for-stm32.10.3-2021.10.linux64_1.0.200.202301161003/tools/bin/../lib/gcc/arm-none-eabi/10.3.1/../../../../arm-none-eabi/lib/thumb/v7e-m+fp/hard/libc_nano.a(lib_a-exit.o)
                              /opt/st/stm32cubeide_1.12.1/plugins/com.st.stm32cube.ide.mcu.externaltools.gnu-tools-for-stm32.10.3-2021.10.linux64_1.0.200.202301161003/tools/bin/../lib/gcc/arm-none-eabi/10.3.1/../../../../arm-none-eabi/lib/thumb/v7e-m+fp/hard/crt0.o (exit)
/opt/st/stm32cubeide_1.12.1/plugins/com.st.stm32cube.ide.mcu.externaltools.gnu-tools-for-stm32.10.3-2021.10.linux64_1.0.200.202301161003/tools/bin/../lib/gcc/arm-none-eabi/10.3.1/../../../../arm-none-eabi/lib/thumb/v7e-m+fp/hard/libc_nano.a(lib_a-findfp.o)
                              ./Middlewares/Third_Party/FreeRTOS/Source/tasks.o (__sf_fake_stderr)
/opt/st/stm32cubeide_1.12.1/plugins/com.st.stm32cube.ide.mcu.externaltools.gnu-tools-for-stm32.10.3-2021.10.linux64_1.0.200.202301161003/tools/bin/../lib/gcc/arm-none-eabi/10.3.1/../../../../arm-none-eabi/lib/thumb/v7e-m+fp/hard/libc_nano.a(lib_a-fwalk.o)
                              /opt/st/stm32cubeide_1.12.1/plugins/com.st.stm32cube.ide.mcu.externaltools.gnu-tools-for-stm32.10.3-2021.10.linux64_1.0.200.202301161003/tools/bin/../lib/gcc/arm-none-eabi/10.3.1/../../../../arm-none-eabi/lib/thumb/v7e-m+fp/hard/libc_nano.a(lib_a-findfp.o) (_fwalk)
/opt/st/stm32cubeide_1.12.1/plugins/com.st.stm32cube.ide.mcu.externaltools.gnu-tools-for-stm32.10.3-2021.10.linux64_1.0.200.202301161003/tools/bin/../lib/gcc/arm-none-eabi/10.3.1/../../../../arm-none-eabi/lib/thumb/v7e-m+fp/hard/libc_nano.a(lib_a-impure.o)
                              /opt/st/stm32cubeide_1.12.1/plugins/com.st.stm32cube.ide.mcu.externaltools.gnu-tools-for-stm32.10.3-2021.10.linux64_1.0.200.202301161003/tools/bin/../lib/gcc/arm-none-eabi/10.3.1/../../../../arm-none-eabi/lib/thumb/v7e-m+fp/hard/libc_nano.a(lib_a-exit.o) (_global_impure_ptr)
/opt/st/stm32cubeide_1.12.1/plugins/com.st.stm32cube.ide.mcu.externaltools.gnu-tools-for-stm32.10.3-2021.10.linux64_1.0.200.202301161003/tools/bin/../lib/gcc/arm-none-eabi/10.3.1/../../../../arm-none-eabi/lib/thumb/v7e-m+fp/hard/libc_nano.a(lib_a-init.o)
                              /opt/st/stm32cubeide_1.12.1/plugins/com.st.stm32cube.ide.mcu.externaltools.gnu-tools-for-stm32.10.3-2021.10.linux64_1.0.200.202301161003/tools/bin/../lib/gcc/arm-none-eabi/10.3.1/../../../../arm-none-eabi/lib/thumb/v7e-m+fp/hard/crt0.o (__libc_init_array)
/opt/st/stm32cubeide_1.12.1/plugins/com.st.stm32cube.ide.mcu.externaltools.gnu-tools-for-stm32.10.3-2021.10.linux64_1.0.200.202301161003/tools/bin/../lib/gcc/arm-none-eabi/10.3.1/../../../../arm-none-eabi/lib/thumb/v7e-m+fp/hard/libc_nano.a(lib_a-lock.o)
                              /opt/st/stm32cubeide_1.12.1/plugins/com.st.stm32cube.ide.mcu.externaltools.gnu-tools-for-stm32.10.3-2021.10.linux64_1.0.200.202301161003/tools/bin/../lib/gcc/arm-none-eabi/10.3.1/../../../../arm-none-eabi/lib/thumb/v7e-m+fp/hard/libc_nano.a(lib_a-findfp.o) (__retarget_lock_init_recursive)
/opt/st/stm32cubeide_1.12.1/plugins/com.st.stm32cube.ide.mcu.externaltools.gnu-tools-for-stm32.10.3-2021.10.linux64_1.0.200.202301161003/tools/bin/../lib/gcc/arm-none-eabi/10.3.1/../../../../arm-none-eabi/lib/thumb/v7e-m+fp/hard/libc_nano.a(lib_a-malloc.o)
                              ./Core/Src/main.o (free)
/opt/st/stm32cubeide_1.12.1/plugins/com.st.stm32cube.ide.mcu.externaltools.gnu-tools-for-stm32.10.3-2021.10.linux64_1.0.200.202301161003/tools/bin/../lib/gcc/arm-none-eabi/10.3.1/../../../../arm-none-eabi/lib/thumb/v7e-m+fp/hard/libc_nano.a(lib_a-memcpy-stub.o)
                              ./Middlewares/Third_Party/FreeRTOS/Source/CMSIS_RTOS_V2/cmsis_os2.o (memcpy)
/opt/st/stm32cubeide_1.12.1/plugins/com.st.stm32cube.ide.mcu.externaltools.gnu-tools-for-stm32.10.3-2021.10.linux64_1.0.200.202301161003/tools/bin/../lib/gcc/arm-none-eabi/10.3.1/../../../../arm-none-eabi/lib/thumb/v7e-m+fp/hard/libc_nano.a(lib_a-memset.o)
[...]
Memory Configuration

Name             Origin             Length             Attributes
RAM              0x0000000020000000 0x0000000000020000 xrw
FLASH            0x0000000008000000 0x0000000000080000 xr
*default*        0x0000000000000000 0xffffffffffffffff

Linker script and memory map

LOAD /opt/st/stm32cubeide_1.12.1/plugins/com.st.stm32cube.ide.mcu.externaltools.gnu-tools-for-stm32.10.3-2021.10.linux64_1.0.200.202301161003/tools/bin/../lib/gcc/arm-none-eabi/10.3.1/thumb/v7e-m+fp/hard/crti.o
LOAD /opt/st/stm32cubeide_1.12.1/plugins/com.st.stm32cube.ide.mcu.externaltools.gnu-tools-for-stm32.10.3-2021.10.linux64_1.0.200.202301161003/tools/bin/../lib/gcc/arm-none-eabi/10.3.1/thumb/v7e-m+fp/hard/crtbegin.o
LOAD /opt/st/stm32cubeide_1.12.1/plugins/com.st.stm32cube.ide.mcu.externaltools.gnu-tools-for-stm32.10.3-2021.10.linux64_1.0.200.202301161003/tools/bin/../lib/gcc/arm-none-eabi/10.3.1/../../../../arm-none-eabi/lib/thumb/v7e-m+fp/hard/crt0.o
LOAD ./Core/Src/freertos.o
LOAD ./Core/Src/main.o
LOAD ./Core/Src/stm32f4xx_hal_msp.o
LOAD ./Core/Src/stm32f4xx_it.o
LOAD ./Core/Src/syscalls.o
LOAD ./Core/Src/sysmem.o
LOAD ./Core/Src/system_stm32f4xx.o
LOAD ./Core/Startup/startup_stm32f411ceux.o
LOAD ./Drivers/LCD/images.o
LOAD ./Drivers/LCD/lcd.o
LOAD ./Drivers/STM32F4xx_HAL_Driver/Src/stm32f4xx_hal.o
LOAD ./Drivers/STM32F4xx_HAL_Driver/Src/stm32f4xx_hal_cortex.o
LOAD ./Drivers/STM32F4xx_HAL_Driver/Src/stm32f4xx_hal_dma.o
LOAD ./Drivers/STM32F4xx_HAL_Driver/Src/stm32f4xx_hal_dma_ex.o
LOAD ./Drivers/STM32F4xx_HAL_Driver/Src/stm32f4xx_hal_exti.o
LOAD ./Drivers/STM32F4xx_HAL_Driver/Src/stm32f4xx_hal_flash.o
LOAD ./Drivers/STM32F4xx_HAL_Driver/Src/stm32f4xx_hal_flash_ex.o
LOAD ./Drivers/STM32F4xx_HAL_Driver/Src/stm32f4xx_hal_flash_ramfunc.o
LOAD ./Drivers/STM32F4xx_HAL_Driver/Src/stm32f4xx_hal_gpio.o
LOAD ./Drivers/STM32F4xx_HAL_Driver/Src/stm32f4xx_hal_pwr.o
LOAD ./Drivers/STM32F4xx_HAL_Driver/Src/stm32f4xx_hal_pwr_ex.o
LOAD ./Drivers/STM32F4xx_HAL_Driver/Src/stm32f4xx_hal_rcc.o
LOAD ./Drivers/STM32F4xx_HAL_Driver/Src/stm32f4xx_hal_rcc_ex.o
LOAD ./Drivers/STM32F4xx_HAL_Driver/Src/stm32f4xx_hal_spi.o
LOAD ./Drivers/STM32F4xx_HAL_Driver/Src/stm32f4xx_hal_tim.o
LOAD ./Drivers/STM32F4xx_HAL_Driver/Src/stm32f4xx_hal_tim_ex.o
LOAD ./Drivers/STM32F4xx_HAL_Driver/Src/stm32f4xx_hal_uart.o
LOAD ./Drivers/UGUI/Fonts/arial_10X13.o
LOAD ./Drivers/UGUI/Fonts/arial_10X13_cyrillic.o
LOAD ./Drivers/UGUI/Fonts/arial_12X15.o
LOAD ./Drivers/UGUI/Fonts/arial_12X15_cyrillic.o
LOAD ./Drivers/UGUI/Fonts/arial_16X18.o
LOAD ./Drivers/UGUI/Fonts/arial_16X18_cyrillic.o
LOAD ./Drivers/UGUI/Fonts/arial_20X23.o
LOAD ./Drivers/UGUI/Fonts/arial_20X23_cyrillic.o
LOAD ./Drivers/UGUI/Fonts/arial_25X28.o
LOAD ./Drivers/UGUI/Fonts/arial_25X28_cyrillic.o
LOAD ./Drivers/UGUI/Fonts/arial_29X35.o
LOAD ./Drivers/UGUI/Fonts/arial_29X35_cyrillic.o
LOAD ./Drivers/UGUI/Fonts/arial_35X40.o
LOAD ./Drivers/UGUI/Fonts/arial_35X40_cyrillic.o
LOAD ./Drivers/UGUI/Fonts/arial_39X45.o
LOAD ./Drivers/UGUI/Fonts/arial_39X45_cyrillic.o
LOAD ./Drivers/UGUI/Fonts/arial_45X52.o
LOAD ./Drivers/UGUI/Fonts/arial_45X52_cyrillic.o
LOAD ./Drivers/UGUI/Fonts/arial_49X57.o
LOAD ./Drivers/UGUI/Fonts/arial_49X57_cyrillic.o
LOAD ./Drivers/UGUI/Fonts/arial_6X6.o
LOAD ./Drivers/UGUI/Fonts/arial_6X6_cyrillic.o
LOAD ./Drivers/UGUI/Fonts/arial_9X10.o
LOAD ./Drivers/UGUI/Fonts/arial_9X10_cyrillic.o
LOAD ./Drivers/UGUI/Fonts/font_10x16.o
LOAD ./Drivers/UGUI/Fonts/font_12x16.o
LOAD ./Drivers/UGUI/Fonts/font_12x20.o
LOAD ./Drivers/UGUI/Fonts/font_16x26.o
LOAD ./Drivers/UGUI/Fonts/font_22x36.o
LOAD ./Drivers/UGUI/Fonts/font_24x40.o
LOAD ./Drivers/UGUI/Fonts/font_32x53.o
LOAD ./Drivers/UGUI/Fonts/font_4x6.o
LOAD ./Drivers/UGUI/Fonts/font_5x12.o
LOAD ./Drivers/UGUI/Fonts/font_5x8.o
LOAD ./Drivers/UGUI/Fonts/font_6x10.o
LOAD ./Drivers/UGUI/Fonts/font_6x8.o
LOAD ./Drivers/UGUI/Fonts/font_7x12.o
LOAD ./Drivers/UGUI/Fonts/font_8x12.o
LOAD ./Drivers/UGUI/Fonts/font_8x12_cyrillic.o
LOAD ./Drivers/UGUI/Fonts/font_8x14.o
LOAD ./Drivers/UGUI/Fonts/font_8x8.o
LOAD ./Drivers/UGUI/ugui.o
LOAD ./Drivers/UGUI/ugui_button.o
LOAD ./Drivers/UGUI/ugui_checkbox.o
LOAD ./Drivers/UGUI/ugui_image.o
LOAD ./Drivers/UGUI/ugui_progress.o
LOAD ./Drivers/UGUI/ugui_textbox.o
LOAD ./Drivers/UI/Src/Bitmaps.o
LOAD ./Drivers/UI/Src/UI.o
LOAD ./Middlewares/Third_Party/FreeRTOS/Source/CMSIS_RTOS_V2/cmsis_os2.o
LOAD ./Middlewares/Third_Party/FreeRTOS/Source/croutine.o
LOAD ./Middlewares/Third_Party/FreeRTOS/Source/event_groups.o
LOAD ./Middlewares/Third_Party/FreeRTOS/Source/list.o
LOAD ./Middlewares/Third_Party/FreeRTOS/Source/queue.o
LOAD ./Middlewares/Third_Party/FreeRTOS/Source/stream_buffer.o
LOAD ./Middlewares/Third_Party/FreeRTOS/Source/tasks.o
LOAD ./Middlewares/Third_Party/FreeRTOS/Source/timers.o
LOAD ./Middlewares/Third_Party/FreeRTOS/Source/portable/GCC/ARM_CM4F/port.o
LOAD ./Middlewares/Third_Party/FreeRTOS/Source/portable/MemMang/heap_4.o
START GROUP
LOAD /opt/st/stm32cubeide_1.12.1/plugins/com.st.stm32cube.ide.mcu.externaltools.gnu-tools-for-stm32.10.3-2021.10.linux64_1.0.200.202301161003/tools/bin/../lib/gcc/arm-none-eabi/10.3.1/../../../../arm-none-eabi/lib/thumb/v7e-m+fp/hard/libc_nano.a
LOAD /opt/st/stm32cubeide_1.12.1/plugins/com.st.stm32cube.ide.mcu.externaltools.gnu-tools-for-stm32.10.3-2021.10.linux64_1.0.200.202301161003/tools/bin/../lib/gcc/arm-none-eabi/10.3.1/../../../../arm-none-eabi/lib/thumb/v7e-m+fp/hard/libm.a
END GROUP
START GROUP
LOAD /opt/st/stm32cubeide_1.12.1/plugins/com.st.stm32cube.ide.mcu.externaltools.gnu-tools-for-stm32.10.3-2021.10.linux64_1.0.200.202301161003/tools/bin/../lib/gcc/arm-none-eabi/10.3.1/thumb/v7e-m+fp/hard/libgcc.a
LOAD /opt/st/stm32cubeide_1.12.1/plugins/com.st.stm32cube.ide.mcu.externaltools.gnu-tools-for-stm32.10.3-2021.10.linux64_1.0.200.202301161003/tools/bin/../lib/gcc/arm-none-eabi/10.3.1/../../../../arm-none-eabi/lib/thumb/v7e-m+fp/hard/libc_nano.a
END GROUP
START GROUP
LOAD /opt/st/stm32cubeide_1.12.1/plugins/com.st.stm32cube.ide.mcu.externaltools.gnu-tools-for-stm32.10.3-2021.10.linux64_1.0.200.202301161003/tools/bin/../lib/gcc/arm-none-eabi/10.3.1/thumb/v7e-m+fp/hard/libgcc.a
LOAD /opt/st/stm32cubeide_1.12.1/plugins/com.st.stm32cube.ide.mcu.externaltools.gnu-tools-for-stm32.10.3-2021.10.linux64_1.0.200.202301161003/tools/bin/../lib/gcc/arm-none-eabi/10.3.1/../../../../arm-none-eabi/lib/thumb/v7e-m+fp/hard/libc_nano.a
LOAD /opt/st/stm32cubeide_1.12.1/plugins/com.st.stm32cube.ide.mcu.externaltools.gnu-tools-for-stm32.10.3-2021.10.linux64_1.0.200.202301161003/tools/bin/../lib/gcc/arm-none-eabi/10.3.1/../../../../arm-none-eabi/lib/thumb/v7e-m+fp/hard/libnosys.a
END GROUP
START GROUP
LOAD /opt/st/stm32cubeide_1.12.1/plugins/com.st.stm32cube.ide.mcu.externaltools.gnu-tools-for-stm32.10.3-2021.10.linux64_1.0.200.202301161003/tools/bin/../lib/gcc/arm-none-eabi/10.3.1/thumb/v7e-m+fp/hard/libgcc.a
LOAD /opt/st/stm32cubeide_1.12.1/plugins/com.st.stm32cube.ide.mcu.externaltools.gnu-tools-for-stm32.10.3-2021.10.linux64_1.0.200.202301161003/tools/bin/../lib/gcc/arm-none-eabi/10.3.1/../../../../arm-none-eabi/lib/thumb/v7e-m+fp/hard/libc_nano.a
LOAD /opt/st/stm32cubeide_1.12.1/plugins/com.st.stm32cube.ide.mcu.externaltools.gnu-tools-for-stm32.10.3-2021.10.linux64_1.0.200.202301161003/tools/bin/../lib/gcc/arm-none-eabi/10.3.1/../../../../arm-none-eabi/lib/thumb/v7e-m+fp/hard/libnosys.a
END GROUP
LOAD /opt/st/stm32cubeide_1.12.1/plugins/com.st.stm32cube.ide.mcu.externaltools.gnu-tools-for-stm32.10.3-2021.10.linux64_1.0.200.202301161003/tools/bin/../lib/gcc/arm-none-eabi/10.3.1/thumb/v7e-m+fp/hard/crtend.o
LOAD /opt/st/stm32cubeide_1.12.1/plugins/com.st.stm32cube.ide.mcu.externaltools.gnu-tools-for-stm32.10.3-2021.10.linux64_1.0.200.202301161003/tools/bin/../lib/gcc/arm-none-eabi/10.3.1/thumb/v7e-m+fp/hard/crtn.o
                0x0000000020020000                _estack = (ORIGIN (RAM) + LENGTH (RAM))
                0x0000000000000200                _Min_Heap_Size = 0x200
                0x0000000000000400                _Min_Stack_Size = 0x400

.isr_vector     0x0000000008000000      0x198
                0x0000000008000000                . = ALIGN (0x4)
 *(.isr_vector)
 .isr_vector    0x0000000008000000      0x198 ./Core/Startup/startup_stm32f411ceux.o
                0x0000000008000000                g_pfnVectors
                0x0000000008000198                . = ALIGN (0x4)

.text           0x00000000080001a0     0xd144
                0x00000000080001a0                . = ALIGN (0x4)
 *(.text)
 .text          0x00000000080001a0       0x40 /opt/st/stm32cubeide_1.12.1/plugins/com.st.stm32cube.ide.mcu.externaltools.gnu-tools-for-stm32.10.3-2021.10.linux64_1.0.200.202301161003/tools/bin/../lib/gcc/arm-none-eabi/10.3.1/thumb/v7e-m+fp/hard/crtbegin.o
 .text          0x00000000080001e0       0xa0 /opt/st/stm32cubeide_1.12.1/plugins/com.st.stm32cube.ide.mcu.externaltools.gnu-tools-for-stm32.10.3-2021.10.linux64_1.0.200.202301161003/tools/bin/../lib/gcc/arm-none-eabi/10.3.1/../../../../arm-none-eabi/lib/thumb/v7e-m+fp/hard/libc_nano.a(lib_a-memchr.o)
                0x00000000080001e0                memchr
 .text          0x0000000008000280       0x30 /opt/st/stm32cubeide_1.12.1/plugins/com.st.stm32cube.ide.mcu.externaltools.gnu-tools-for-stm32.10.3-2021.10.linux64_1.0.200.202301161003/tools/bin/../lib/gcc/arm-none-eabi/10.3.1/thumb/v7e-m+fp/hard/libgcc.a(_aeabi_uldivmod.o)
                0x0000000008000280                __aeabi_uldivmod
 .text          0x00000000080002b0      0x2d0 /opt/st/stm32cubeide_1.12.1/plugins/com.st.stm32cube.ide.mcu.externaltools.gnu-tools-for-stm32.10.3-2021.10.linux64_1.0.200.202301161003/tools/bin/../lib/gcc/arm-none-eabi/10.3.1/thumb/v7e-m+fp/hard/libgcc.a(_udivmoddi4.o)
                0x00000000080002b0                __udivmoddi4
 .text          0x0000000008000580        0x4 /opt/st/stm32cubeide_1.12.1/plugins/com.st.stm32cube.ide.mcu.externaltools.gnu-tools-for-stm32.10.3-2021.10.linux64_1.0.200.202301161003/tools/bin/../lib/gcc/arm-none-eabi/10.3.1/thumb/v7e-m+fp/hard/libgcc.a(_dvmd_tls.o)
                0x0000000008000580                __aeabi_ldiv0
                0x0000000008000580                __aeabi_idiv0
 *(.text*)
 .text.main     0x0000000008000584       0xb4 ./Core/Src/main.o
                0x0000000008000584                main
 .text.DMATrasferCpltCallback
                0x0000000008000638       0x20 ./Core/Src/main.o
                0x0000000008000638                DMATrasferCpltCallback
 .text.SystemClock_Config
                0x0000000008000658       0xd0 ./Core/Src/main.o
                0x0000000008000658                SystemClock_Config
 .text.MX_SPI1_Init
                0x0000000008000728       0x6c ./Core/Src/main.o
 .text.MX_TIM1_Init
                0x0000000008000794       0xb0 ./Core/Src/main.o
 .text.MX_USART1_UART_Init
                0x0000000008000844       0x58 ./Core/Src/main.o
 .text.MX_DMA_Init
                0x000000000800089c       0xcc ./Core/Src/main.o
 .text.MX_GPIO_Init
                0x0000000008000968      0x1c8 ./Core/Src/main.o
 .text.StartDefaultTask
                0x0000000008000b30       0x10 ./Core/Src/main.o
                0x0000000008000b30                StartDefaultTask
 .text.vTaskLCD
                0x0000000008000b40       0xb0 ./Core/Src/main.o
                0x0000000008000b40                vTaskLCD
 .text.vTaskBlink
                0x0000000008000bf0       0x20 ./Core/Src/main.o
                0x0000000008000bf0                vTaskBlink
 .text.vTaskLeds
                0x0000000008000c10       0x40 ./Core/Src/main.o
                0x0000000008000c10                vTaskLeds
 .text.Error_Handler
                0x0000000008000c50        0xa ./Core/Src/main.o
                0x0000000008000c50                Error_Handler
 *fill*         0x0000000008000c5a        0x2 
 .text.HAL_MspInit
                0x0000000008000c5c       0x58 ./Core/Src/stm32f4xx_hal_msp.o
                0x0000000008000c5c                HAL_MspInit
 .text.HAL_SPI_MspInit
                0x0000000008000cb4       0xf4 ./Core/Src/stm32f4xx_hal_msp.o
                0x0000000008000cb4                HAL_SPI_MspInit
 .text.HAL_TIM_Encoder_MspInit
                0x0000000008000da8       0x90 ./Core/Src/stm32f4xx_hal_msp.o
                0x0000000008000da8                HAL_TIM_Encoder_MspInit
 .text.HAL_UART_MspInit
                0x0000000008000e38      0x148 ./Core/Src/stm32f4xx_hal_msp.o
                0x0000000008000e38                HAL_UART_MspInit
 .text.NMI_Handler
                0x0000000008000f80        0x6 ./Core/Src/stm32f4xx_it.o
                0x0000000008000f80                NMI_Handler
 .text.HardFault_Handler
                0x0000000008000f86        0x6 ./Core/Src/stm32f4xx_it.o
                0x0000000008000f86                HardFault_Handler
 .text.MemManage_Handler
                0x0000000008000f8c        0x6 ./Core/Src/stm32f4xx_it.o
                0x0000000008000f8c                MemManage_Handler
 .text.BusFault_Handler
                0x0000000008000f92        0x6 ./Core/Src/stm32f4xx_it.o
                0x0000000008000f92                BusFault_Handler
 .text.UsageFault_Handler
                0x0000000008000f98        0x6 ./Core/Src/stm32f4xx_it.o
                0x0000000008000f98                UsageFault_Handler
 .text.DebugMon_Handler
                0x0000000008000f9e        0xe ./Core/Src/stm32f4xx_it.o
                0x0000000008000f9e                DebugMon_Handler
 .text.SysTick_Handler
                0x0000000008000fac       0x1a ./Core/Src/stm32f4xx_it.o
                0x0000000008000fac                SysTick_Handler
 .text.EXTI0_IRQHandler
                0x0000000008000fc6        0xe ./Core/Src/stm32f4xx_it.o
                0x0000000008000fc6                EXTI0_IRQHandler
 .text.EXTI1_IRQHandler
                0x0000000008000fd4        0xe ./Core/Src/stm32f4xx_it.o
                0x0000000008000fd4                EXTI1_IRQHandler
 .text.EXTI2_IRQHandler
                0x0000000008000fe2        0xe ./Core/Src/stm32f4xx_it.o
                0x0000000008000fe2                EXTI2_IRQHandler
 .text.EXTI3_IRQHandler
                0x0000000008000ff0        0xe ./Core/Src/stm32f4xx_it.o
                0x0000000008000ff0                EXTI3_IRQHandler
 *fill*         0x0000000008000ffe        0x2 
 .text.USART1_IRQHandler
                0x0000000008001000       0x14 ./Core/Src/stm32f4xx_it.o
                0x0000000008001000                USART1_IRQHandler
 .text.EXTI15_10_IRQHandler
                0x0000000008001014       0x18 ./Core/Src/stm32f4xx_it.o
                0x0000000008001014                EXTI15_10_IRQHandler
 .text.DMA2_Stream1_IRQHandler
                0x000000000800102c       0x14 ./Core/Src/stm32f4xx_it.o
                0x000000000800102c                DMA2_Stream1_IRQHandler
 .text.DMA2_Stream2_IRQHandler
                0x0000000008001040       0x14 ./Core/Src/stm32f4xx_it.o
                0x0000000008001040                DMA2_Stream2_IRQHandler
 .text.DMA2_Stream7_IRQHandler
                0x0000000008001054       0x14 ./Core/Src/stm32f4xx_it.o
                0x0000000008001054                DMA2_Stream7_IRQHandler
 .text._sbrk    0x0000000008001068       0x6c ./Core/Src/sysmem.o
                0x0000000008001068                _sbrk
 .text.SystemInit
                0x00000000080010d4       0x24 ./Core/Src/system_stm32f4xx.o
                0x00000000080010d4                SystemInit
 .text.Reset_Handler
                0x00000000080010f8       0x50 ./Core/Startup/startup_stm32f411ceux.o
                0x00000000080010f8                Reset_Handler
 .text.Default_Handler
                0x0000000008001148        0x2 ./Core/Startup/startup_stm32f411ceux.o
                0x0000000008001148                RTC_Alarm_IRQHandler
                0x0000000008001148                SPI4_IRQHandler
                0x0000000008001148                TIM1_CC_IRQHandler
                0x0000000008001148                DMA2_Stream5_IRQHandler
                0x0000000008001148                DMA1_Stream5_IRQHandler
                0x0000000008001148                PVD_IRQHandler
                0x0000000008001148                SDIO_IRQHandler
                0x0000000008001148                TAMP_STAMP_IRQHandler
                0x0000000008001148                TIM1_UP_TIM10_IRQHandler
                0x0000000008001148                I2C3_ER_IRQHandler
                0x0000000008001148                I2C2_EV_IRQHandler
                0x0000000008001148                DMA1_Stream2_IRQHandler
                0x0000000008001148                FPU_IRQHandler
                0x0000000008001148                SPI1_IRQHandler
                0x0000000008001148                TIM1_BRK_TIM9_IRQHandler
                0x0000000008001148                DMA2_Stream3_IRQHandler
                0x0000000008001148                USART6_IRQHandler
                0x0000000008001148                DMA2_Stream0_IRQHandler
                0x0000000008001148                TIM4_IRQHandler
                0x0000000008001148                I2C1_EV_IRQHandler
                0x0000000008001148                DMA1_Stream6_IRQHandler
                0x0000000008001148                DMA1_Stream1_IRQHandler
                0x0000000008001148                TIM3_IRQHandler
                0x0000000008001148                RCC_IRQHandler
                0x0000000008001148                Default_Handler
                0x0000000008001148                ADC_IRQHandler
                0x0000000008001148                DMA1_Stream7_IRQHandler
                0x0000000008001148                SPI5_IRQHandler
                0x0000000008001148                TIM5_IRQHandler
                0x0000000008001148                I2C3_EV_IRQHandler
                0x0000000008001148                EXTI9_5_IRQHandler
                0x0000000008001148                RTC_WKUP_IRQHandler
                0x0000000008001148                SPI2_IRQHandler
                0x0000000008001148                DMA1_Stream0_IRQHandler
                0x0000000008001148                EXTI4_IRQHandler
                0x0000000008001148                WWDG_IRQHandler
                0x0000000008001148                TIM2_IRQHandler
                0x0000000008001148                OTG_FS_WKUP_IRQHandler
                0x0000000008001148                TIM1_TRG_COM_TIM11_IRQHandler
                0x0000000008001148                USART2_IRQHandler
                0x0000000008001148                I2C2_ER_IRQHandler
                0x0000000008001148                FLASH_IRQHandler
                0x0000000008001148                DMA2_Stream4_IRQHandler
                0x0000000008001148                OTG_FS_IRQHandler
                0x0000000008001148                SPI3_IRQHandler
                0x0000000008001148                DMA1_Stream4_IRQHandler
                0x0000000008001148                I2C1_ER_IRQHandler
                0x0000000008001148                DMA2_Stream6_IRQHandler
                0x0000000008001148                DMA1_Stream3_IRQHandler
 *fill*         0x000000000800114a        0x2 
 .text.setSPI_Size
                0x000000000800114c       0x8c ./Drivers/LCD/lcd.o
 .text.setDMAMemMode
                0x00000000080011d8      0x128 ./Drivers/LCD/lcd.o
 .text.LCD_WriteCommand
                0x0000000008001300       0x68 ./Drivers/LCD/lcd.o
 .text.LCD_WriteData
                0x0000000008001368       0xd4 ./Drivers/LCD/lcd.o
 .text.LCD_SetAddressWindow
                0x000000000800143c       0xae ./Drivers/LCD/lcd.o
 *fill*         0x00000000080014ea        0x2 
 .text.LCD_DrawPixel
                0x00000000080014ec       0x90 ./Drivers/LCD/lcd.o
                0x00000000080014ec                LCD_DrawPixel
 .text.LCD_FillPixels
                0x000000000800157c       0x86 ./Drivers/LCD/lcd.o
                0x000000000800157c                LCD_FillPixels
 *fill*         0x0000000008001602        0x2 
 .text.LCD_FillArea
                0x0000000008001604       0x68 ./Drivers/LCD/lcd.o
                0x0000000008001604                LCD_FillArea
 .text.LCD_Fill
                0x000000000800166c       0x6e ./Drivers/LCD/lcd.o
                0x000000000800166c                LCD_Fill
 .text.LCD_DrawImage
                0x00000000080016da       0xa6 ./Drivers/LCD/lcd.o
                0x00000000080016da                LCD_DrawImage
 .text.LCD_DrawLine
                0x0000000008001780       0x7c ./Drivers/LCD/lcd.o
                0x0000000008001780                LCD_DrawLine
 .text.LCD_PutStr
                0x00000000080017fc       0x40 ./Drivers/LCD/lcd.o
                0x00000000080017fc                LCD_PutStr
 .text.LCD_setPower
                0x000000000800183c       0x2c ./Drivers/LCD/lcd.o
                0x000000000800183c                LCD_setPower
 .text.LCD_Update
                0x0000000008001868       0x10 ./Drivers/LCD/lcd.o
 .text.LCD_init
                0x0000000008001878       0xcc ./Drivers/LCD/lcd.o
                0x0000000008001878                LCD_init
 .text.clearTime
                0x0000000008001944       0x18 ./Drivers/LCD/lcd.o
 .text.printTime
                0x000000000800195c       0x6c ./Drivers/LCD/lcd.o
 .text.LCD_Test
                0x00000000080019c8      0xa58 ./Drivers/LCD/lcd.o
                0x00000000080019c8                LCD_Test
 .text.window_1_callback
                0x0000000008002420       0x14 ./Drivers/LCD/lcd.o
 .text.HAL_Init
                0x0000000008002434       0x44 ./Drivers/STM32F4xx_HAL_Driver/Src/stm32f4xx_hal.o
                0x0000000008002434                HAL_Init
 .text.HAL_InitTick
                0x0000000008002478       0x60 ./Drivers/STM32F4xx_HAL_Driver/Src/stm32f4xx_hal.o
                0x0000000008002478                HAL_InitTick
 .text.HAL_IncTick
                0x00000000080024d8       0x28 ./Drivers/STM32F4xx_HAL_Driver/Src/stm32f4xx_hal.o
                0x00000000080024d8                HAL_IncTick
 .text.HAL_GetTick
                0x0000000008002500       0x18 ./Drivers/STM32F4xx_HAL_Driver/Src/stm32f4xx_hal.o
                0x0000000008002500                HAL_GetTick
 .text.HAL_Delay
                0x0000000008002518       0x48 ./Drivers/STM32F4xx_HAL_Driver/Src/stm32f4xx_hal.o
                0x0000000008002518                HAL_Delay
 .text.__NVIC_SetPriorityGrouping
                0x0000000008002560       0x48 ./Drivers/STM32F4xx_HAL_Driver/Src/stm32f4xx_hal_cortex.o
 .text.__NVIC_GetPriorityGrouping
                0x00000000080025a8       0x1c ./Drivers/STM32F4xx_HAL_Driver/Src/stm32f4xx_hal_cortex.o
 .text.__NVIC_EnableIRQ
                0x00000000080025c4       0x3c ./Drivers/STM32F4xx_HAL_Driver/Src/stm32f4xx_hal_cortex.o
 .text.__NVIC_SetPriority
                0x0000000008002600       0x54 ./Drivers/STM32F4xx_HAL_Driver/Src/stm32f4xx_hal_cortex.o
 .text.NVIC_EncodePriority
                0x0000000008002654       0x66 ./Drivers/STM32F4xx_HAL_Driver/Src/stm32f4xx_hal_cortex.o
 *fill*         0x00000000080026ba        0x2 
 .text.SysTick_Config
                0x00000000080026bc       0x44 ./Drivers/STM32F4xx_HAL_Driver/Src/stm32f4xx_hal_cortex.o
 .text.HAL_NVIC_SetPriorityGrouping
                0x0000000008002700       0x16 ./Drivers/STM32F4xx_HAL_Driver/Src/stm32f4xx_hal_cortex.o
                0x0000000008002700                HAL_NVIC_SetPriorityGrouping
 .text.HAL_NVIC_SetPriority
                0x0000000008002716       0x38 ./Drivers/STM32F4xx_HAL_Driver/Src/stm32f4xx_hal_cortex.o
                0x0000000008002716                HAL_NVIC_SetPriority
 .text.HAL_NVIC_EnableIRQ
                0x000000000800274e       0x1c ./Drivers/STM32F4xx_HAL_Driver/Src/stm32f4xx_hal_cortex.o
                0x000000000800274e                HAL_NVIC_EnableIRQ
 .text.HAL_SYSTICK_Config
                0x000000000800276a       0x18 ./Drivers/STM32F4xx_HAL_Driver/Src/stm32f4xx_hal_cortex.o
                0x000000000800276a                HAL_SYSTICK_Config
 *fill*         0x0000000008002782        0x2 
 .text.HAL_DMA_Init
                0x0000000008002784      0x15c ./Drivers/STM32F4xx_HAL_Driver/Src/stm32f4xx_hal_dma.o
                0x0000000008002784                HAL_DMA_Init
 .text.HAL_DMA_Start_IT
                0x00000000080028e0       0xb0 ./Drivers/STM32F4xx_HAL_Driver/Src/stm32f4xx_hal_dma.o
                0x00000000080028e0                HAL_DMA_Start_IT
 .text.HAL_DMA_Abort
                0x0000000008002990       0xe0 ./Drivers/STM32F4xx_HAL_Driver/Src/stm32f4xx_hal_dma.o
                0x0000000008002990                HAL_DMA_Abort
 .text.HAL_DMA_Abort_IT
                0x0000000008002a70       0x44 ./Drivers/STM32F4xx_HAL_Driver/Src/stm32f4xx_hal_dma.o
                0x0000000008002a70                HAL_DMA_Abort_IT
 .text.HAL_DMA_IRQHandler
                0x0000000008002ab4      0x314 ./Drivers/STM32F4xx_HAL_Driver/Src/stm32f4xx_hal_dma.o
                0x0000000008002ab4                HAL_DMA_IRQHandler
 .text.HAL_DMA_RegisterCallback
                0x0000000008002dc8       0xa8 ./Drivers/STM32F4xx_HAL_Driver/Src/stm32f4xx_hal_dma.o
                0x0000000008002dc8                HAL_DMA_RegisterCallback
 .text.HAL_DMA_GetState
                0x0000000008002e70       0x1c ./Drivers/STM32F4xx_HAL_Driver/Src/stm32f4xx_hal_dma.o
                0x0000000008002e70                HAL_DMA_GetState
 .text.DMA_SetConfig
                0x0000000008002e8c       0x5c ./Drivers/STM32F4xx_HAL_Driver/Src/stm32f4xx_hal_dma.o
 .text.DMA_CalcBaseAndBitshift
                0x0000000008002ee8       0x6c ./Drivers/STM32F4xx_HAL_Driver/Src/stm32f4xx_hal_dma.o
 .text.DMA_CheckFifoParam
                0x0000000008002f54       0xf8 ./Drivers/STM32F4xx_HAL_Driver/Src/stm32f4xx_hal_dma.o
 .text.HAL_GPIO_Init
                0x000000000800304c      0x308 ./Drivers/STM32F4xx_HAL_Driver/Src/stm32f4xx_hal_gpio.o
                0x000000000800304c                HAL_GPIO_Init
 .text.HAL_GPIO_WritePin
                0x0000000008003354       0x32 ./Drivers/STM32F4xx_HAL_Driver/Src/stm32f4xx_hal_gpio.o
                0x0000000008003354                HAL_GPIO_WritePin
 .text.HAL_GPIO_TogglePin
                0x0000000008003386       0x34 ./Drivers/STM32F4xx_HAL_Driver/Src/stm32f4xx_hal_gpio.o
                0x0000000008003386                HAL_GPIO_TogglePin
 *fill*         0x00000000080033ba        0x2 
 .text.HAL_GPIO_EXTI_IRQHandler
                0x00000000080033bc       0x30 ./Drivers/STM32F4xx_HAL_Driver/Src/stm32f4xx_hal_gpio.o
                0x00000000080033bc                HAL_GPIO_EXTI_IRQHandler
 .text.HAL_GPIO_EXTI_Callback
                0x00000000080033ec       0x16 ./Drivers/STM32F4xx_HAL_Driver/Src/stm32f4xx_hal_gpio.o
                0x00000000080033ec                HAL_GPIO_EXTI_Callback
 *fill*         0x0000000008003402        0x2 
 .text.HAL_RCC_OscConfig
                0x0000000008003404      0x4f0 ./Drivers/STM32F4xx_HAL_Driver/Src/stm32f4xx_hal_rcc.o
                0x0000000008003404                HAL_RCC_OscConfig
 .text.HAL_RCC_ClockConfig
                0x00000000080038f4      0x1cc ./Drivers/STM32F4xx_HAL_Driver/Src/stm32f4xx_hal_rcc.o
                0x00000000080038f4                HAL_RCC_ClockConfig
 .text.HAL_RCC_GetSysClockFreq
                0x0000000008003ac0      0x18c ./Drivers/STM32F4xx_HAL_Driver/Src/stm32f4xx_hal_rcc.o
                0x0000000008003ac0                HAL_RCC_GetSysClockFreq
 .text.HAL_RCC_GetHCLKFreq
                0x0000000008003c4c       0x18 ./Drivers/STM32F4xx_HAL_Driver/Src/stm32f4xx_hal_rcc.o
                0x0000000008003c4c                HAL_RCC_GetHCLKFreq
 .text.HAL_RCC_GetPCLK1Freq
                0x0000000008003c64       0x28 ./Drivers/STM32F4xx_HAL_Driver/Src/stm32f4xx_hal_rcc.o
                0x0000000008003c64                HAL_RCC_GetPCLK1Freq
 .text.HAL_RCC_GetPCLK2Freq
                0x0000000008003c8c       0x28 ./Drivers/STM32F4xx_HAL_Driver/Src/stm32f4xx_hal_rcc.o
                0x0000000008003c8c                HAL_RCC_GetPCLK2Freq
 .text.HAL_SPI_Init
                0x0000000008003cb4      0x112 ./Drivers/STM32F4xx_HAL_Driver/Src/stm32f4xx_hal_spi.o
                0x0000000008003cb4                HAL_SPI_Init
 .text.HAL_SPI_Transmit
                0x0000000008003dc6      0x278 ./Drivers/STM32F4xx_HAL_Driver/Src/stm32f4xx_hal_spi.o
                0x0000000008003dc6                HAL_SPI_Transmit
 *fill*         0x000000000800403e        0x2 
 .text.HAL_SPI_Transmit_DMA
                0x0000000008004040      0x16c ./Drivers/STM32F4xx_HAL_Driver/Src/stm32f4xx_hal_spi.o
                0x0000000008004040                HAL_SPI_Transmit_DMA
 .text.HAL_SPI_TxCpltCallback
                0x00000000080041ac       0x14 ./Drivers/STM32F4xx_HAL_Driver/Src/stm32f4xx_hal_spi.o
                0x00000000080041ac                HAL_SPI_TxCpltCallback
 .text.HAL_SPI_TxHalfCpltCallback
                0x00000000080041c0       0x14 ./Drivers/STM32F4xx_HAL_Driver/Src/stm32f4xx_hal_spi.o
                0x00000000080041c0                HAL_SPI_TxHalfCpltCallback
 .text.HAL_SPI_ErrorCallback
                0x00000000080041d4       0x14 ./Drivers/STM32F4xx_HAL_Driver/Src/stm32f4xx_hal_spi.o
                0x00000000080041d4                HAL_SPI_ErrorCallback
 .text.SPI_DMATransmitCplt
                0x00000000080041e8       0xa8 ./Drivers/STM32F4xx_HAL_Driver/Src/stm32f4xx_hal_spi.o
 .text.SPI_DMAHalfTransmitCplt
                0x0000000008004290       0x1c ./Drivers/STM32F4xx_HAL_Driver/Src/stm32f4xx_hal_spi.o
 .text.SPI_DMAError
                0x00000000080042ac       0x40 ./Drivers/STM32F4xx_HAL_Driver/Src/stm32f4xx_hal_spi.o
 .text.SPI_WaitFlagStateUntilTimeout
                0x00000000080042ec      0x110 ./Drivers/STM32F4xx_HAL_Driver/Src/stm32f4xx_hal_spi.o
 .text.SPI_EndRxTxTransaction
                0x00000000080043fc       0x84 ./Drivers/STM32F4xx_HAL_Driver/Src/stm32f4xx_hal_spi.o
 .text.HAL_TIM_Encoder_Init
                0x0000000008004480      0x14c ./Drivers/STM32F4xx_HAL_Driver/Src/stm32f4xx_hal_tim.o
                0x0000000008004480                HAL_TIM_Encoder_Init
 .text.TIM_Base_SetConfig
                0x00000000080045cc      0x100 ./Drivers/STM32F4xx_HAL_Driver/Src/stm32f4xx_hal_tim.o
                0x00000000080045cc                TIM_Base_SetConfig
 .text.HAL_TIMEx_MasterConfigSynchronization
                0x00000000080046cc       0xdc ./Drivers/STM32F4xx_HAL_Driver/Src/stm32f4xx_hal_tim_ex.o
                0x00000000080046cc                HAL_TIMEx_MasterConfigSynchronization
 .text.HAL_UART_Init
                0x00000000080047a8       0x9a ./Drivers/STM32F4xx_HAL_Driver/Src/stm32f4xx_hal_uart.o
                0x00000000080047a8                HAL_UART_Init
 *fill*         0x0000000008004842        0x2 
 .text.HAL_UART_IRQHandler
                0x0000000008004844      0x51c ./Drivers/STM32F4xx_HAL_Driver/Src/stm32f4xx_hal_uart.o
                0x0000000008004844                HAL_UART_IRQHandler
 .text.HAL_UART_TxCpltCallback
                0x0000000008004d60       0x14 ./Drivers/STM32F4xx_HAL_Driver/Src/stm32f4xx_hal_uart.o
                0x0000000008004d60                HAL_UART_TxCpltCallback
 .text.HAL_UART_RxCpltCallback
                0x0000000008004d74       0x14 ./Drivers/STM32F4xx_HAL_Driver/Src/stm32f4xx_hal_uart.o
                0x0000000008004d74                HAL_UART_RxCpltCallback
 .text.HAL_UART_ErrorCallback
                0x0000000008004d88       0x14 ./Drivers/STM32F4xx_HAL_Driver/Src/stm32f4xx_hal_uart.o
                0x0000000008004d88                HAL_UART_ErrorCallback
 .text.HAL_UARTEx_RxEventCallback
                0x0000000008004d9c       0x18 ./Drivers/STM32F4xx_HAL_Driver/Src/stm32f4xx_hal_uart.o
                0x0000000008004d9c                HAL_UARTEx_RxEventCallback
 .text.UART_EndRxTransfer
                0x0000000008004db4       0xc6 ./Drivers/STM32F4xx_HAL_Driver/Src/stm32f4xx_hal_uart.o
 .text.UART_DMAAbortOnError
                0x0000000008004e7a       0x28 ./Drivers/STM32F4xx_HAL_Driver/Src/stm32f4xx_hal_uart.o
 .text.UART_Transmit_IT
                0x0000000008004ea2       0xa0 ./Drivers/STM32F4xx_HAL_Driver/Src/stm32f4xx_hal_uart.o
 .text.UART_EndTransmit_IT
                0x0000000008004f42       0x30 ./Drivers/STM32F4xx_HAL_Driver/Src/stm32f4xx_hal_uart.o
 .text.UART_Receive_IT
                0x0000000008004f72      0x176 ./Drivers/STM32F4xx_HAL_Driver/Src/stm32f4xx_hal_uart.o
 .text.UART_SetConfig
                0x00000000080050e8      0x4e8 ./Drivers/STM32F4xx_HAL_Driver/Src/stm32f4xx_hal_uart.o
 .text.ptr_8to16
                0x00000000080055d0       0x30 ./Drivers/UGUI/ugui.o
 .text.UG_Init  0x0000000008005600       0xcc ./Drivers/UGUI/ugui.o
                0x0000000008005600                UG_Init
 .text.UG_GetGUI
                0x00000000080056cc       0x18 ./Drivers/UGUI/ugui.o
                0x00000000080056cc                UG_GetGUI
 .text.UG_FontSelect
                0x00000000080056e4       0x20 ./Drivers/UGUI/ugui.o
                0x00000000080056e4                UG_FontSelect
 .text.UG_FillScreen
                0x0000000008005704       0x48 ./Drivers/UGUI/ugui.o
                0x0000000008005704                UG_FillScreen
 .text.UG_FillFrame
                0x000000000800574c       0xe4 ./Drivers/UGUI/ugui.o
                0x000000000800574c                UG_FillFrame
 .text.UG_DrawMesh
                0x0000000008005830       0xee ./Drivers/UGUI/ugui.o
                0x0000000008005830                UG_DrawMesh
 .text.UG_DrawFrame
                0x000000000800591e       0x8e ./Drivers/UGUI/ugui.o
                0x000000000800591e                UG_DrawFrame
 .text.UG_DrawPixel
                0x00000000080059ac       0x34 ./Drivers/UGUI/ugui.o
                0x00000000080059ac                UG_DrawPixel
 .text.UG_DrawCircle
                0x00000000080059e0      0x1cc ./Drivers/UGUI/ugui.o
                0x00000000080059e0                UG_DrawCircle
 .text.UG_FillCircle
                0x0000000008005bac      0x1b2 ./Drivers/UGUI/ugui.o
                0x0000000008005bac                UG_FillCircle
 *fill*         0x0000000008005d5e        0x2 
 .text.UG_DrawLine
                0x0000000008005d60      0x1c0 ./Drivers/UGUI/ugui.o
                0x0000000008005d60                UG_DrawLine
 .text.UG_DrawTriangle
                0x0000000008005f20       0x74 ./Drivers/UGUI/ugui.o
                0x0000000008005f20                UG_DrawTriangle
 .text.UG_FillTriangle
                0x0000000008005f94      0x2d0 ./Drivers/UGUI/ugui.o
                0x0000000008005f94                UG_FillTriangle
 .text.UG_PutString
                0x0000000008006264      0x110 ./Drivers/UGUI/ugui.o
                0x0000000008006264                UG_PutString
 .text.UG_SetForecolor
                0x0000000008006374       0x24 ./Drivers/UGUI/ugui.o
                0x0000000008006374                UG_SetForecolor
 .text.UG_SetBackcolor
                0x0000000008006398       0x24 ./Drivers/UGUI/ugui.o
                0x0000000008006398                UG_SetBackcolor
 .text.UG_GetXDim
                0x00000000080063bc       0x1c ./Drivers/UGUI/ugui.o
                0x00000000080063bc                UG_GetXDim
 .text.UG_GetYDim
                0x00000000080063d8       0x1c ./Drivers/UGUI/ugui.o
                0x00000000080063d8                UG_GetYDim
 .text.UG_FontSetHSpace
                0x00000000080063f4       0x28 ./Drivers/UGUI/ugui.o
                0x00000000080063f4                UG_FontSetHSpace
 .text.UG_FontSetVSpace
                0x000000000800641c       0x28 ./Drivers/UGUI/ugui.o
                0x000000000800641c                UG_FontSetVSpace
 .text.UG_FontSetTransparency
                0x0000000008006444       0x24 ./Drivers/UGUI/ugui.o
                0x0000000008006444                UG_FontSetTransparency
 .text.UG_FontGetTransparency
                0x0000000008006468       0x1c ./Drivers/UGUI/ugui.o
                0x0000000008006468                UG_FontGetTransparency
 .text._UG_GetCharData
                0x0000000008006484      0x2a0 ./Drivers/UGUI/ugui.o
 .text._UG_FontSelect
                0x0000000008006724       0xfc ./Drivers/UGUI/ugui.o
 .text._UG_PutChar
                0x0000000008006820      0x4b8 ./Drivers/UGUI/ugui.o
 .text._UG_UpdateObjects
                0x0000000008006cd8       0x66 ./Drivers/UGUI/ugui.o
 *fill*         0x0000000008006d3e        0x2 
 .text._UG_HandleEvents
                0x0000000008006d40       0x98 ./Drivers/UGUI/ugui.o
 .text._UG_PutText
                0x0000000008006dd8      0x22e ./Drivers/UGUI/ugui.o
                0x0000000008006dd8                _UG_PutText
 .text._UG_SearchObject
                0x0000000008007006       0x76 ./Drivers/UGUI/ugui.o
                0x0000000008007006                _UG_SearchObject
 .text._UG_DrawObjectFrame
                0x000000000800707c      0x242 ./Drivers/UGUI/ugui.o
                0x000000000800707c                _UG_DrawObjectFrame
 .text._UG_GetFreeObject
                0x00000000080072be       0x5a ./Drivers/UGUI/ugui.o
                0x00000000080072be                _UG_GetFreeObject
 .text.UG_DriverRegister
                0x0000000008007318       0x44 ./Drivers/UGUI/ugui.o
                0x0000000008007318                UG_DriverRegister
 .text.UG_Update
                0x000000000800735c      0x180 ./Drivers/UGUI/ugui.o
                0x000000000800735c                UG_Update
 .text.UG_DrawBMP
                0x00000000080074dc      0x240 ./Drivers/UGUI/ugui.o
                0x00000000080074dc                UG_DrawBMP
 .text.UG_WindowCreate
                0x000000000800771c      0x120 ./Drivers/UGUI/ugui.o
                0x000000000800771c                UG_WindowCreate
 .text.UG_WindowDelete
                0x000000000800783c       0x7c ./Drivers/UGUI/ugui.o
                0x000000000800783c                UG_WindowDelete
 .text.UG_WindowShow
                0x00000000080078b8       0x4c ./Drivers/UGUI/ugui.o
                0x00000000080078b8                UG_WindowShow
 .text.UG_WindowHide
                0x0000000008007904       0xe0 ./Drivers/UGUI/ugui.o
                0x0000000008007904                UG_WindowHide
 .text.UG_WindowResize
                0x00000000080079e4      0x1e4 ./Drivers/UGUI/ugui.o
                0x00000000080079e4                UG_WindowResize
 .text.UG_WindowSetTitleText
                0x0000000008007bc8       0x44 ./Drivers/UGUI/ugui.o
                0x0000000008007bc8                UG_WindowSetTitleText
 .text.UG_WindowSetTitleTextFont
                0x0000000008007c0c       0x76 ./Drivers/UGUI/ugui.o
                0x0000000008007c0c                UG_WindowSetTitleTextFont
 .text.UG_WindowSetTitleHeight
                0x0000000008007c82       0x56 ./Drivers/UGUI/ugui.o
                0x0000000008007c82                UG_WindowSetTitleHeight
 .text.UG_WindowSetXStart
                0x0000000008007cd8       0x64 ./Drivers/UGUI/ugui.o
                0x0000000008007cd8                UG_WindowSetXStart
 .text.UG_WindowSetYStart
                0x0000000008007d3c       0x64 ./Drivers/UGUI/ugui.o
                0x0000000008007d3c                UG_WindowSetYStart
 .text.UG_WindowSetXEnd
                0x0000000008007da0       0x64 ./Drivers/UGUI/ugui.o
                0x0000000008007da0                UG_WindowSetXEnd
 .text.UG_WindowSetYEnd
                0x0000000008007e04       0x64 ./Drivers/UGUI/ugui.o
                0x0000000008007e04                UG_WindowSetYEnd
 .text.UG_WindowGetArea
                0x0000000008007e68       0xd6 ./Drivers/UGUI/ugui.o
                0x0000000008007e68                UG_WindowGetArea
 *fill*         0x0000000008007f3e        0x2 
 .text._UG_WindowDrawTitle
                0x0000000008007f40      0x154 ./Drivers/UGUI/ugui.o
 .text._UG_WindowUpdate
                0x0000000008008094      0x178 ./Drivers/UGUI/ugui.o
 .text._UG_WindowClear
                0x000000000800820c       0xac ./Drivers/UGUI/ugui.o
 .text.UG_ButtonCreate
                0x00000000080082b8      0x100 ./Drivers/UGUI/ugui_button.o
                0x00000000080082b8                UG_ButtonCreate
 .text.UG_ButtonSetForeColor
                0x00000000080083b8       0x56 ./Drivers/UGUI/ugui_button.o
                0x00000000080083b8                UG_ButtonSetForeColor
 .text.UG_ButtonSetBackColor
                0x000000000800840e       0x56 ./Drivers/UGUI/ugui_button.o
                0x000000000800840e                UG_ButtonSetBackColor
 .text.UG_ButtonSetText
                0x0000000008008464       0x54 ./Drivers/UGUI/ugui_button.o
                0x0000000008008464                UG_ButtonSetText
 .text.UG_ButtonSetFont
                0x00000000080084b8       0x54 ./Drivers/UGUI/ugui_button.o
                0x00000000080084b8                UG_ButtonSetFont
 .text.UG_ButtonSetStyle
                0x000000000800850c      0x106 ./Drivers/UGUI/ugui_button.o
                0x000000000800850c                UG_ButtonSetStyle
 *fill*         0x0000000008008612        0x2 
 .text._UG_ButtonUpdate
                0x0000000008008614      0x334 ./Drivers/UGUI/ugui_button.o
 .text.UG_ProgressCreate
                0x0000000008008948       0xc8 ./Drivers/UGUI/ugui_progress.o
                0x0000000008008948                UG_ProgressCreate
 .text.UG_ProgressSetForeColor
                0x0000000008008a10       0x56 ./Drivers/UGUI/ugui_progress.o
                0x0000000008008a10                UG_ProgressSetForeColor
 .text.UG_ProgressSetProgress
                0x0000000008008a66       0x7c ./Drivers/UGUI/ugui_progress.o
                0x0000000008008a66                UG_ProgressSetProgress
 *fill*         0x0000000008008ae2        0x2 
 .text._UG_ProgressUpdate
                0x0000000008008ae4      0x37c ./Drivers/UGUI/ugui_progress.o
 .text.UG_TextboxCreate
                0x0000000008008e60       0xf4 ./Drivers/UGUI/ugui_textbox.o
                0x0000000008008e60                UG_TextboxCreate
 .text.UG_TextboxSetForeColor
                0x0000000008008f54       0x56 ./Drivers/UGUI/ugui_textbox.o
                0x0000000008008f54                UG_TextboxSetForeColor
 .text.UG_TextboxSetBackColor
                0x0000000008008faa       0x56 ./Drivers/UGUI/ugui_textbox.o
                0x0000000008008faa                UG_TextboxSetBackColor
 .text.UG_TextboxSetText
                0x0000000008009000       0x54 ./Drivers/UGUI/ugui_textbox.o
                0x0000000008009000                UG_TextboxSetText
 .text.UG_TextboxSetFont
                0x0000000008009054       0x54 ./Drivers/UGUI/ugui_textbox.o
                0x0000000008009054                UG_TextboxSetFont
 .text.UG_TextboxSetAlignment
                0x00000000080090a8       0x56 ./Drivers/UGUI/ugui_textbox.o
                0x00000000080090a8                UG_TextboxSetAlignment
 .text._UG_TextboxUpdate
                0x00000000080090fe      0x194 ./Drivers/UGUI/ugui_textbox.o
 *fill*         0x0000000008009292        0x2 
 .text.__NVIC_SetPriority
                0x0000000008009294       0x54 ./Middlewares/Third_Party/FreeRTOS/Source/CMSIS_RTOS_V2/cmsis_os2.o
 .text.SVC_Setup
                0x00000000080092e8       0x12 ./Middlewares/Third_Party/FreeRTOS/Source/CMSIS_RTOS_V2/cmsis_os2.o
 *fill*         0x00000000080092fa        0x2 
 .text.osKernelInitialize
                0x00000000080092fc       0x48 ./Middlewares/Third_Party/FreeRTOS/Source/CMSIS_RTOS_V2/cmsis_os2.o
                0x00000000080092fc                osKernelInitialize
 .text.osKernelStart
                0x0000000008009344       0x4c ./Middlewares/Third_Party/FreeRTOS/Source/CMSIS_RTOS_V2/cmsis_os2.o
                0x0000000008009344                osKernelStart
 .text.osThreadNew
                0x0000000008009390      0x124 ./Middlewares/Third_Party/FreeRTOS/Source/CMSIS_RTOS_V2/cmsis_os2.o
                0x0000000008009390                osThreadNew
 .text.osDelay  0x00000000080094b4       0x36 ./Middlewares/Third_Party/FreeRTOS/Source/CMSIS_RTOS_V2/cmsis_os2.o
                0x00000000080094b4                osDelay
 .text.osSemaphoreNew
                0x00000000080094ea      0x112 ./Middlewares/Third_Party/FreeRTOS/Source/CMSIS_RTOS_V2/cmsis_os2.o
                0x00000000080094ea                osSemaphoreNew
 .text.osSemaphoreAcquire
                0x00000000080095fc       0xa4 ./Middlewares/Third_Party/FreeRTOS/Source/CMSIS_RTOS_V2/cmsis_os2.o
                0x00000000080095fc                osSemaphoreAcquire
 .text.osSemaphoreRelease
                0x00000000080096a0       0x88 ./Middlewares/Third_Party/FreeRTOS/Source/CMSIS_RTOS_V2/cmsis_os2.o
                0x00000000080096a0                osSemaphoreRelease
 .text.vApplicationGetIdleTaskMemory
                0x0000000008009728       0x34 ./Middlewares/Third_Party/FreeRTOS/Source/CMSIS_RTOS_V2/cmsis_os2.o
                0x0000000008009728                vApplicationGetIdleTaskMemory
 .text.vApplicationGetTimerTaskMemory
                0x000000000800975c       0x34 ./Middlewares/Third_Party/FreeRTOS/Source/CMSIS_RTOS_V2/cmsis_os2.o
                0x000000000800975c                vApplicationGetTimerTaskMemory
 .text.vListInitialise
                0x0000000008009790       0x40 ./Middlewares/Third_Party/FreeRTOS/Source/list.o
                0x0000000008009790                vListInitialise
 .text.vListInitialiseItem
                0x00000000080097d0       0x1a ./Middlewares/Third_Party/FreeRTOS/Source/list.o
                0x00000000080097d0                vListInitialiseItem
 .text.vListInsertEnd
                0x00000000080097ea       0x48 ./Middlewares/Third_Party/FreeRTOS/Source/list.o
                0x00000000080097ea                vListInsertEnd
 .text.vListInsert
                0x0000000008009832       0x72 ./Middlewares/Third_Party/FreeRTOS/Source/list.o
                0x0000000008009832                vListInsert
 .text.uxListRemove
                0x00000000080098a4       0x54 ./Middlewares/Third_Party/FreeRTOS/Source/list.o
                0x00000000080098a4                uxListRemove
 .text.xQueueGenericReset
                0x00000000080098f8       0xd0 ./Middlewares/Third_Party/FreeRTOS/Source/queue.o
                0x00000000080098f8                xQueueGenericReset
 .text.xQueueGenericCreateStatic
                0x00000000080099c8       0xf0 ./Middlewares/Third_Party/FreeRTOS/Source/queue.o
                0x00000000080099c8                xQueueGenericCreateStatic
 .text.xQueueGenericCreate
                0x0000000008009ab8       0x74 ./Middlewares/Third_Party/FreeRTOS/Source/queue.o
                0x0000000008009ab8                xQueueGenericCreate
 .text.prvInitialiseNewQueue
                0x0000000008009b2c       0x46 ./Middlewares/Third_Party/FreeRTOS/Source/queue.o
 .text.xQueueCreateCountingSemaphoreStatic
                0x0000000008009b72       0x6e ./Middlewares/Third_Party/FreeRTOS/Source/queue.o
                0x0000000008009b72                xQueueCreateCountingSemaphoreStatic
 .text.xQueueCreateCountingSemaphore
                0x0000000008009be0       0x66 ./Middlewares/Third_Party/FreeRTOS/Source/queue.o
                0x0000000008009be0                xQueueCreateCountingSemaphore
 *fill*         0x0000000008009c46        0x2 
 .text.xQueueGenericSend
                0x0000000008009c48      0x1fc ./Middlewares/Third_Party/FreeRTOS/Source/queue.o
                0x0000000008009c48                xQueueGenericSend
 .text.xQueueGenericSendFromISR
                0x0000000008009e44      0x136 ./Middlewares/Third_Party/FreeRTOS/Source/queue.o
                0x0000000008009e44                xQueueGenericSendFromISR
 .text.xQueueGiveFromISR
                0x0000000008009f7a      0x11a ./Middlewares/Third_Party/FreeRTOS/Source/queue.o
                0x0000000008009f7a                xQueueGiveFromISR
 .text.xQueueReceive
                0x000000000800a094      0x1c0 ./Middlewares/Third_Party/FreeRTOS/Source/queue.o
                0x000000000800a094                xQueueReceive
 .text.xQueueSemaphoreTake
                0x000000000800a254      0x218 ./Middlewares/Third_Party/FreeRTOS/Source/queue.o
                0x000000000800a254                xQueueSemaphoreTake
 .text.xQueueReceiveFromISR
                0x000000000800a46c      0x100 ./Middlewares/Third_Party/FreeRTOS/Source/queue.o
                0x000000000800a46c                xQueueReceiveFromISR
 .text.vQueueDelete
                0x000000000800a56c       0x46 ./Middlewares/Third_Party/FreeRTOS/Source/queue.o
                0x000000000800a56c                vQueueDelete
 .text.prvGetDisinheritPriorityAfterTimeout
                0x000000000800a5b2       0x30 ./Middlewares/Third_Party/FreeRTOS/Source/queue.o
 .text.prvCopyDataToQueue
                0x000000000800a5e2       0xd4 ./Middlewares/Third_Party/FreeRTOS/Source/queue.o
 .text.prvCopyDataFromQueue
                0x000000000800a6b6       0x4c ./Middlewares/Third_Party/FreeRTOS/Source/queue.o
 .text.prvUnlockQueue
                0x000000000800a702       0xa4 ./Middlewares/Third_Party/FreeRTOS/Source/queue.o
 .text.prvIsQueueEmpty
                0x000000000800a7a6       0x2c ./Middlewares/Third_Party/FreeRTOS/Source/queue.o
 .text.prvIsQueueFull
                0x000000000800a7d2       0x30 ./Middlewares/Third_Party/FreeRTOS/Source/queue.o
 *fill*         0x000000000800a802        0x2 
 .text.vQueueAddToRegistry
                0x000000000800a804       0x54 ./Middlewares/Third_Party/FreeRTOS/Source/queue.o
                0x000000000800a804                vQueueAddToRegistry
 .text.vQueueUnregisterQueue
                0x000000000800a858       0x54 ./Middlewares/Third_Party/FreeRTOS/Source/queue.o
                0x000000000800a858                vQueueUnregisterQueue
 .text.vQueueWaitForMessageRestricted
                0x000000000800a8ac       0x68 ./Middlewares/Third_Party/FreeRTOS/Source/queue.o
                0x000000000800a8ac                vQueueWaitForMessageRestricted
 .text.xTaskCreateStatic
                0x000000000800a914       0xba ./Middlewares/Third_Party/FreeRTOS/Source/tasks.o
                0x000000000800a914                xTaskCreateStatic
 .text.xTaskCreate
                0x000000000800a9ce       0x8a ./Middlewares/Third_Party/FreeRTOS/Source/tasks.o
                0x000000000800a9ce                xTaskCreate
 .text.prvInitialiseNewTask
                0x000000000800aa58      0x14c ./Middlewares/Third_Party/FreeRTOS/Source/tasks.o
 .text.prvAddNewTaskToReadyList
                0x000000000800aba4       0xe0 ./Middlewares/Third_Party/FreeRTOS/Source/tasks.o
 .text.vTaskDelay
                0x000000000800ac84       0x68 ./Middlewares/Third_Party/FreeRTOS/Source/tasks.o
                0x000000000800ac84                vTaskDelay
 .text.vTaskStartScheduler
                0x000000000800acec       0xe0 ./Middlewares/Third_Party/FreeRTOS/Source/tasks.o
                0x000000000800acec                vTaskStartScheduler
 .text.vTaskSuspendAll
                0x000000000800adcc       0x1c ./Middlewares/Third_Party/FreeRTOS/Source/tasks.o
                0x000000000800adcc                vTaskSuspendAll
 .text.xTaskResumeAll
                0x000000000800ade8      0x13c ./Middlewares/Third_Party/FreeRTOS/Source/tasks.o
                0x000000000800ade8                xTaskResumeAll
 .text.xTaskGetTickCount
                0x000000000800af24       0x20 ./Middlewares/Third_Party/FreeRTOS/Source/tasks.o
                0x000000000800af24                xTaskGetTickCount
 .text.xTaskIncrementTick
                0x000000000800af44      0x174 ./Middlewares/Third_Party/FreeRTOS/Source/tasks.o
                0x000000000800af44                xTaskIncrementTick
 .text.vTaskSwitchContext
                0x000000000800b0b8       0xc8 ./Middlewares/Third_Party/FreeRTOS/Source/tasks.o
                0x000000000800b0b8                vTaskSwitchContext
 .text.vTaskPlaceOnEventList
                0x000000000800b180       0x48 ./Middlewares/Third_Party/FreeRTOS/Source/tasks.o
                0x000000000800b180                vTaskPlaceOnEventList
 .text.vTaskPlaceOnEventListRestricted
                0x000000000800b1c8       0x58 ./Middlewares/Third_Party/FreeRTOS/Source/tasks.o
                0x000000000800b1c8                vTaskPlaceOnEventListRestricted
 .text.xTaskRemoveFromEventList
                0x000000000800b220       0xc8 ./Middlewares/Third_Party/FreeRTOS/Source/tasks.o
                0x000000000800b220                xTaskRemoveFromEventList
 .text.vTaskInternalSetTimeOutState
                0x000000000800b2e8       0x2c ./Middlewares/Third_Party/FreeRTOS/Source/tasks.o
                0x000000000800b2e8                vTaskInternalSetTimeOutState
 .text.xTaskCheckForTimeOut
                0x000000000800b314       0xc4 ./Middlewares/Third_Party/FreeRTOS/Source/tasks.o
                0x000000000800b314                xTaskCheckForTimeOut
 .text.vTaskMissedYield
                0x000000000800b3d8       0x18 ./Middlewares/Third_Party/FreeRTOS/Source/tasks.o
                0x000000000800b3d8                vTaskMissedYield
 .text.prvIdleTask
                0x000000000800b3f0       0x30 ./Middlewares/Third_Party/FreeRTOS/Source/tasks.o
 .text.prvInitialiseTaskLists
                0x000000000800b420       0x80 ./Middlewares/Third_Party/FreeRTOS/Source/tasks.o
 .text.prvCheckTasksWaitingTermination
                0x000000000800b4a0       0x5c ./Middlewares/Third_Party/FreeRTOS/Source/tasks.o
 .text.prvDeleteTCB
                0x000000000800b4fc       0x68 ./Middlewares/Third_Party/FreeRTOS/Source/tasks.o
 .text.prvResetNextTaskUnblockTime
                0x000000000800b564       0x40 ./Middlewares/Third_Party/FreeRTOS/Source/tasks.o
 .text.xTaskGetSchedulerState
                0x000000000800b5a4       0x3c ./Middlewares/Third_Party/FreeRTOS/Source/tasks.o
                0x000000000800b5a4                xTaskGetSchedulerState
 .text.xTaskPriorityInherit
                0x000000000800b5e0       0xd0 ./Middlewares/Third_Party/FreeRTOS/Source/tasks.o
                0x000000000800b5e0                xTaskPriorityInherit
 .text.xTaskPriorityDisinherit
                0x000000000800b6b0       0xdc ./Middlewares/Third_Party/FreeRTOS/Source/tasks.o
                0x000000000800b6b0                xTaskPriorityDisinherit
 .text.vTaskPriorityDisinheritAfterTimeout
                0x000000000800b78c      0x104 ./Middlewares/Third_Party/FreeRTOS/Source/tasks.o
                0x000000000800b78c                vTaskPriorityDisinheritAfterTimeout
 .text.pvTaskIncrementMutexHeldCount
                0x000000000800b890       0x28 ./Middlewares/Third_Party/FreeRTOS/Source/tasks.o
                0x000000000800b890                pvTaskIncrementMutexHeldCount
 .text.prvAddCurrentTaskToDelayedList
                0x000000000800b8b8       0xa8 ./Middlewares/Third_Party/FreeRTOS/Source/tasks.o
 .text.xTimerCreateTimerTask
                0x000000000800b960       0x90 ./Middlewares/Third_Party/FreeRTOS/Source/timers.o
                0x000000000800b960                xTimerCreateTimerTask
 .text.xTimerGenericCommand
                0x000000000800b9f0       0x9c ./Middlewares/Third_Party/FreeRTOS/Source/timers.o
                0x000000000800b9f0                xTimerGenericCommand
 .text.prvProcessExpiredTimer
                0x000000000800ba8c       0x98 ./Middlewares/Third_Party/FreeRTOS/Source/timers.o
 .text.prvTimerTask
                0x000000000800bb24       0x24 ./Middlewares/Third_Party/FreeRTOS/Source/timers.o
 .text.prvProcessTimerOrBlockTask
                0x000000000800bb48       0x9c ./Middlewares/Third_Party/FreeRTOS/Source/timers.o
 .text.prvGetNextExpireTime
                0x000000000800bbe4       0x48 ./Middlewares/Third_Party/FreeRTOS/Source/timers.o
 .text.prvSampleTimeNow
                0x000000000800bc2c       0x40 ./Middlewares/Third_Party/FreeRTOS/Source/timers.o
 .text.prvInsertTimerInActiveList
                0x000000000800bc6c       0x84 ./Middlewares/Third_Party/FreeRTOS/Source/timers.o
 .text.prvProcessReceivedCommands
                0x000000000800bcf0      0x1c4 ./Middlewares/Third_Party/FreeRTOS/Source/timers.o
 .text.prvSwitchTimerLists
                0x000000000800beb4       0xc8 ./Middlewares/Third_Party/FreeRTOS/Source/timers.o
 .text.prvCheckForValidListAndQueue
                0x000000000800bf7c       0x80 ./Middlewares/Third_Party/FreeRTOS/Source/timers.o
 .text.pxPortInitialiseStack
                0x000000000800bffc       0x68 ./Middlewares/Third_Party/FreeRTOS/Source/portable/GCC/ARM_CM4F/port.o
                0x000000000800bffc                pxPortInitialiseStack
 .text.prvTaskExitError
                0x000000000800c064       0x58 ./Middlewares/Third_Party/FreeRTOS/Source/portable/GCC/ARM_CM4F/port.o
 *fill*         0x000000000800c0bc        0x4 
 .text.SVC_Handler
                0x000000000800c0c0       0x28 ./Middlewares/Third_Party/FreeRTOS/Source/portable/GCC/ARM_CM4F/port.o
                0x000000000800c0c0                SVC_Handler
 .text.prvPortStartFirstTask
                0x000000000800c0e8       0x28 ./Middlewares/Third_Party/FreeRTOS/Source/portable/GCC/ARM_CM4F/port.o
 .text.xPortStartScheduler
                0x000000000800c110      0x144 ./Middlewares/Third_Party/FreeRTOS/Source/portable/GCC/ARM_CM4F/port.o
                0x000000000800c110                xPortStartScheduler
 .text.vPortEnterCritical
                0x000000000800c254       0x60 ./Middlewares/Third_Party/FreeRTOS/Source/portable/GCC/ARM_CM4F/port.o
                0x000000000800c254                vPortEnterCritical
 .text.vPortExitCritical
                0x000000000800c2b4       0x54 ./Middlewares/Third_Party/FreeRTOS/Source/portable/GCC/ARM_CM4F/port.o
                0x000000000800c2b4                vPortExitCritical
 *fill*         0x000000000800c308        0x8 
 .text.PendSV_Handler
                0x000000000800c310       0x68 ./Middlewares/Third_Party/FreeRTOS/Source/portable/GCC/ARM_CM4F/port.o
                0x000000000800c310                PendSV_Handler
 .text.xPortSysTickHandler
                0x000000000800c378       0x44 ./Middlewares/Third_Party/FreeRTOS/Source/portable/GCC/ARM_CM4F/port.o
                0x000000000800c378                xPortSysTickHandler
 .text.vPortSetupTimerInterrupt
                0x000000000800c3bc       0x48 ./Middlewares/Third_Party/FreeRTOS/Source/portable/GCC/ARM_CM4F/port.o
                0x000000000800c3bc                vPortSetupTimerInterrupt
 .text.vPortEnableVFP
                0x000000000800c404       0x14 ./Middlewares/Third_Party/FreeRTOS/Source/portable/GCC/ARM_CM4F/port.o
 .text.vPortValidateInterruptPriority
                0x000000000800c418       0x80 ./Middlewares/Third_Party/FreeRTOS/Source/portable/GCC/ARM_CM4F/port.o
                0x000000000800c418                vPortValidateInterruptPriority
 .text.pvPortMalloc
                0x000000000800c498      0x198 ./Middlewares/Third_Party/FreeRTOS/Source/portable/MemMang/heap_4.o
                0x000000000800c498                pvPortMalloc
 .text.vPortFree
                0x000000000800c630       0xc4 ./Middlewares/Third_Party/FreeRTOS/Source/portable/MemMang/heap_4.o
                0x000000000800c630                vPortFree
 .text.prvHeapInit
                0x000000000800c6f4       0xc4 ./Middlewares/Third_Party/FreeRTOS/Source/portable/MemMang/heap_4.o
 .text.prvInsertBlockIntoFreeList
                0x000000000800c7b8       0xb4 ./Middlewares/Third_Party/FreeRTOS/Source/portable/MemMang/heap_4.o
 .text.calloc   0x000000000800c86c       0x10 /opt/st/stm32cubeide_1.12.1/plugins/com.st.stm32cube.ide.mcu.externaltools.gnu-tools-for-stm32.10.3-2021.10.linux64_1.0.200.202301161003/tools/bin/../lib/gcc/arm-none-eabi/10.3.1/../../../../arm-none-eabi/lib/thumb/v7e-m+fp/hard/libc_nano.a(lib_a-calloc.o)
                0x000000000800c86c                calloc
 .text.__errno  0x000000000800c87c        0xc /opt/st/stm32cubeide_1.12.1/plugins/com.st.stm32cube.ide.mcu.externaltools.gnu-tools-for-stm32.10.3-2021.10.linux64_1.0.200.202301161003/tools/bin/../lib/gcc/arm-none-eabi/10.3.1/../../../../arm-none-eabi/lib/thumb/v7e-m+fp/hard/libc_nano.a(lib_a-errno.o)
                0x000000000800c87c                __errno
 .text.__libc_init_array
                0x000000000800c888       0x48 /opt/st/stm32cubeide_1.12.1/plugins/com.st.stm32cube.ide.mcu.externaltools.gnu-tools-for-stm32.10.3-2021.10.linux64_1.0.200.202301161003/tools/bin/../lib/gcc/arm-none-eabi/10.3.1/../../../../arm-none-eabi/lib/thumb/v7e-m+fp/hard/libc_nano.a(lib_a-init.o)
                0x000000000800c888                __libc_init_array
 .text.__retarget_lock_acquire_recursive
                0x000000000800c8d0        0x2 /opt/st/stm32cubeide_1.12.1/plugins/com.st.stm32cube.ide.mcu.externaltools.gnu-tools-for-stm32.10.3-2021.10.linux64_1.0.200.202301161003/tools/bin/../lib/gcc/arm-none-eabi/10.3.1/../../../../arm-none-eabi/lib/thumb/v7e-m+fp/hard/libc_nano.a(lib_a-lock.o)
                0x000000000800c8d0                __retarget_lock_acquire_recursive
 .text.__retarget_lock_release_recursive
                0x000000000800c8d2        0x2 /opt/st/stm32cubeide_1.12.1/plugins/com.st.stm32cube.ide.mcu.externaltools.gnu-tools-for-stm32.10.3-2021.10.linux64_1.0.200.202301161003/tools/bin/../lib/gcc/arm-none-eabi/10.3.1/../../../../arm-none-eabi/lib/thumb/v7e-m+fp/hard/libc_nano.a(lib_a-lock.o)
                0x000000000800c8d2                __retarget_lock_release_recursive
 .text.free     0x000000000800c8d4       0x10 /opt/st/stm32cubeide_1.12.1/plugins/com.st.stm32cube.ide.mcu.externaltools.gnu-tools-for-stm32.10.3-2021.10.linux64_1.0.200.202301161003/tools/bin/../lib/gcc/arm-none-eabi/10.3.1/../../../../arm-none-eabi/lib/thumb/v7e-m+fp/hard/libc_nano.a(lib_a-malloc.o)
                0x000000000800c8d4                free
 .text.memcpy   0x000000000800c8e4       0x1c /opt/st/stm32cubeide_1.12.1/plugins/com.st.stm32cube.ide.mcu.externaltools.gnu-tools-for-stm32.10.3-2021.10.linux64_1.0.200.202301161003/tools/bin/../lib/gcc/arm-none-eabi/10.3.1/../../../../arm-none-eabi/lib/thumb/v7e-m+fp/hard/libc_nano.a(lib_a-memcpy-stub.o)
                0x000000000800c8e4                memcpy
 .text.memset   0x000000000800c900       0x10 /opt/st/stm32cubeide_1.12.1/plugins/com.st.stm32cube.ide.mcu.externaltools.gnu-tools-for-stm32.10.3-2021.10.linux64_1.0.200.202301161003/tools/bin/../lib/gcc/arm-none-eabi/10.3.1/../../../../arm-none-eabi/lib/thumb/v7e-m+fp/hard/libc_nano.a(lib_a-memset.o)
                0x000000000800c900                memset
 .text._calloc_r
                0x000000000800c910       0x2c /opt/st/stm32cubeide_1.12.1/plugins/com.st.stm32cube.ide.mcu.externaltools.gnu-tools-for-stm32.10.3-2021.10.linux64_1.0.200.202301161003/tools/bin/../lib/gcc/arm-none-eabi/10.3.1/../../../../arm-none-eabi/lib/thumb/v7e-m+fp/hard/libc_nano.a(lib_a-nano-callocr.o)
                0x000000000800c910                _calloc_r
 .text._free_r  0x000000000800c93c       0x98 /opt/st/stm32cubeide_1.12.1/plugins/com.st.stm32cube.ide.mcu.externaltools.gnu-tools-for-stm32.10.3-2021.10.linux64_1.0.200.202301161003/tools/bin/../lib/gcc/arm-none-eabi/10.3.1/../../../../arm-none-eabi/lib/thumb/v7e-m+fp/hard/libc_nano.a(lib_a-nano-freer.o)
                0x000000000800c93c                _free_r
 .text.sbrk_aligned
                0x000000000800c9d4       0x40 /opt/st/stm32cubeide_1.12.1/plugins/com.st.stm32cube.ide.mcu.externaltools.gnu-tools-for-stm32.10.3-2021.10.linux64_1.0.200.202301161003/tools/bin/../lib/gcc/arm-none-eabi/10.3.1/../../../../arm-none-eabi/lib/thumb/v7e-m+fp/hard/libc_nano.a(lib_a-nano-mallocr.o)
 .text._malloc_r
                0x000000000800ca14       0xe8 /opt/st/stm32cubeide_1.12.1/plugins/com.st.stm32cube.ide.mcu.externaltools.gnu-tools-for-stm32.10.3-2021.10.linux64_1.0.200.202301161003/tools/bin/../lib/gcc/arm-none-eabi/10.3.1/../../../../arm-none-eabi/lib/thumb/v7e-m+fp/hard/libc_nano.a(lib_a-nano-mallocr.o)
                0x000000000800ca14                _malloc_r
 .text.cleanup_glue
                0x000000000800cafc       0x1a /opt/st/stm32cubeide_1.12.1/plugins/com.st.stm32cube.ide.mcu.externaltools.gnu-tools-for-stm32.10.3-2021.10.linux64_1.0.200.202301161003/tools/bin/../lib/gcc/arm-none-eabi/10.3.1/../../../../arm-none-eabi/lib/thumb/v7e-m+fp/hard/libc_nano.a(lib_a-reent.o)
                0x000000000800cafc                cleanup_glue
 *fill*         0x000000000800cb16        0x2 
 .text._reclaim_reent
                0x000000000800cb18       0xb8 /opt/st/stm32cubeide_1.12.1/plugins/com.st.stm32cube.ide.mcu.externaltools.gnu-tools-for-stm32.10.3-2021.10.linux64_1.0.200.202301161003/tools/bin/../lib/gcc/arm-none-eabi/10.3.1/../../../../arm-none-eabi/lib/thumb/v7e-m+fp/hard/libc_nano.a(lib_a-reent.o)
                0x000000000800cb18                _reclaim_reent
 .text._sbrk_r  0x000000000800cbd0       0x20 /opt/st/stm32cubeide_1.12.1/plugins/com.st.stm32cube.ide.mcu.externaltools.gnu-tools-for-stm32.10.3-2021.10.linux64_1.0.200.202301161003/tools/bin/../lib/gcc/arm-none-eabi/10.3.1/../../../../arm-none-eabi/lib/thumb/v7e-m+fp/hard/libc_nano.a(lib_a-sbrkr.o)
                0x000000000800cbd0                _sbrk_r
 .text.sprintf  0x000000000800cbf0       0x40 /opt/st/stm32cubeide_1.12.1/plugins/com.st.stm32cube.ide.mcu.externaltools.gnu-tools-for-stm32.10.3-2021.10.linux64_1.0.200.202301161003/tools/bin/../lib/gcc/arm-none-eabi/10.3.1/../../../../arm-none-eabi/lib/thumb/v7e-m+fp/hard/libc_nano.a(lib_a-sprintf.o)
                0x000000000800cbf0                sprintf
                0x000000000800cbf0                siprintf
 .text.__malloc_lock
                0x000000000800cc30        0xc /opt/st/stm32cubeide_1.12.1/plugins/com.st.stm32cube.ide.mcu.externaltools.gnu-tools-for-stm32.10.3-2021.10.linux64_1.0.200.202301161003/tools/bin/../lib/gcc/arm-none-eabi/10.3.1/../../../../arm-none-eabi/lib/thumb/v7e-m+fp/hard/libc_nano.a(lib_a-mlock.o)
                0x000000000800cc30                __malloc_lock
 .text.__malloc_unlock
                0x000000000800cc3c        0xc /opt/st/stm32cubeide_1.12.1/plugins/com.st.stm32cube.ide.mcu.externaltools.gnu-tools-for-stm32.10.3-2021.10.linux64_1.0.200.202301161003/tools/bin/../lib/gcc/arm-none-eabi/10.3.1/../../../../arm-none-eabi/lib/thumb/v7e-m+fp/hard/libc_nano.a(lib_a-mlock.o)
                0x000000000800cc3c                __malloc_unlock
 .text.__ssputs_r
                0x000000000800cc48       0xb6 /opt/st/stm32cubeide_1.12.1/plugins/com.st.stm32cube.ide.mcu.externaltools.gnu-tools-for-stm32.10.3-2021.10.linux64_1.0.200.202301161003/tools/bin/../lib/gcc/arm-none-eabi/10.3.1/../../../../arm-none-eabi/lib/thumb/v7e-m+fp/hard/libc_nano.a(lib_a-nano-svfprintf.o)
                0x000000000800cc48                __ssputs_r
 *fill*         0x000000000800ccfe        0x2 
 .text._svfprintf_r
                0x000000000800cd00      0x200 /opt/st/stm32cubeide_1.12.1/plugins/com.st.stm32cube.ide.mcu.externaltools.gnu-tools-for-stm32.10.3-2021.10.linux64_1.0.200.202301161003/tools/bin/../lib/gcc/arm-none-eabi/10.3.1/../../../../arm-none-eabi/lib/thumb/v7e-m+fp/hard/libc_nano.a(lib_a-nano-svfprintf.o)
                0x000000000800cd00                _svfprintf_r
                0x000000000800cd00                _svfiprintf_r
 .text._printf_common
                0x000000000800cf00       0xda /opt/st/stm32cubeide_1.12.1/plugins/com.st.stm32cube.ide.mcu.externaltools.gnu-tools-for-stm32.10.3-2021.10.linux64_1.0.200.202301161003/tools/bin/../lib/gcc/arm-none-eabi/10.3.1/../../../../arm-none-eabi/lib/thumb/v7e-m+fp/hard/libc_nano.a(lib_a-nano-vfprintf_i.o)
                0x000000000800cf00                _printf_common
 *fill*         0x000000000800cfda        0x2 
 .text._printf_i
                0x000000000800cfdc      0x24c /opt/st/stm32cubeide_1.12.1/plugins/com.st.stm32cube.ide.mcu.externaltools.gnu-tools-for-stm32.10.3-2021.10.linux64_1.0.200.202301161003/tools/bin/../lib/gcc/arm-none-eabi/10.3.1/../../../../arm-none-eabi/lib/thumb/v7e-m+fp/hard/libc_nano.a(lib_a-nano-vfprintf_i.o)
                0x000000000800cfdc                _printf_i
 .text.memmove  0x000000000800d228       0x34 /opt/st/stm32cubeide_1.12.1/plugins/com.st.stm32cube.ide.mcu.externaltools.gnu-tools-for-stm32.10.3-2021.10.linux64_1.0.200.202301161003/tools/bin/../lib/gcc/arm-none-eabi/10.3.1/../../../../arm-none-eabi/lib/thumb/v7e-m+fp/hard/libc_nano.a(lib_a-memmove.o)
                0x000000000800d228                memmove
 .text._realloc_r
                0x000000000800d25c       0x5e /opt/st/stm32cubeide_1.12.1/plugins/com.st.stm32cube.ide.mcu.externaltools.gnu-tools-for-stm32.10.3-2021.10.linux64_1.0.200.202301161003/tools/bin/../lib/gcc/arm-none-eabi/10.3.1/../../../../arm-none-eabi/lib/thumb/v7e-m+fp/hard/libc_nano.a(lib_a-nano-reallocr.o)
                0x000000000800d25c                _realloc_r
 .text._malloc_usable_size_r
                0x000000000800d2ba       0x10 /opt/st/stm32cubeide_1.12.1/plugins/com.st.stm32cube.ide.mcu.externaltools.gnu-tools-for-stm32.10.3-2021.10.linux64_1.0.200.202301161003/tools/bin/../lib/gcc/arm-none-eabi/10.3.1/../../../../arm-none-eabi/lib/thumb/v7e-m+fp/hard/libc_nano.a(lib_a-nano-msizer.o)
                0x000000000800d2ba                _malloc_usable_size_r
 *(.glue_7)
 .glue_7        0x000000000800d2ca        0x0 linker stubs
 *(.glue_7t)
 .glue_7t       0x000000000800d2ca        0x0 linker stubs
 *(.eh_frame)
 *fill*         0x000000000800d2ca        0x2 
 .eh_frame      0x000000000800d2cc        0x0 /opt/st/stm32cubeide_1.12.1/plugins/com.st.stm32cube.ide.mcu.externaltools.gnu-tools-for-stm32.10.3-2021.10.linux64_1.0.200.202301161003/tools/bin/../lib/gcc/arm-none-eabi/10.3.1/thumb/v7e-m+fp/hard/crtbegin.o
 *(.init)
 .init          0x000000000800d2cc        0x4 /opt/st/stm32cubeide_1.12.1/plugins/com.st.stm32cube.ide.mcu.externaltools.gnu-tools-for-stm32.10.3-2021.10.linux64_1.0.200.202301161003/tools/bin/../lib/gcc/arm-none-eabi/10.3.1/thumb/v7e-m+fp/hard/crti.o
                0x000000000800d2cc                _init
 .init          0x000000000800d2d0        0x8 /opt/st/stm32cubeide_1.12.1/plugins/com.st.stm32cube.ide.mcu.externaltools.gnu-tools-for-stm32.10.3-2021.10.linux64_1.0.200.202301161003/tools/bin/../lib/gcc/arm-none-eabi/10.3.1/thumb/v7e-m+fp/hard/crtn.o
 *(.fini)
 .fini          0x000000000800d2d8        0x4 /opt/st/stm32cubeide_1.12.1/plugins/com.st.stm32cube.ide.mcu.externaltools.gnu-tools-for-stm32.10.3-2021.10.linux64_1.0.200.202301161003/tools/bin/../lib/gcc/arm-none-eabi/10.3.1/thumb/v7e-m+fp/hard/crti.o
                0x000000000800d2d8                _fini
 .fini          0x000000000800d2dc        0x8 /opt/st/stm32cubeide_1.12.1/plugins/com.st.stm32cube.ide.mcu.externaltools.gnu-tools-for-stm32.10.3-2021.10.linux64_1.0.200.202301161003/tools/bin/../lib/gcc/arm-none-eabi/10.3.1/thumb/v7e-m+fp/hard/crtn.o
                0x000000000800d2e4                . = ALIGN (0x4)
                0x000000000800d2e4                _etext = .

.vfp11_veneer   0x000000000800d2e4        0x0
 .vfp11_veneer  0x000000000800d2e4        0x0 linker stubs

.v4_bx          0x000000000800d2e4        0x0
 .v4_bx         0x000000000800d2e4        0x0 linker stubs

.iplt           0x000000000800d2e4        0x0
 .iplt          0x000000000800d2e4        0x0 /opt/st/stm32cubeide_1.12.1/plugins/com.st.stm32cube.ide.mcu.externaltools.gnu-tools-for-stm32.10.3-2021.10.linux64_1.0.200.202301161003/tools/bin/../lib/gcc/arm-none-eabi/10.3.1/thumb/v7e-m+fp/hard/crtbegin.o

.rodata         0x000000000800d2e4    0x1f4b8
                0x000000000800d2e4                . = ALIGN (0x4)
 *(.rodata)
 .rodata        0x000000000800d2e4       0x42 ./Core/Src/main.o
 *fill*         0x000000000800d326        0x2 
 .rodata        0x000000000800d328       0xde ./Drivers/LCD/lcd.o
 *fill*         0x000000000800d406        0x2 
 .rodata        0x000000000800d408        0x2 ./Drivers/UGUI/ugui_button.o
 *fill*         0x000000000800d40a        0x2 
 .rodata        0x000000000800d40c        0x5 ./Middlewares/Third_Party/FreeRTOS/Source/tasks.o
 *fill*         0x000000000800d411        0x3 
 .rodata        0x000000000800d414        0xd ./Middlewares/Third_Party/FreeRTOS/Source/timers.o
 *(.rodata*)
 *fill*         0x000000000800d421        0x3 
 .rodata.defaultTask_attributes
                0x000000000800d424       0x24 ./Core/Src/main.o
                0x000000000800d424                defaultTask_attributes
 .rodata.TaskLCD_attributes
                0x000000000800d448       0x24 ./Core/Src/main.o
                0x000000000800d448                TaskLCD_attributes
 .rodata.TaskBlink_attributes
                0x000000000800d46c       0x24 ./Core/Src/main.o
                0x000000000800d46c                TaskBlink_attributes
 .rodata.TaskLeds_attributes
                0x000000000800d490       0x24 ./Core/Src/main.o
                0x000000000800d490                TaskLeds_attributes
 .rodata.xSemaphoreDMAComplete_attributes
                0x000000000800d4b4       0x10 ./Core/Src/main.o
                0x000000000800d4b4                xSemaphoreDMAComplete_attributes
 .rodata.AHBPrescTable
                0x000000000800d4c4       0x10 ./Core/Src/system_stm32f4xx.o
                0x000000000800d4c4                AHBPrescTable
 .rodata.APBPrescTable
                0x000000000800d4d4        0x8 ./Core/Src/system_stm32f4xx.o
                0x000000000800d4d4                APBPrescTable
 .rodata.init_cmd
                0x000000000800d4dc       0x4c ./Drivers/LCD/lcd.o
                0x000000000800d4dc                init_cmd
 .rodata.flagBitshiftOffset.0
                0x000000000800d528        0x8 ./Drivers/STM32F4xx_HAL_Driver/Src/stm32f4xx_hal_dma.o
 .rodata.FONT_arial_49X57
                0x000000000800d530    0x128f2 ./Drivers/UGUI/Fonts/arial_49X57.o
                0x000000000800d530                FONT_arial_49X57
 *fill*         0x000000000801fe22        0x2 
 .rodata.FONT_6X8
                0x000000000801fe24      0x80e ./Drivers/UGUI/Fonts/font_6x8.o
                0x000000000801fe24                FONT_6X8
 *fill*         0x0000000008020632        0x2 
 .rodata.pal_window
                0x0000000008020634       0x18 ./Drivers/UGUI/ugui.o
 .rodata.pal_button_pressed
                0x000000000802064c       0x18 ./Drivers/UGUI/ugui_button.o
                0x000000000802064c                pal_button_pressed
 .rodata.pal_button_released
                0x0000000008020664       0x18 ./Drivers/UGUI/ugui_button.o
                0x0000000008020664                pal_button_released
 .rodata.pal_progress
                0x000000000802067c       0x18 ./Drivers/UGUI/ugui_progress.o
                0x000000000802067c                pal_progress
 .rodata.ITMLogoData
                0x0000000008020694     0xc072 ./Drivers/UI/Src/Bitmaps.o
                0x0000000008020694                ITMLogoData
 *fill*         0x000000000802c706        0x2 
 .rodata.__sf_fake_stderr
                0x000000000802c708       0x20 /opt/st/stm32cubeide_1.12.1/plugins/com.st.stm32cube.ide.mcu.externaltools.gnu-tools-for-stm32.10.3-2021.10.linux64_1.0.200.202301161003/tools/bin/../lib/gcc/arm-none-eabi/10.3.1/../../../../arm-none-eabi/lib/thumb/v7e-m+fp/hard/libc_nano.a(lib_a-findfp.o)
                0x000000000802c708                __sf_fake_stderr
 .rodata.__sf_fake_stdin
                0x000000000802c728       0x20 /opt/st/stm32cubeide_1.12.1/plugins/com.st.stm32cube.ide.mcu.externaltools.gnu-tools-for-stm32.10.3-2021.10.linux64_1.0.200.202301161003/tools/bin/../lib/gcc/arm-none-eabi/10.3.1/../../../../arm-none-eabi/lib/thumb/v7e-m+fp/hard/libc_nano.a(lib_a-findfp.o)
                0x000000000802c728                __sf_fake_stdin
 .rodata.__sf_fake_stdout
                0x000000000802c748       0x20 /opt/st/stm32cubeide_1.12.1/plugins/com.st.stm32cube.ide.mcu.externaltools.gnu-tools-for-stm32.10.3-2021.10.linux64_1.0.200.202301161003/tools/bin/../lib/gcc/arm-none-eabi/10.3.1/../../../../arm-none-eabi/lib/thumb/v7e-m+fp/hard/libc_nano.a(lib_a-findfp.o)
                0x000000000802c748                __sf_fake_stdout
 .rodata._svfprintf_r.str1.1
                0x000000000802c768       0x11 /opt/st/stm32cubeide_1.12.1/plugins/com.st.stm32cube.ide.mcu.externaltools.gnu-tools-for-stm32.10.3-2021.10.linux64_1.0.200.202301161003/tools/bin/../lib/gcc/arm-none-eabi/10.3.1/../../../../arm-none-eabi/lib/thumb/v7e-m+fp/hard/libc_nano.a(lib_a-nano-svfprintf.o)
 .rodata._printf_i.str1.1
                0x000000000802c779       0x22 /opt/st/stm32cubeide_1.12.1/plugins/com.st.stm32cube.ide.mcu.externaltools.gnu-tools-for-stm32.10.3-2021.10.linux64_1.0.200.202301161003/tools/bin/../lib/gcc/arm-none-eabi/10.3.1/../../../../arm-none-eabi/lib/thumb/v7e-m+fp/hard/libc_nano.a(lib_a-nano-vfprintf_i.o)
                0x000000000802c79c                . = ALIGN (0x4)
 *fill*         0x000000000802c79b        0x1 

.ARM.extab      0x000000000802c79c        0x0
                0x000000000802c79c                . = ALIGN (0x4)
 *(.ARM.extab* .gnu.linkonce.armextab.*)
                0x000000000802c79c                . = ALIGN (0x4)

.ARM            0x000000000802c79c        0x8
                0x000000000802c79c                . = ALIGN (0x4)
                0x000000000802c79c                __exidx_start = .
 *(.ARM.exidx*)
 .ARM.exidx     0x000000000802c79c        0x8 /opt/st/stm32cubeide_1.12.1/plugins/com.st.stm32cube.ide.mcu.externaltools.gnu-tools-for-stm32.10.3-2021.10.linux64_1.0.200.202301161003/tools/bin/../lib/gcc/arm-none-eabi/10.3.1/thumb/v7e-m+fp/hard/libgcc.a(_udivmoddi4.o)
                0x000000000802c7a4                __exidx_end = .
                0x000000000802c7a4                . = ALIGN (0x4)

.rel.dyn        0x000000000802c7a4        0x0
 .rel.iplt      0x000000000802c7a4        0x0 /opt/st/stm32cubeide_1.12.1/plugins/com.st.stm32cube.ide.mcu.externaltools.gnu-tools-for-stm32.10.3-2021.10.linux64_1.0.200.202301161003/tools/bin/../lib/gcc/arm-none-eabi/10.3.1/thumb/v7e-m+fp/hard/crtbegin.o

.preinit_array  0x000000000802c7a4        0x0
                0x000000000802c7a4                . = ALIGN (0x4)
                0x000000000802c7a4                PROVIDE (__preinit_array_start = .)
 *(.preinit_array*)
                0x000000000802c7a4                PROVIDE (__preinit_array_end = .)
                0x000000000802c7a4                . = ALIGN (0x4)

.init_array     0x000000000802c7a4        0x4
                0x000000000802c7a4                . = ALIGN (0x4)
                0x000000000802c7a4                PROVIDE (__init_array_start = .)
 *(SORT_BY_NAME(.init_array.*))
 *(.init_array*)
 .init_array    0x000000000802c7a4        0x4 /opt/st/stm32cubeide_1.12.1/plugins/com.st.stm32cube.ide.mcu.externaltools.gnu-tools-for-stm32.10.3-2021.10.linux64_1.0.200.202301161003/tools/bin/../lib/gcc/arm-none-eabi/10.3.1/thumb/v7e-m+fp/hard/crtbegin.o
                0x000000000802c7a8                PROVIDE (__init_array_end = .)
                0x000000000802c7a8                . = ALIGN (0x4)

.fini_array     0x000000000802c7a8        0x4
                0x000000000802c7a8                . = ALIGN (0x4)
                [!provide]                        PROVIDE (__fini_array_start = .)
 *(SORT_BY_NAME(.fini_array.*))
 *(.fini_array*)
 .fini_array    0x000000000802c7a8        0x4 /opt/st/stm32cubeide_1.12.1/plugins/com.st.stm32cube.ide.mcu.externaltools.gnu-tools-for-stm32.10.3-2021.10.linux64_1.0.200.202301161003/tools/bin/../lib/gcc/arm-none-eabi/10.3.1/thumb/v7e-m+fp/hard/crtbegin.o
                [!provide]                        PROVIDE (__fini_array_end = .)
                0x000000000802c7ac                . = ALIGN (0x4)
                0x000000000802c7ac                _sidata = LOADADDR (.data)

.data           0x0000000020000000       0x90 load address 0x000000000802c7ac
                0x0000000020000000                . = ALIGN (0x4)
                0x0000000020000000                _sdata = .
 *(.data)
 *(.data*)
 .data.SystemCoreClock
                0x0000000020000000        0x4 ./Core/Src/system_stm32f4xx.o
                0x0000000020000000                SystemCoreClock
 .data.config   0x0000000020000004        0x3 ./Drivers/LCD/lcd.o
                0x0000000020000004                config
 *fill*         0x0000000020000007        0x1 
 .data.device   0x0000000020000008        0xc ./Drivers/LCD/lcd.o
 .data.uwTickPrio
                0x0000000020000014        0x4 ./Drivers/STM32F4xx_HAL_Driver/Src/stm32f4xx_hal.o
                0x0000000020000014                uwTickPrio
 .data.uwTickFreq
                0x0000000020000018        0x1 ./Drivers/STM32F4xx_HAL_Driver/Src/stm32f4xx_hal.o
                0x0000000020000018                uwTickFreq
 *fill*         0x0000000020000019        0x3 
 .data.ITMLogo  0x000000002000001c        0xc ./Drivers/UI/Src/Bitmaps.o
                0x000000002000001c                ITMLogo
 .data.uxCriticalNesting
                0x0000000020000028        0x4 ./Middlewares/Third_Party/FreeRTOS/Source/portable/GCC/ARM_CM4F/port.o
 .data._impure_ptr
                0x000000002000002c        0x4 /opt/st/stm32cubeide_1.12.1/plugins/com.st.stm32cube.ide.mcu.externaltools.gnu-tools-for-stm32.10.3-2021.10.linux64_1.0.200.202301161003/tools/bin/../lib/gcc/arm-none-eabi/10.3.1/../../../../arm-none-eabi/lib/thumb/v7e-m+fp/hard/libc_nano.a(lib_a-impure.o)
                0x000000002000002c                _impure_ptr
 .data.impure_data
                0x0000000020000030       0x60 /opt/st/stm32cubeide_1.12.1/plugins/com.st.stm32cube.ide.mcu.externaltools.gnu-tools-for-stm32.10.3-2021.10.linux64_1.0.200.202301161003/tools/bin/../lib/gcc/arm-none-eabi/10.3.1/../../../../arm-none-eabi/lib/thumb/v7e-m+fp/hard/libc_nano.a(lib_a-impure.o)
 *(.RamFunc)
 *(.RamFunc*)
                0x0000000020000090                . = ALIGN (0x4)
                0x0000000020000090                _edata = .

.igot.plt       0x0000000020000090        0x0 load address 0x000000000802c83c
 .igot.plt      0x0000000020000090        0x0 /opt/st/stm32cubeide_1.12.1/plugins/com.st.stm32cube.ide.mcu.externaltools.gnu-tools-for-stm32.10.3-2021.10.linux64_1.0.200.202301161003/tools/bin/../lib/gcc/arm-none-eabi/10.3.1/thumb/v7e-m+fp/hard/crtbegin.o
                0x0000000020000090                . = ALIGN (0x4)

.bss            0x0000000020000090     0x4ea0 load address 0x000000000802c83c
                0x0000000020000090                _sbss = .
                0x0000000020000090                __bss_start__ = _sbss
 *(.bss)
 .bss           0x0000000020000090       0x1c /opt/st/stm32cubeide_1.12.1/plugins/com.st.stm32cube.ide.mcu.externaltools.gnu-tools-for-stm32.10.3-2021.10.linux64_1.0.200.202301161003/tools/bin/../lib/gcc/arm-none-eabi/10.3.1/thumb/v7e-m+fp/hard/crtbegin.o
 *(.bss*)
 .bss.hspi1     0x00000000200000ac       0x58 ./Core/Src/main.o
                0x00000000200000ac                hspi1
 .bss.hdma_spi1_tx
                0x0000000020000104       0x60 ./Core/Src/main.o
                0x0000000020000104                hdma_spi1_tx
 .bss.htim1     0x0000000020000164       0x48 ./Core/Src/main.o
                0x0000000020000164                htim1
 .bss.huart1    0x00000000200001ac       0x44 ./Core/Src/main.o
                0x00000000200001ac                huart1
 .bss.hdma_usart1_tx
                0x00000000200001f0       0x60 ./Core/Src/main.o
                0x00000000200001f0                hdma_usart1_tx
 .bss.hdma_memtomem_dma2_stream1
                0x0000000020000250       0x60 ./Core/Src/main.o
                0x0000000020000250                hdma_memtomem_dma2_stream1
 .bss.defaultTaskHandle
                0x00000000200002b0        0x4 ./Core/Src/main.o
                0x00000000200002b0                defaultTaskHandle
 .bss.TaskLCDHandle
                0x00000000200002b4        0x4 ./Core/Src/main.o
                0x00000000200002b4                TaskLCDHandle
 .bss.TaskBlinkHandle
                0x00000000200002b8        0x4 ./Core/Src/main.o
                0x00000000200002b8                TaskBlinkHandle
 .bss.TaskLedsHandle
                0x00000000200002bc        0x4 ./Core/Src/main.o
                0x00000000200002bc                TaskLedsHandle
 .bss.xSemaphoreDMACompleteHandle
                0x00000000200002c0        0x4 ./Core/Src/main.o
                0x00000000200002c0                xSemaphoreDMACompleteHandle
 .bss.__sbrk_heap_end
                0x00000000200002c4        0x4 ./Core/Src/sysmem.o
 .bss.str       0x00000000200002c8       0x20 ./Drivers/LCD/lcd.o
                0x00000000200002c8                str
 .bss.gui       0x00000000200002e8       0x5c ./Drivers/LCD/lcd.o
 .bss.draw_time
                0x0000000020000344        0x4 ./Drivers/LCD/lcd.o
 .bss.window_1  0x0000000020000348       0x34 ./Drivers/LCD/lcd.o
 .bss.button_1  0x000000002000037c       0x18 ./Drivers/LCD/lcd.o
 .bss.textbox_1
                0x0000000020000394       0x14 ./Drivers/LCD/lcd.o
 .bss.obj_buff_wnd_1
                0x00000000200003a8      0x140 ./Drivers/LCD/lcd.o
 .bss.pgb       0x00000000200004e8        0x8 ./Drivers/LCD/lcd.o
 .bss.uwTick    0x00000000200004f0        0x4 ./Drivers/STM32F4xx_HAL_Driver/Src/stm32f4xx_hal.o
                0x00000000200004f0                uwTick
 .bss.gui       0x00000000200004f4        0x4 ./Drivers/UGUI/ugui.o
 .bss.last_font.4
                0x00000000200004f8        0x4 ./Drivers/UGUI/ugui.o
 .bss.last_encoding.3
                0x00000000200004fc        0x1 ./Drivers/UGUI/ugui.o
 *fill*         0x00000000200004fd        0x3 
 .bss.last_p.2  0x0000000020000500        0x4 ./Drivers/UGUI/ugui.o
 .bss.last_width.1
                0x0000000020000504        0x2 ./Drivers/UGUI/ugui.o
 *fill*         0x0000000020000506        0x2 
 .bss.msg.0     0x0000000020000508        0x8 ./Drivers/UGUI/ugui.o
 .bss.KernelState
                0x0000000020000510        0x4 ./Middlewares/Third_Party/FreeRTOS/Source/CMSIS_RTOS_V2/cmsis_os2.o
 .bss.Idle_TCB.3
                0x0000000020000514       0xbc ./Middlewares/Third_Party/FreeRTOS/Source/CMSIS_RTOS_V2/cmsis_os2.o
 .bss.Idle_Stack.2
                0x00000000200005d0      0x200 ./Middlewares/Third_Party/FreeRTOS/Source/CMSIS_RTOS_V2/cmsis_os2.o
 .bss.Timer_TCB.1
                0x00000000200007d0       0xbc ./Middlewares/Third_Party/FreeRTOS/Source/CMSIS_RTOS_V2/cmsis_os2.o
 .bss.Timer_Stack.0
                0x000000002000088c      0x400 ./Middlewares/Third_Party/FreeRTOS/Source/CMSIS_RTOS_V2/cmsis_os2.o
 .bss.xQueueRegistry
                0x0000000020000c8c       0x40 ./Middlewares/Third_Party/FreeRTOS/Source/queue.o
                0x0000000020000c8c                xQueueRegistry
 .bss.pxCurrentTCB
                0x0000000020000ccc        0x4 ./Middlewares/Third_Party/FreeRTOS/Source/tasks.o
                0x0000000020000ccc                pxCurrentTCB
 .bss.pxReadyTasksLists
                0x0000000020000cd0      0x460 ./Middlewares/Third_Party/FreeRTOS/Source/tasks.o
 .bss.xDelayedTaskList1
                0x0000000020001130       0x14 ./Middlewares/Third_Party/FreeRTOS/Source/tasks.o
 .bss.xDelayedTaskList2
                0x0000000020001144       0x14 ./Middlewares/Third_Party/FreeRTOS/Source/tasks.o
 .bss.pxDelayedTaskList
                0x0000000020001158        0x4 ./Middlewares/Third_Party/FreeRTOS/Source/tasks.o
 .bss.pxOverflowDelayedTaskList
                0x000000002000115c        0x4 ./Middlewares/Third_Party/FreeRTOS/Source/tasks.o
 .bss.xPendingReadyList
                0x0000000020001160       0x14 ./Middlewares/Third_Party/FreeRTOS/Source/tasks.o
 .bss.xTasksWaitingTermination
                0x0000000020001174       0x14 ./Middlewares/Third_Party/FreeRTOS/Source/tasks.o
 .bss.uxDeletedTasksWaitingCleanUp
                0x0000000020001188        0x4 ./Middlewares/Third_Party/FreeRTOS/Source/tasks.o
 .bss.xSuspendedTaskList
                0x000000002000118c       0x14 ./Middlewares/Third_Party/FreeRTOS/Source/tasks.o
 .bss.uxCurrentNumberOfTasks
                0x00000000200011a0        0x4 ./Middlewares/Third_Party/FreeRTOS/Source/tasks.o
 .bss.xTickCount
                0x00000000200011a4        0x4 ./Middlewares/Third_Party/FreeRTOS/Source/tasks.o
 .bss.uxTopReadyPriority
                0x00000000200011a8        0x4 ./Middlewares/Third_Party/FreeRTOS/Source/tasks.o
 .bss.xSchedulerRunning
                0x00000000200011ac        0x4 ./Middlewares/Third_Party/FreeRTOS/Source/tasks.o
 .bss.xPendedTicks
                0x00000000200011b0        0x4 ./Middlewares/Third_Party/FreeRTOS/Source/tasks.o
 .bss.xYieldPending
                0x00000000200011b4        0x4 ./Middlewares/Third_Party/FreeRTOS/Source/tasks.o
 .bss.xNumOfOverflows
                0x00000000200011b8        0x4 ./Middlewares/Third_Party/FreeRTOS/Source/tasks.o
 .bss.uxTaskNumber
                0x00000000200011bc        0x4 ./Middlewares/Third_Party/FreeRTOS/Source/tasks.o
 .bss.xNextTaskUnblockTime
                0x00000000200011c0        0x4 ./Middlewares/Third_Party/FreeRTOS/Source/tasks.o
 .bss.xIdleTaskHandle
                0x00000000200011c4        0x4 ./Middlewares/Third_Party/FreeRTOS/Source/tasks.o
 .bss.uxSchedulerSuspended
                0x00000000200011c8        0x4 ./Middlewares/Third_Party/FreeRTOS/Source/tasks.o
 .bss.xActiveTimerList1
                0x00000000200011cc       0x14 ./Middlewares/Third_Party/FreeRTOS/Source/timers.o
 .bss.xActiveTimerList2
                0x00000000200011e0       0x14 ./Middlewares/Third_Party/FreeRTOS/Source/timers.o
 .bss.pxCurrentTimerList
                0x00000000200011f4        0x4 ./Middlewares/Third_Party/FreeRTOS/Source/timers.o
 .bss.pxOverflowTimerList
                0x00000000200011f8        0x4 ./Middlewares/Third_Party/FreeRTOS/Source/timers.o
 .bss.xTimerQueue
                0x00000000200011fc        0x4 ./Middlewares/Third_Party/FreeRTOS/Source/timers.o
 .bss.xTimerTaskHandle
                0x0000000020001200        0x4 ./Middlewares/Third_Party/FreeRTOS/Source/timers.o
 .bss.xLastTime.2
                0x0000000020001204        0x4 ./Middlewares/Third_Party/FreeRTOS/Source/timers.o
 .bss.ucStaticTimerQueueStorage.1
                0x0000000020001208       0xa0 ./Middlewares/Third_Party/FreeRTOS/Source/timers.o
 .bss.xStaticTimerQueue.0
                0x00000000200012a8       0x50 ./Middlewares/Third_Party/FreeRTOS/Source/timers.o
 .bss.ucMaxSysCallPriority
                0x00000000200012f8        0x1 ./Middlewares/Third_Party/FreeRTOS/Source/portable/GCC/ARM_CM4F/port.o
 *fill*         0x00000000200012f9        0x3 
 .bss.ulMaxPRIGROUPValue
                0x00000000200012fc        0x4 ./Middlewares/Third_Party/FreeRTOS/Source/portable/GCC/ARM_CM4F/port.o
 .bss.ucHeap    0x0000000020001300     0x3c00 ./Middlewares/Third_Party/FreeRTOS/Source/portable/MemMang/heap_4.o
 .bss.xStart    0x0000000020004f00        0x8 ./Middlewares/Third_Party/FreeRTOS/Source/portable/MemMang/heap_4.o
 .bss.pxEnd     0x0000000020004f08        0x4 ./Middlewares/Third_Party/FreeRTOS/Source/portable/MemMang/heap_4.o
 .bss.xFreeBytesRemaining
                0x0000000020004f0c        0x4 ./Middlewares/Third_Party/FreeRTOS/Source/portable/MemMang/heap_4.o
 .bss.xMinimumEverFreeBytesRemaining
                0x0000000020004f10        0x4 ./Middlewares/Third_Party/FreeRTOS/Source/portable/MemMang/heap_4.o
 .bss.xNumberOfSuccessfulAllocations
                0x0000000020004f14        0x4 ./Middlewares/Third_Party/FreeRTOS/Source/portable/MemMang/heap_4.o
 .bss.xNumberOfSuccessfulFrees
                0x0000000020004f18        0x4 ./Middlewares/Third_Party/FreeRTOS/Source/portable/MemMang/heap_4.o
 .bss.xBlockAllocatedBit
                0x0000000020004f1c        0x4 ./Middlewares/Third_Party/FreeRTOS/Source/portable/MemMang/heap_4.o
 .bss.__lock___malloc_recursive_mutex
                0x0000000020004f20        0x1 /opt/st/stm32cubeide_1.12.1/plugins/com.st.stm32cube.ide.mcu.externaltools.gnu-tools-for-stm32.10.3-2021.10.linux64_1.0.200.202301161003/tools/bin/../lib/gcc/arm-none-eabi/10.3.1/../../../../arm-none-eabi/lib/thumb/v7e-m+fp/hard/libc_nano.a(lib_a-lock.o)
                0x0000000020004f20                __lock___malloc_recursive_mutex
 *fill*         0x0000000020004f21        0x3 
 .bss.__malloc_free_list
                0x0000000020004f24        0x4 /opt/st/stm32cubeide_1.12.1/plugins/com.st.stm32cube.ide.mcu.externaltools.gnu-tools-for-stm32.10.3-2021.10.linux64_1.0.200.202301161003/tools/bin/../lib/gcc/arm-none-eabi/10.3.1/../../../../arm-none-eabi/lib/thumb/v7e-m+fp/hard/libc_nano.a(lib_a-nano-mallocr.o)
                0x0000000020004f24                __malloc_free_list
 .bss.__malloc_sbrk_start
                0x0000000020004f28        0x4 /opt/st/stm32cubeide_1.12.1/plugins/com.st.stm32cube.ide.mcu.externaltools.gnu-tools-for-stm32.10.3-2021.10.linux64_1.0.200.202301161003/tools/bin/../lib/gcc/arm-none-eabi/10.3.1/../../../../arm-none-eabi/lib/thumb/v7e-m+fp/hard/libc_nano.a(lib_a-nano-mallocr.o)
                0x0000000020004f28                __malloc_sbrk_start
 .bss.errno     0x0000000020004f2c        0x4 /opt/st/stm32cubeide_1.12.1/plugins/com.st.stm32cube.ide.mcu.externaltools.gnu-tools-for-stm32.10.3-2021.10.linux64_1.0.200.202301161003/tools/bin/../lib/gcc/arm-none-eabi/10.3.1/../../../../arm-none-eabi/lib/thumb/v7e-m+fp/hard/libc_nano.a(lib_a-reent.o)
                0x0000000020004f2c                errno
 *(COMMON)
                0x0000000020004f30                . = ALIGN (0x4)
                0x0000000020004f30                _ebss = .
                0x0000000020004f30                __bss_end__ = _ebss

._user_heap_stack
                0x0000000020004f30      0x600 load address 0x000000000802c83c
                0x0000000020004f30                . = ALIGN (0x8)
                [!provide]                        PROVIDE (end = .)
                0x0000000020004f30                PROVIDE (_end = .)
                0x0000000020005130                . = (. + _Min_Heap_Size)
 *fill*         0x0000000020004f30      0x200 
                0x0000000020005530                . = (. + _Min_Stack_Size)
 *fill*         0x0000000020005130      0x400 
                0x0000000020005530                . = ALIGN (0x8)

/DISCARD/
 libc.a(*)
 libm.a(*)
 libgcc.a(*)

.ARM.attributes
                0x0000000000000000       0x30
 *(.ARM.attributes)
 .ARM.attributes