../Core/Src/main.c:135:5:main	8	static
../Core/Src/main.c:235:6:SystemClock_Config	88	static
../Core/Src/main.c:281:13:MX_SPI1_Init	8	static
../Core/Src/main.c:319:13:MX_TIM1_Init	56	static
../Core/Src/main.c:369:13:MX_USART1_UART_Init	8	static
../Core/Src/main.c:402:13:MX_DMA_Init	16	static
../Core/Src/main.c:445:13:MX_GPIO_Init	48	static
../Core/Src/main.c:542:13:vTaskIdle	16	static
../Core/Src/main.c:560:6:vTaskBlink	16	static
../Core/Src/main.c:579:6:vTaskLeds	16	static
../Core/Src/main.c:603:6:vTaskWdgM	16	static
../Core/Src/main.c:618:6:Error_Handler	4	static,ignoring_inline_asm
