../Core/Src/main.c:110:5:main	8	static
../Core/Src/main.c:200:6:SystemClock_Config	88	static
../Core/Src/main.c:246:13:MX_SPI1_Init	8	static
../Core/Src/main.c:284:13:MX_TIM1_Init	56	static
../Core/Src/main.c:334:13:MX_USART1_UART_Init	8	static
../Core/Src/main.c:367:13:MX_DMA_Init	16	static
../Core/Src/main.c:407:13:MX_GPIO_Init	48	static
../Core/Src/main.c:504:6:StartDefaultTask	16	static
../Core/Src/main.c:522:6:vTaskLCD	24	static
../Core/Src/main.c:553:6:vTaskBlink	16	static
../Core/Src/main.c:572:6:vTaskLeds	16	static
../Core/Src/main.c:592:6:Error_Handler	4	static,ignoring_inline_asm
