../Core/Src/main.c:265:5:main	16	static
../Core/Src/main.c:396:13:vTaskMeasure	8	static
../Core/Src/main.c:413:13:vTaskReceiveUSB	4	static
../Core/Src/main.c:423:13:vTaskSendUSB	24	static
../Core/Src/main.c:474:13:vTaskCommandsHandler	24	static
../Core/Src/main.c:502:13:vTaskBlinkCommFailed	8	static
../Core/Src/main.c:519:13:vTaskSendData	4	static
../Core/Src/main.c:533:13:CommandProcess	24	static
../Core/Src/main.c:545:17:USBTransmit	16	static
../Core/Src/main.c:556:13:UART_Transmit	16	static
../Core/Src/main.c:608:6:HAL_TIM_PeriodElapsedCallback	16	static
../Core/Src/main.c:661:6:HAL_TIM_IC_CaptureCallback	16	static
../Core/Src/main.c:677:6:HAL_UART_TxCpltCallback	16	static
../Core/Src/main.c:686:6:HAL_UART_RxCpltCallback	16	static
../Core/Src/main.c:733:6:SystemClock_Config	88	static
../Core/Src/main.c:782:13:MX_I2C1_Init	8	static
../Core/Src/main.c:816:13:MX_I2C2_Init	8	static
../Core/Src/main.c:850:13:MX_IWDG_Init	8	static
../Core/Src/main.c:878:13:MX_RTC_Init	8	static
../Core/Src/main.c:913:13:MX_TIM1_Init	32	static
../Core/Src/main.c:959:13:MX_TIM2_Init	32	static
../Core/Src/main.c:1004:13:MX_TIM3_Init	64	static
../Core/Src/main.c:1063:13:MX_TIM4_Init	48	static
../Core/Src/main.c:1121:13:MX_TIM5_Init	32	static
../Core/Src/main.c:1166:13:MX_USART1_UART_Init	8	static
../Core/Src/main.c:1197:13:MX_DMA_Init	16	static
../Core/Src/main.c:1225:13:MX_GPIO_Init	48	static
../Core/Src/main.c:1285:6:Error_Handler	4	static,ignoring_inline_asm
