../Core/Src/main.c:226:5:main	8	static
../Core/Src/main.c:355:6:SystemClock_Config	88	static
../Core/Src/main.c:404:13:MX_I2C1_Init	8	static
../Core/Src/main.c:438:13:MX_I2C2_Init	8	static
../Core/Src/main.c:472:13:MX_IWDG_Init	8	static
../Core/Src/main.c:500:13:MX_RTC_Init	8	static
../Core/Src/main.c:535:13:MX_TIM1_Init	32	static
../Core/Src/main.c:581:13:MX_TIM2_Init	32	static
../Core/Src/main.c:626:13:MX_TIM3_Init	64	static
../Core/Src/main.c:685:13:MX_TIM4_Init	48	static
../Core/Src/main.c:743:13:MX_TIM5_Init	32	static
../Core/Src/main.c:788:13:MX_USART1_UART_Init	8	static
../Core/Src/main.c:819:13:MX_DMA_Init	16	static
../Core/Src/main.c:847:13:MX_GPIO_Init	48	static
../Core/Src/main.c:910:6:vTaskIdle	16	static
../Core/Src/main.c:932:6:vTaskModeManager	16	static
../Core/Src/main.c:946:6:vTaskPID	16	static
../Core/Src/main.c:960:6:vTaskCOM	16	static
../Core/Src/main.c:974:6:vTaskSensorActuator	24	static
../Core/Src/main.c:1005:6:vTaskWdgM	24	static
../Core/Src/main.c:1030:6:vTaskEcuM	16	static
../Core/Src/main.c:1044:6:vTaskDiagAppl	16	static
../Core/Src/main.c:1055:6:Error_Handler	4	static,ignoring_inline_asm
