../Core/Src/main.c:48:5:main	8	static
../Core/Src/main.c:78:13:vTaskEncoder	40	static
../Core/Src/main.c:93:6:HAL_GPIO_EXTI_Callback	48	static
../Core/Src/main.c:153:6:HAL_TIM_PeriodElapsedCallback	16	static
../Core/Src/main.c:158:13:TransferComplete	16	static
../Core/Src/main.c:163:13:TransferError	16	static
../Core/Src/main.c:172:6:SystemClock_Config	88	static
../Core/Src/main.c:218:13:MX_SPI1_Init	8	static
../Core/Src/main.c:256:13:MX_TIM1_Init	56	static
../Core/Src/main.c:306:13:MX_TIM2_Init	32	static
../Core/Src/main.c:351:13:MX_USART1_UART_Init	8	static
../Core/Src/main.c:384:13:MX_DMA_Init	16	static
../Core/Src/main.c:429:13:MX_GPIO_Init	48	static
../Core/Src/main.c:519:6:Error_Handler	16	static,ignoring_inline_asm
