../Core/Src/main.c:97:5:main	16	static
../Core/Src/main.c:201:6:HAL_TIM_PeriodElapsedCallback	16	static
../Core/Src/main.c:245:6:SystemClock_Config	88	static
../Core/Src/main.c:292:13:MX_I2C1_Init	8	static
../Core/Src/main.c:326:13:MX_I2C2_Init	8	static
../Core/Src/main.c:360:13:MX_RTC_Init	8	static
../Core/Src/main.c:395:13:MX_SPI2_Init	8	static
../Core/Src/main.c:433:13:MX_TIM1_Init	56	static
../Core/Src/main.c:483:13:MX_TIM3_Init	64	static
../Core/Src/main.c:542:13:MX_TIM4_Init	48	static
../Core/Src/main.c:600:13:MX_TIM9_Init	24	static
../Core/Src/main.c:636:13:MX_DMA_Init	16	static
../Core/Src/main.c:654:13:MX_GPIO_Init	48	static
../Core/Src/main.c:762:6:Error_Handler	4	static,ignoring_inline_asm
