../Core/Src/main.c:98:5:main	16	static
../Core/Src/main.c:202:6:HAL_TIM_PeriodElapsedCallback	16	static
../Core/Src/main.c:246:6:SystemClock_Config	88	static
../Core/Src/main.c:293:13:MX_I2C1_Init	8	static
../Core/Src/main.c:327:13:MX_I2C2_Init	8	static
../Core/Src/main.c:361:13:MX_RTC_Init	8	static
../Core/Src/main.c:396:13:MX_SPI2_Init	8	static
../Core/Src/main.c:434:13:MX_TIM1_Init	56	static
../Core/Src/main.c:484:13:MX_TIM3_Init	64	static
../Core/Src/main.c:543:13:MX_TIM4_Init	48	static
../Core/Src/main.c:601:13:MX_TIM9_Init	24	static
../Core/Src/main.c:637:13:MX_DMA_Init	16	static
../Core/Src/main.c:655:13:MX_GPIO_Init	48	static
../Core/Src/main.c:763:6:Error_Handler	4	static,ignoring_inline_asm
