../Core/Src/main.c:108:5:main	8	static
../Core/Src/main.c:199:6:SystemClock_Config	88	static
../Core/Src/main.c:246:13:MX_I2C1_Init	8	static
../Core/Src/main.c:280:13:MX_I2C2_Init	8	static
../Core/Src/main.c:314:13:MX_RTC_Init	8	static
../Core/Src/main.c:349:13:MX_TIM1_Init	32	static
../Core/Src/main.c:395:13:MX_TIM3_Init	64	static
../Core/Src/main.c:454:13:MX_USART1_UART_Init	8	static
../Core/Src/main.c:487:13:MX_GPIO_Init	48	static
../Core/Src/main.c:546:13:vTaskUSBSensor	40	static
../Core/Src/main.c:571:13:vTaskUSB	64	static
../Core/Src/main.c:637:13:vTaskBlink	8	static
../Core/Src/main.c:651:13:vTaskFan	4	static
../Core/Src/main.c:683:6:HAL_TIM_PeriodElapsedCallback	16	static
../Core/Src/main.c:688:6:HAL_UART_RxCpltCallback	24	static
../Core/Src/main.c:717:6:HAL_GPIO_EXTI_Callback	24	static
../Core/Src/main.c:731:6:Error_Handler	4	static,ignoring_inline_asm
