03:15:08 **** Build of configuration Debug for project MotherboardTest ****
make -j16 all 
arm-none-eabi-gcc "../Core/Src/main.c" -mcpu=cortex-m4 -std=gnu11 -g3 -DDEBUG -DUSE_HAL_DRIVER -DSTM32F411xE -c -I../Core/Inc -I../Drivers/STM32F4xx_HAL_Driver/Inc -I../Drivers/STM32F4xx_HAL_Driver/Inc/Legacy -I../Drivers/CMSIS/Device/ST/STM32F4xx/Include -I../Drivers/CMSIS/Include -I../USB_DEVICE/App -I../USB_DEVICE/Target -I../Middlewares/ST/STM32_USB_Device_Library/Core/Inc -I../Middlewares/ST/STM32_USB_Device_Library/Class/CDC/Inc -O0 -ffunction-sections -fdata-sections -Wall -fstack-usage -fcyclomatic-complexity -MMD -MP -MF"Core/Src/main.d" -MT"Core/Src/main.o" --specs=nano.specs -mfpu=fpv4-sp-d16 -mfloat-abi=hard -mthumb -o "Core/Src/main.o"
arm-none-eabi-gcc -o "MotherboardTest.elf" @"objects.list"   -mcpu=cortex-m4 -T"/home/lord448/Documentos/TEC/9no/ControlDigital/PneumaticLevitator/MotherboardTest/STM32F411CEUX_FLASH.ld" --specs=nosys.specs -Wl,-Map="MotherboardTest.map" -Wl,--gc-sections -static --specs=nano.specs -mfpu=fpv4-sp-d16 -mfloat-abi=hard -mthumb -Wl,--start-group -lc -lm -Wl,--end-group
Finished building target: MotherboardTest.elf
 
arm-none-eabi-size   MotherboardTest.elf 
arm-none-eabi-objdump -h -S  MotherboardTest.elf  > "MotherboardTest.list"
   text	   data	    bss	    dec	    hex	filename
  44856	    364	   9204	  54424	   d498	MotherboardTest.elf
Finished building: default.size.stdout
 
Finished building: MotherboardTest.list
 

03:15:08 Build Finished. 0 errors, 0 warnings. (took 483ms)

