00:31:03 **** Incremental Build of configuration Debug for project PeripherialTestRTOS ****
make -j16 all 
arm-none-eabi-gcc "../Core/Src/main.c" -mcpu=cortex-m4 -std=gnu11 -g3 -DDEBUG -DUSE_HAL_DRIVER -DSTM32F411xE -c -I../Core/Inc -I../Drivers/STM32F4xx_HAL_Driver/Inc -I../Drivers/STM32F4xx_HAL_Driver/Inc/Legacy -I../Drivers/CMSIS/Device/ST/STM32F4xx/Include -I../Drivers/CMSIS/Include -I../USB_DEVICE/App -I../USB_DEVICE/Target -I../Middlewares/Third_Party/FreeRTOS/Source/include -I../Middlewares/Third_Party/FreeRTOS/Source/CMSIS_RTOS_V2 -I../Middlewares/Third_Party/FreeRTOS/Source/portable/GCC/ARM_CM4F -I../Middlewares/ST/STM32_USB_Device_Library/Core/Inc -I../Middlewares/ST/STM32_USB_Device_Library/Class/CDC/Inc -I"/home/lord448/Documentos/TEC/9no/ControlDigital/PneumaticLevitator/PeripherialTestRTOS/Drivers/LCD" -I"/home/lord448/Documentos/TEC/9no/ControlDigital/PneumaticLevitator/PeripherialTestRTOS/Drivers/UGUI" -I"/home/lord448/Documentos/TEC/9no/ControlDigital/PneumaticLevitator/PeripherialTestRTOS/Drivers/UGUI/Fonts" -I"/home/lord448/Documentos/TEC/9no/ControlDigital/PneumaticLevitator/PeripherialTestRTOS/Drivers/VL53L0X/Api/core/inc" -I"/home/lord448/Documentos/TEC/9no/ControlDigital/PneumaticLevitator/PeripherialTestRTOS/Drivers/VL53L0X/Api/platform/inc" -O0 -ffunction-sections -fdata-sections -Wall -fstack-usage -fcyclomatic-complexity -MMD -MP -MF"Core/Src/main.d" -MT"Core/Src/main.o" --specs=nano.specs -mfpu=fpv4-sp-d16 -mfloat-abi=hard -mthumb -o "Core/Src/main.o"
arm-none-eabi-gcc -o "PeripherialTestRTOS.elf" @"objects.list"   -mcpu=cortex-m4 -T"/home/lord448/Documentos/TEC/9no/ControlDigital/PneumaticLevitator/PeripherialTestRTOS/STM32F411CEUX_FLASH.ld" --specs=nosys.specs -Wl,-Map="PeripherialTestRTOS.map" -Wl,--gc-sections -static --specs=nano.specs -mfpu=fpv4-sp-d16 -mfloat-abi=hard -mthumb -Wl,--start-group -lc -lm -Wl,--end-group
Finished building target: PeripherialTestRTOS.elf
 
arm-none-eabi-size   PeripherialTestRTOS.elf 
arm-none-eabi-objdump -h -S  PeripherialTestRTOS.elf  > "PeripherialTestRTOS.list"
   text	   data	    bss	    dec	    hex	filename
 101364	   1080	  28688	 131132	  2003c	PeripherialTestRTOS.elf
Finished building: default.size.stdout
 
Finished building: PeripherialTestRTOS.list
 

00:31:03 Build Finished. 0 errors, 0 warnings. (took 696ms)

